*** Using Compiler 'V5.06 update 7 (build 960)', folder: 'D:\MDK5\ARM\ARMCC\Bin'
Build target 'HAL_Beta'
compiling stm32h7xx_hal_cortex.c...
compiling stm32h7xx_hal_timebase_tim.c...
compiling stm32h7xx_hal_msp.c...
compiling usart.c...
compiling stm32h7xx_it.c...
compiling main.c...
compiling stm32h7xx_hal_rcc_ex.c...
compiling iwdg.c...
compiling freertos.c...
compiling gpio.c...
compiling stm32h7xx_hal_rcc.c...
compiling stm32h7xx_hal_hsem.c...
compiling stm32h7xx_hal_flash.c...
compiling stm32h7xx_hal_gpio.c...
compiling stm32h7xx_hal_pwr.c...
compiling stm32h7xx_hal_flash_ex.c...
compiling stm32h7xx_hal_mdma.c...
compiling stm32h7xx_hal_pwr_ex.c...
compiling stm32h7xx_hal.c...
compiling stm32h7xx_hal_dma_ex.c...
compiling stm32h7xx_hal_i2c.c...
compiling Guard_Task.cpp...
..\Task\Guard_Task.cpp(181): error:  #20: identifier "IWDG_WriteAccess_Enable" is undefined
      IWDG_WriteAccessCmd(IWDG_WriteAccess_Enable);
..\Task\Guard_Task.cpp(181): error:  #20: identifier "IWDG_WriteAccessCmd" is undefined
      IWDG_WriteAccessCmd(IWDG_WriteAccess_Enable);
..\Task\Guard_Task.cpp(183): error:  #20: identifier "IWDG_SetPrescaler" is undefined
      IWDG_SetPrescaler(prer);
..\Task\Guard_Task.cpp(185): error:  #20: identifier "IWDG_SetReload" is undefined
      IWDG_SetReload(rlr);
..\Task\Guard_Task.cpp(187): error:  #20: identifier "IWDG_ReloadCounter" is undefined
      IWDG_ReloadCounter();
..\Task\Guard_Task.cpp(189): error:  #20: identifier "IWDG_Enable" is undefined
      IWDG_Enable();
..\Task\Guard_Task.cpp(195): error:  #20: identifier "hiwdg" is undefined
  	HAL_IWDG_Refresh(&hiwdg);
..\Task\Guard_Task.cpp(195): error:  #20: identifier "HAL_IWDG_Refresh" is undefined
  	HAL_IWDG_Refresh(&hiwdg);
..\Task\Guard_Task.cpp(200): error:  #20: identifier "SCB" is undefined
      SCB->AIRCR = (uint32_t)((0x5FAUL << SCB_AIRCR_VECTKEY_Pos) |
..\Task\Guard_Task.cpp(200): error:  #20: identifier "SCB_AIRCR_VECTKEY_Pos" is undefined
      SCB->AIRCR = (uint32_t)((0x5FAUL << SCB_AIRCR_VECTKEY_Pos) |
..\Task\Guard_Task.cpp(201): error:  #20: identifier "SCB_AIRCR_PRIGROUP_Msk" is undefined
          (SCB->AIRCR & SCB_AIRCR_PRIGROUP_Msk) |
..\Task\Guard_Task.cpp(202): error:  #20: identifier "SCB_AIRCR_SYSRESETREQ_Msk" is undefined
          SCB_AIRCR_SYSRESETREQ_Msk);
..\Task\Guard_Task.cpp: 0 warnings, 12 errors
compiling stm32h7xx_hal_dma.c...
compiling stm32h7xx_hal_i2c_ex.c...
compiling stm32h7xx_hal_iwdg.c...
compiling stm32h7xx_hal_uart_ex.c...
compiling stm32h7xx_hal_exti.c...
compiling system_stm32h7xx.c...
compiling stm32h7xx_hal_tim_ex.c...
compiling Message_Task.cpp...
compiling stm32h7xx_hal_uart.c...
compiling cmsis_os2.c...
compiling stm32h7xx_hal_tim.c...
compiling app_serial.cpp...
compiling dev_serial.cpp...
"HAL_Beta\HAL_Beta.axf" - 12 Error(s), 0 Warning(s).
Target not created.
Build Time Elapsed:  00:00:56
