Component: ARM Compiler 5.06 update 7 (build 960) Tool: armlink [4d3601]

==============================================================================

Section Cross References

    startup_stm32h723xx.o(STACK) refers (Special) to heapauxi.o(.text) for __use_two_region_memory
    startup_stm32h723xx.o(HEAP) refers (Special) to heapauxi.o(.text) for __use_two_region_memory
    startup_stm32h723xx.o(RESET) refers (Special) to heapauxi.o(.text) for __use_two_region_memory
    startup_stm32h723xx.o(RESET) refers to startup_stm32h723xx.o(STACK) for __initial_sp
    startup_stm32h723xx.o(RESET) refers to startup_stm32h723xx.o(.text) for Reset_Handler
    startup_stm32h723xx.o(RESET) refers to stm32h7xx_it.o(i.NMI_Handler) for NMI_Handler
    startup_stm32h723xx.o(RESET) refers to stm32h7xx_it.o(i.HardFault_Handler) for HardFault_Handler
    startup_stm32h723xx.o(RESET) refers to stm32h7xx_it.o(i.MemManage_Handler) for MemManage_Handler
    startup_stm32h723xx.o(RESET) refers to stm32h7xx_it.o(i.BusFault_Handler) for BusFault_Handler
    startup_stm32h723xx.o(RESET) refers to stm32h7xx_it.o(i.UsageFault_Handler) for UsageFault_Handler
    startup_stm32h723xx.o(RESET) refers to port.o(.emb_text) for SVC_Handler
    startup_stm32h723xx.o(RESET) refers to stm32h7xx_it.o(i.DebugMon_Handler) for DebugMon_Handler
    startup_stm32h723xx.o(RESET) refers to cmsis_os2.o(i.SysTick_Handler) for SysTick_Handler
    startup_stm32h723xx.o(RESET) refers to stm32h7xx_it.o(i.DMA1_Stream0_IRQHandler) for DMA1_Stream0_IRQHandler
    startup_stm32h723xx.o(RESET) refers to stm32h7xx_it.o(i.DMA1_Stream1_IRQHandler) for DMA1_Stream1_IRQHandler
    startup_stm32h723xx.o(RESET) refers to stm32h7xx_it.o(i.DMA1_Stream2_IRQHandler) for DMA1_Stream2_IRQHandler
    startup_stm32h723xx.o(RESET) refers to stm32h7xx_it.o(i.DMA1_Stream3_IRQHandler) for DMA1_Stream3_IRQHandler
    startup_stm32h723xx.o(RESET) refers to stm32h7xx_it.o(i.DMA1_Stream4_IRQHandler) for DMA1_Stream4_IRQHandler
    startup_stm32h723xx.o(RESET) refers to stm32h7xx_it.o(i.DMA1_Stream5_IRQHandler) for DMA1_Stream5_IRQHandler
    startup_stm32h723xx.o(RESET) refers to stm32h7xx_it.o(i.DMA1_Stream6_IRQHandler) for DMA1_Stream6_IRQHandler
    startup_stm32h723xx.o(RESET) refers to stm32h7xx_it.o(i.FDCAN1_IT0_IRQHandler) for FDCAN1_IT0_IRQHandler
    startup_stm32h723xx.o(RESET) refers to stm32h7xx_it.o(i.FDCAN2_IT0_IRQHandler) for FDCAN2_IT0_IRQHandler
    startup_stm32h723xx.o(RESET) refers to stm32h7xx_it.o(i.TIM1_UP_IRQHandler) for TIM1_UP_IRQHandler
    startup_stm32h723xx.o(RESET) refers to stm32h7xx_it.o(i.USART1_IRQHandler) for USART1_IRQHandler
    startup_stm32h723xx.o(RESET) refers to stm32h7xx_it.o(i.USART2_IRQHandler) for USART2_IRQHandler
    startup_stm32h723xx.o(RESET) refers to stm32h7xx_it.o(i.UART4_IRQHandler) for UART4_IRQHandler
    startup_stm32h723xx.o(RESET) refers to stm32h7xx_it.o(i.UART5_IRQHandler) for UART5_IRQHandler
    startup_stm32h723xx.o(RESET) refers to stm32h7xx_it.o(i.FDCAN3_IT0_IRQHandler) for FDCAN3_IT0_IRQHandler
    startup_stm32h723xx.o(.text) refers (Special) to heapauxi.o(.text) for __use_two_region_memory
    startup_stm32h723xx.o(.text) refers to system_stm32h7xx.o(i.SystemInit) for SystemInit
    startup_stm32h723xx.o(.text) refers to __main.o(!!!main) for __main
    startup_stm32h723xx.o(.text) refers to startup_stm32h723xx.o(HEAP) for Heap_Mem
    startup_stm32h723xx.o(.text) refers to startup_stm32h723xx.o(STACK) for Stack_Mem
    main.o(i.HAL_TIM_PeriodElapsedCallback) refers to stm32h7xx_hal.o(i.HAL_IncTick) for HAL_IncTick
    main.o(i.PeriphCommonClock_Config) refers to rt_memclr_w.o(.text) for __aeabi_memclr4
    main.o(i.PeriphCommonClock_Config) refers to stm32h7xx_hal_rcc_ex.o(i.HAL_RCCEx_PeriphCLKConfig) for HAL_RCCEx_PeriphCLKConfig
    main.o(i.SystemClock_Config) refers to rt_memclr_w.o(.text) for __aeabi_memclr4
    main.o(i.SystemClock_Config) refers to stm32h7xx_hal_pwr_ex.o(i.HAL_PWREx_ConfigSupply) for HAL_PWREx_ConfigSupply
    main.o(i.SystemClock_Config) refers to stm32h7xx_hal_rcc.o(i.HAL_RCC_OscConfig) for HAL_RCC_OscConfig
    main.o(i.SystemClock_Config) refers to stm32h7xx_hal_rcc.o(i.HAL_RCC_ClockConfig) for HAL_RCC_ClockConfig
    main.o(i.main) refers to stm32h7xx_hal.o(i.HAL_Init) for HAL_Init
    main.o(i.main) refers to main.o(i.SystemClock_Config) for SystemClock_Config
    main.o(i.main) refers to main.o(i.PeriphCommonClock_Config) for PeriphCommonClock_Config
    main.o(i.main) refers to gpio.o(i.MX_GPIO_Init) for MX_GPIO_Init
    main.o(i.main) refers to dma.o(i.MX_DMA_Init) for MX_DMA_Init
    main.o(i.main) refers to usart.o(i.MX_USART1_UART_Init) for MX_USART1_UART_Init
    main.o(i.main) refers to usart.o(i.MX_USART2_UART_Init) for MX_USART2_UART_Init
    main.o(i.main) refers to usart.o(i.MX_UART4_Init) for MX_UART4_Init
    main.o(i.main) refers to usart.o(i.MX_UART5_Init) for MX_UART5_Init
    main.o(i.main) refers to tim.o(i.MX_TIM2_Init) for MX_TIM2_Init
[...]
    Serialctrl::attachInterrupt(void(*)(bool)) 0x08008d9f   Thumb Code     4  dev_serial.o(i._ZN10Serialctrl15attachInterruptEPFvbE)
    Serialctrl::peek()                       0x08008da3   Thumb Code    22  dev_serial.o(i._ZN10Serialctrl4peekEv)
    Serialctrl::read()                       0x08008db9   Thumb Code    24  dev_serial.o(i._ZN10Serialctrl4readEv)
    Serialctrl::sendData(const void*, unsigned char) 0x08008dd1   Thumb Code    42  dev_serial.o(i._ZN10Serialctrl8sendDataEPKvh)
    Serialctrl::sendData(unsigned char)      0x08008dfb   Thumb Code    36  dev_serial.o(i._ZN10Serialctrl8sendDataEh)
    Serialctrl::available()                  0x08008e1f   Thumb Code    20  dev_serial.o(i._ZN10Serialctrl9availableEv)
    Serialctrl::Serialctrl(__UART_HandleTypeDef*, __DMA_HandleTypeDef*, unsigned, unsigned char) 0x08008e33   Thumb Code    34  dev_serial.o(i._ZN10SerialctrlC1EP20__UART_HandleTypeDefP19__DMA_HandleTypeDefjh)
    Serialctrl::Serialctrl__sub_object(__UART_HandleTypeDef*, __DMA_HandleTypeDef*, unsigned, unsigned char) 0x08008e33   Thumb Code     0  dev_serial.o(i._ZN10SerialctrlC1EP20__UART_HandleTypeDefP19__DMA_HandleTypeDefjh)
    Gimbal_Ctrl::Gimbal_Init()               0x08008e55   Thumb Code   918  gimbal_task.o(i._ZN11Gimbal_Ctrl11Gimbal_InitEv)
    Gimbal_Ctrl::Control_loop()              0x08009251   Thumb Code   470  gimbal_task.o(i._ZN11Gimbal_Ctrl12Control_loopEv)
    Gimbal_Ctrl::RC_to_Control(float*, float*) 0x08009435   Thumb Code   164  gimbal_task.o(i._ZN11Gimbal_Ctrl13RC_to_ControlEPfS0_)
    Gimbal_Ctrl::Behaviour_Mode()            0x080094e9   Thumb Code   342  gimbal_task.o(i._ZN11Gimbal_Ctrl14Behaviour_ModeEv)
    Gimbal_Ctrl::Feedback_Update()           0x08009641   Thumb Code   280  gimbal_task.o(i._ZN11Gimbal_Ctrl15Feedback_UpdateEv)
    Gimbal_Ctrl::Behaviour_Control(float*, float*) 0x0800976d   Thumb Code    52  gimbal_task.o(i._ZN11Gimbal_Ctrl17Behaviour_ControlEPfS0_)
    Gimbal_Ctrl::Flag_Behaviour_Control()    0x080097a9   Thumb Code   458  gimbal_task.o(i._ZN11Gimbal_Ctrl22Flag_Behaviour_ControlEv)
    Gimbal_Ctrl::motor_relative_ECD_to_angle(unsigned short, unsigned short) 0x08009999   Thumb Code    46  gimbal_task.o(i._ZN11Gimbal_Ctrl27motor_relative_ECD_to_angleEtt)
    Gimbal_Ctrl::Control()                   0x080099cd   Thumb Code   146  gimbal_task.o(i._ZN11Gimbal_Ctrl7ControlEv)
    Serial_Ctrl::Send_to_Message(Serialctrl*, bool) 0x08009a65   Thumb Code   168  app_serial.o(i._ZN11Serial_Ctrl15Send_to_MessageEP10Serialctrlb)
    Serial_Ctrl::Hook(USART_TypeDef*, bool)  0x08009b29   Thumb Code    92  app_serial.o(i._ZN11Serial_Ctrl4HookEP13USART_TypeDefb)
    Serial_Ctrl::Handle(Serialctrl*, Serial_Data_t*, bool) 0x08009ba5   Thumb Code   564  app_serial.o(i._ZN11Serial_Ctrl6HandleEP10SerialctrlP13Serial_Data_tb)
    Serial_Ctrl::Serial_Ctrl()               0x08009de9   Thumb Code   106  app_serial.o(i._ZN11Serial_CtrlC1Ev)
    Serial_Ctrl::Serial_Ctrl__sub_object()   0x08009de9   Thumb Code     0  app_serial.o(i._ZN11Serial_CtrlC1Ev)
    Message_Ctrl::CAN1_Process(unsigned*)    0x08009e55   Thumb Code   134  message_task.o(i._ZN12Message_Ctrl12CAN1_ProcessEPj)
    Message_Ctrl::CAN2_Process(unsigned*)    0x08009ee9   Thumb Code   146  message_task.o(i._ZN12Message_Ctrl12CAN2_ProcessEPj)
    Message_Ctrl::Serialx_Hook(unsigned char*, Serialctrl*) 0x08009f89   Thumb Code    70  message_task.o(i._ZN12Message_Ctrl12Serialx_HookEPhP10Serialctrl)
    Message_Ctrl::Gyro_CAN_Hook(unsigned*, unsigned char*) 0x08009fe5   Thumb Code   472  message_task.o(i._ZN12Message_Ctrl13Gyro_CAN_HookEPjPh)
    Message_Ctrl::Gyro_Serial_Hook(unsigned char*) 0x0800a1c5   Thumb Code   260  message_task.o(i._ZN12Message_Ctrl16Gyro_Serial_HookEPh)
    Message_Ctrl::Target_Speed_Calc(speed_calc_data_t*, unsigned, float) 0x0800a2e1   Thumb Code    86  message_task.o(i._ZN12Message_Ctrl17Target_Speed_CalcEP17speed_calc_data_tjf)
    Message_Ctrl::Visual_Serial_Hook(unsigned char*) 0x0800a33d   Thumb Code   176  message_task.o(i._ZN12Message_Ctrl18Visual_Serial_HookEPh)
    Message_Ctrl::Chassis_Serial_Hook(unsigned char*) 0x0800a3f1   Thumb Code    22  message_task.o(i._ZN12Message_Ctrl19Chassis_Serial_HookEPh)
    Message_Ctrl::Init()                     0x0800a40d   Thumb Code    26  message_task.o(i._ZN12Message_Ctrl4InitEv)
    Serial_Data_t::Serial_Data_t(unsigned char, unsigned char, unsigned char, unsigned char, unsigned char, unsigned char, unsigned char, unsigned char) 0x0800a431   Thumb Code    70  app_serial.o(i._ZN13Serial_Data_tC1Ehhhhhhhh)
    Serial_Data_t::Serial_Data_t__sub_object(unsigned char, unsigned char, unsigned char, unsigned char, unsigned char, unsigned char, unsigned char, unsigned char) 0x0800a431   Thumb Code     0  app_serial.o(i._ZN13Serial_Data_tC1Ehhhhhhhh)
    Motor_CAN_Ctrl::Get_Motor_Measure_Pointer(unsigned char) 0x0800a477   Thumb Code    12  gimbal_task.o(i._ZN14Motor_CAN_Ctrl25Get_Motor_Measure_PointerEh)
    Motor_CAN_Ctrl::GetData(unsigned char)   0x0800a483   Thumb Code    16  message_task.o(i._ZN14Motor_CAN_Ctrl7GetDataEh)
    Motor_CAN_Ctrl::Motor_CAN_Ctrl(FDCAN_HandleTypeDef*, unsigned, unsigned char) 0x0800a493   Thumb Code    26  app_motor.o(i._ZN14Motor_CAN_CtrlC1EP19FDCAN_HandleTypeDefjh)
    Motor_CAN_Ctrl::Motor_CAN_Ctrl__sub_object(FDCAN_HandleTypeDef*, unsigned, unsigned char) 0x0800a493   Thumb Code     0  app_motor.o(i._ZN14Motor_CAN_CtrlC1EP19FDCAN_HandleTypeDefjh)
    correspondence_ctrl::Corres_Calc()       0x0800a4ad   Thumb Code   152  correspond_task.o(i._ZN19correspondence_ctrl11Corres_CalcEv)
    correspondence_ctrl::Corres_Init()       0x0800a54d   Thumb Code    44  correspond_task.o(i._ZN19correspondence_ctrl11Corres_InitEv)
    correspondence_ctrl::Corres_Send()       0x0800a579   Thumb Code    72  correspond_task.o(i._ZN19correspondence_ctrl11Corres_SendEv)
    correspondence_ctrl::Corres_Feedback()   0x0800a5cd   Thumb Code   218  correspond_task.o(i._ZN19correspondence_ctrl15Corres_FeedbackEv)
    correspondence_ctrl::RGB_Send()          0x0800a6bd   Thumb Code   212  correspond_task.o(i._ZN19correspondence_ctrl8RGB_SendEv)
    correspondence_ctrl::correspondence_ctrl() 0x0800a799   Thumb Code   220  correspond_task.o(i._ZN19correspondence_ctrlC1Ev)
    correspondence_ctrl::correspondence_ctrl__sub_object() 0x0800a799   Thumb Code     0  correspond_task.o(i._ZN19correspondence_ctrlC1Ev)
    kalman_filter_init_t_matrix::kalman_filter_init_t_matrix(Matrix&, Matrix&, Matrix&, Matrix&, Matrix&) 0x0800a885   Thumb Code    88  correspond_task.o(i._ZN27kalman_filter_init_t_matrixC1ER6MatrixS1_S1_S1_S1_)
    kalman_filter_init_t_matrix::kalman_filter_init_t_matrix__sub_object(Matrix&, Matrix&, Matrix&, Matrix&, Matrix&) 0x0800a885   Thumb Code     0  correspond_task.o(i._ZN27kalman_filter_init_t_matrixC1ER6MatrixS1_S1_S1_S1_)
    Buffer::Buffer_Read(RingBuffer*, unsigned char*) 0x0800a8dd   Thumb Code    54  drivers_buffer.o(i._ZN6Buffer11Buffer_ReadEP10RingBufferPh)
    Buffer::Buffer_Write(RingBuffer*, unsigned char) 0x0800a913   Thumb Code    48  drivers_buffer.o(i._ZN6Buffer12Buffer_WriteEP10RingBufferh)
    Buffer::newBuffer(RingBuffer*, unsigned short) 0x0800a943   Thumb Code    42  drivers_buffer.o(i._ZN6Buffer9newBufferEP10RingBuffert)
    Matrix::Matrix(float, float, float, float) 0x0800a96d   Thumb Code    62  correspond_task.o(i._ZN6MatrixC1Effff)
    Matrix::Matrix__sub_object(float, float, float, float) 0x0800a96d   Thumb Code     0  correspond_task.o(i._ZN6MatrixC1Effff)
    Matrix::Matrix()                         0x0800a9ab   Thumb Code    16  correspond_task.o(i._ZN6MatrixC1Ev)
    Matrix::Matrix__sub_object()             0x0800a9ab   Thumb Code     0  correspond_task.o(i._ZN6MatrixC1Ev)
    CANctrl::IRQHandler(FDCAN_HandleTypeDef*, unsigned) 0x0800a9bb   Thumb Code    78  dev_can.o(i._ZN7CANctrl10IRQHandlerEP19FDCAN_HandleTypeDefj)
    CANctrl::attachInterrupt(void(*)(unsigned*)) 0x0800aa09   Thumb Code     4  dev_can.o(i._ZN7CANctrl15attachInterruptEPFvPjE)
    CANctrl::read()                          0x0800aa0d   Thumb Code    24  dev_can.o(i._ZN7CANctrl4readEv)
    CANctrl::ChangeID(unsigned short)        0x0800aa25   Thumb Code     4  dev_can.o(i._ZN7CANctrl8ChangeIDEt)
    CANctrl::SendData(const void*, unsigned char) 0x0800aa29   Thumb Code    44  dev_can.o(i._ZN7CANctrl8SendDataEPKvh)
    CANctrl::CANctrl(FDCAN_HandleTypeDef*, unsigned) 0x0800aa55   Thumb Code    26  dev_can.o(i._ZN7CANctrlC1EP19FDCAN_HandleTypeDefj)
    CANctrl::CANctrl__sub_object(FDCAN_HandleTypeDef*, unsigned) 0x0800aa55   Thumb Code     0  dev_can.o(i._ZN7CANctrlC1EP19FDCAN_HandleTypeDefj)
    CAN_Ctrl::SendData(Motor_CAN_Ctrl*, short, short) 0x0800aa6f   Thumb Code    38  app_motor.o(i._ZN8CAN_Ctrl8SendDataEP14Motor_CAN_Ctrlss)
    CAN_Ctrl::SendData(Motor_CAN_Ctrl*, short, short, short) 0x0800aa95   Thumb Code    50  app_motor.o(i._ZN8CAN_Ctrl8SendDataEP14Motor_CAN_Ctrlsss)
    CAN_Ctrl::SendData(FDCAN_HandleTypeDef*, unsigned, const void*, unsigned char) 0x0800aac9   Thumb Code    54  app_motor.o(i._ZN8CAN_Ctrl8SendDataEP19FDCAN_HandleTypeDefjPKvh)
    CAN_Ctrl::SendData(CANctrl*, unsigned, const void*, unsigned char) 0x0800ab11   Thumb Code    30  app_motor.o(i._ZN8CAN_Ctrl8SendDataEP7CANctrljPKvh)
    PID_Ctrl::Calc(sPidTypeDef*, float, float) 0x0800ab31   Thumb Code   380  algorithm_pid.o(i._ZN8PID_Ctrl4CalcEP11sPidTypeDefff)
    PID_Ctrl::Init(sPidTypeDef*, PidMode, float, float, float, float, float, float) 0x0800acb1   Thumb Code    14  algorithm_pid.o(i._ZN8PID_Ctrl4InitEP11sPidTypeDef7PidModeffffff)
    rc_key_c::rc_key_v_set(RC_ctrl_t*)       0x0800acbf   Thumb Code    96  message_task.o(i._ZN8rc_key_c12rc_key_v_setEP9RC_ctrl_t)
    rc_key_c::read_key_even(count_num_key*, bool*) 0x0800ad1f   Thumb Code    14  message_task.o(i._ZN8rc_key_c13read_key_evenEP13count_num_keyPb)
    rc_key_c::sum_key_count(short, count_num_key*) 0x0800ad2d   Thumb Code    32  message_task.o(i._ZN8rc_key_c13sum_key_countEsP13count_num_key)
    rc_key_c::read_key_single(count_num_key*) 0x0800ad4d   Thumb Code    16  message_task.o(i._ZN8rc_key_c15read_key_singleEP13count_num_key)
    rc_key_c::read_key_single(count_num_key*, bool*) 0x0800ad5d   Thumb Code    32  message_task.o(i._ZN8rc_key_c15read_key_singleEP13count_num_keyPb)
    rc_key_c::read_key(count_num_key*, key_count_e, bool*) 0x0800ad7d   Thumb Code    30  message_task.o(i._ZN8rc_key_c8read_keyEP13count_num_key11key_count_ePb)
    rc_key_c::read_key(count_num_key*, key_count_e, bool) 0x0800ad9b   Thumb Code    36  message_task.o(i._ZN8rc_key_c8read_keyEP13count_num_key11key_count_eb)
    Statistic::Rate_Do_Execute(unsigned short) 0x0800adbf   Thumb Code    38  drivers_statistic.o(i._ZN9Statistic15Rate_Do_ExecuteEt)
    Statistic::Statistic_Update(unsigned)    0x0800ade5   Thumb Code    82  drivers_statistic.o(i._ZN9Statistic16Statistic_UpdateEj)
    operator new[] (unsigned)                0x0800ae3d   Thumb Code     8  array_new.o(i._Znaj)
    operator new(unsigned)                   0x0800ae45   Thumb Code    34  new.o(i._Znwj)
    main                                     0x0800af9d   Thumb Code    70  main.o(i.main)
    osDelay                                  0x0800afe3   Thumb Code    28  cmsis_os2.o(i.osDelay)
    osKernelInitialize                       0x0800b001   Thumb Code    32  cmsis_os2.o(i.osKernelInitialize)
    osKernelStart                            0x0800b025   Thumb Code    48  cmsis_os2.o(i.osKernelStart)
    osThreadNew                              0x0800b05d   Thumb Code   144  cmsis_os2.o(i.osThreadNew)
    pvPortMalloc                             0x0800b885   Thumb Code   216  heap_4.o(i.pvPortMalloc)
    pxPortInitialiseStack                    0x0800b961   Thumb Code    42  port.o(i.pxPortInitialiseStack)
    sbus_to_rc                               0x0800b991   Thumb Code   180  protocol_dbus.o(i.sbus_to_rc)
    uxListRemove                             0x0800ba45   Thumb Code    38  list.o(i.uxListRemove)
    vApplicationGetIdleTaskMemory            0x0800ba6d   Thumb Code    18  cmsis_os2.o(i.vApplicationGetIdleTaskMemory)
    vApplicationGetTimerTaskMemory           0x0800ba85   Thumb Code    20  cmsis_os2.o(i.vApplicationGetTimerTaskMemory)
    vListInitialise                          0x0800ba9d   Thumb Code    22  list.o(i.vListInitialise)
    vListInitialiseItem                      0x0800bab3   Thumb Code     6  list.o(i.vListInitialiseItem)
    vListInsert                              0x0800bab9   Thumb Code    48  list.o(i.vListInsert)
    vListInsertEnd                           0x0800bae9   Thumb Code    24  list.o(i.vListInsertEnd)
    vPortEnterCritical                       0x0800bb01   Thumb Code    54  port.o(i.vPortEnterCritical)
    vPortExitCritical                        0x0800bb41   Thumb Code    34  port.o(i.vPortExitCritical)
    vPortFree                                0x0800bb69   Thumb Code    94  heap_4.o(i.vPortFree)
    vPortSetupTimerInterrupt                 0x0800bbcd   Thumb Code    32  port.o(i.vPortSetupTimerInterrupt)
    vPortValidateInterruptPriority           0x0800bbf1   Thumb Code    74  port.o(i.vPortValidateInterruptPriority)
    vQueueAddToRegistry                      0x0800bc45   Thumb Code    34  queue.o(i.vQueueAddToRegistry)
    vQueueWaitForMessageRestricted           0x0800bc6d   Thumb Code    68  queue.o(i.vQueueWaitForMessageRestricted)
    vTaskDelay                               0x0800bcb1   Thumb Code    66  tasks.o(i.vTaskDelay)
    vTaskInternalSetTimeOutState             0x0800bcfd   Thumb Code    12  tasks.o(i.vTaskInternalSetTimeOutState)
    vTaskMissedYield                         0x0800bd0d   Thumb Code     8  tasks.o(i.vTaskMissedYield)
    vTaskPlaceOnEventList                    0x0800bd19   Thumb Code    44  tasks.o(i.vTaskPlaceOnEventList)
    vTaskPlaceOnEventListRestricted          0x0800bd49   Thumb Code    52  tasks.o(i.vTaskPlaceOnEventListRestricted)
    vTaskStartScheduler                      0x0800bd81   Thumb Code   118  tasks.o(i.vTaskStartScheduler)
    vTaskSuspendAll                          0x0800be09   Thumb Code    10  tasks.o(i.vTaskSuspendAll)
    vTaskSwitchContext                       0x0800be19   Thumb Code    90  tasks.o(i.vTaskSwitchContext)
    xPortStartScheduler                      0x0800be7d   Thumb Code   222  port.o(i.xPortStartScheduler)
    xPortSysTickHandler                      0x0800bf71   Thumb Code    38  port.o(i.xPortSysTickHandler)
    xQueueGenericCreate                      0x0800bf9d   Thumb Code    66  queue.o(i.xQueueGenericCreate)
    xQueueGenericCreateStatic                0x0800bfdf   Thumb Code   102  queue.o(i.xQueueGenericCreateStatic)
    xQueueGenericReset                       0x0800c045   Thumb Code   144  queue.o(i.xQueueGenericReset)
    xQueueGenericSend                        0x0800c0d9   Thumb Code   346  queue.o(i.xQueueGenericSend)
    xQueueGenericSendFromISR                 0x0800c239   Thumb Code   190  queue.o(i.xQueueGenericSendFromISR)
    xQueueReceive                            0x0800c2f9   Thumb Code   310  queue.o(i.xQueueReceive)
    xTaskCheckForTimeOut                     0x0800c435   Thumb Code   116  tasks.o(i.xTaskCheckForTimeOut)
    xTaskCreate                              0x0800c4ad   Thumb Code    90  tasks.o(i.xTaskCreate)
    xTaskCreateStatic                        0x0800c507   Thumb Code    86  tasks.o(i.xTaskCreateStatic)
    xTaskGetSchedulerState                   0x0800c55d   Thumb Code    22  tasks.o(i.xTaskGetSchedulerState)
    xTaskGetTickCount                        0x0800c579   Thumb Code     6  tasks.o(i.xTaskGetTickCount)
    xTaskIncrementTick                       0x0800c585   Thumb Code   192  tasks.o(i.xTaskIncrementTick)
    xTaskPriorityDisinherit                  0x0800c64d   Thumb Code   116  tasks.o(i.xTaskPriorityDisinherit)
    xTaskRemoveFromEventList                 0x0800c6c9   Thumb Code   100  tasks.o(i.xTaskRemoveFromEventList)
    xTaskResumeAll                           0x0800c739   Thumb Code   184  tasks.o(i.xTaskResumeAll)
    xTimerCreateTimerTask                    0x0800c7fd   Thumb Code    78  timers.o(i.xTimerCreateTimerTask)
    xTimerGenericCommand                     0x0800c85d   Thumb Code    98  timers.o(i.xTimerGenericCommand)
    bool ValidData::IsInvalid<float>(T1)     0x0800c8c5   Thumb Code    68  gimbal_task.o(t._ZN9ValidData9IsInvalidIfEEbT_)
    _fp_init                                 0x0800c919   Thumb Code    10  fpinit.o(x$fpl$fpinit)
    __fplib_config_fpu_vfp                   0x0800c921   Thumb Code     0  fpinit.o(x$fpl$fpinit)
    __fplib_config_pureend_doubles           0x0800c921   Thumb Code     0  fpinit.o(x$fpl$fpinit)
    defaultTask_attributes                   0x0800c924   Data          36  freertos.o(.constdata)
    RTOSsystem_task_attributes               0x0800c948   Data          36  freertos.o(.constdata)
    Gimbal_task_attributes                   0x0800c96c   Data          36  freertos.o(.constdata)
    Guard_task_attributes                    0x0800c990   Data          36  freertos.o(.constdata)
    Correspond_task_attributes               0x0800c9b4   Data          36  freertos.o(.constdata)
    Message_task_attributes                  0x0800c9d8   Data          36  freertos.o(.constdata)
    CAN1_Rx_task_attributes                  0x0800c9fc   Data          36  freertos.o(.constdata)
    CAN2_Rx_task_attributes                  0x0800ca20   Data          36  freertos.o(.constdata)
    Serial_Rx_task_attributes                0x0800ca44   Data          36  freertos.o(.constdata)
    DR16_Rx_task_attributes                  0x0800ca68   Data          36  freertos.o(.constdata)
    UARTPrescTable                           0x0800caf0   Data          24  stm32h7xx_hal_uart.o(.constdata)
    D1CorePrescTable                         0x0800cb18   Data          16  system_stm32h7xx.o(.constdata)
    Region$$Table$$Base                      0x0800cebc   Number         0  anon$$obj.o(Region$$Table)
    Region$$Table$$Limit                     0x0800cedc   Number         0  anon$$obj.o(Region$$Table)
    SHT$$INIT_ARRAY$$Base                    0x0800cedc   Number         0  correspond_task.o(.init_array)
    SHT$$INIT_ARRAY$$Limit                   0x0800cef8   Number         0  init_aeabi.o(.init_array)
    defaultTaskHandle                        0x24000000   Data           4  freertos.o(.data)
    RTOSsystem_taskHandle                    0x24000004   Data           4  freertos.o(.data)
    Gimbal_taskHandle                        0x24000008   Data           4  freertos.o(.data)
    Guard_taskHandle                         0x2400000c   Data           4  freertos.o(.data)
    Correspond_taskHandle                    0x24000010   Data           4  freertos.o(.data)
    Message_taskHandle                       0x24000014   Data           4  freertos.o(.data)
    CAN1_Rx_taskHandle                       0x24000018   Data           4  freertos.o(.data)
    CAN2_Rx_taskHandle                       0x2400001c   Data           4  freertos.o(.data)
    Serial_Rx_taskHandle                     0x24000020   Data           4  freertos.o(.data)
    DR16_Rx_taskHandle                       0x24000024   Data           4  freertos.o(.data)
    Message_Queue                            0x24000028   Data           4  freertos.o(.data)
    CAN1_Rx_Queue                            0x2400002c   Data           4  freertos.o(.data)
    CAN2_Rx_Queue                            0x24000030   Data           4  freertos.o(.data)
    Serial_Rx_Queue                          0x24000034   Data           4  freertos.o(.data)
    DR16_Rx_Queue                            0x24000038   Data           4  freertos.o(.data)
    uwTickFreq                               0x24000040   Data           1  stm32h7xx_hal.o(.data)
    uwTickPrio                               0x24000044   Data           4  stm32h7xx_hal.o(.data)
    uwTick                                   0x24000048   Data           4  stm32h7xx_hal.o(.data)
    SystemCoreClock                          0x2400004c   Data           4  system_stm32h7xx.o(.data)
    SystemD2Clock                            0x24000050   Data           4  system_stm32h7xx.o(.data)
    pxCurrentTCB                             0x24000054   Data           4  tasks.o(.data)
    matrix_value1                            0x240000f8   Data           4  algorithm_kalman.o(.data)
    matrix_value2                            0x240000fc   Data           4  algorithm_kalman.o(.data)
    PID                                      0x24000100   Data           1  algorithm_pid.o(.data)
    hfdcan1                                  0x24000104   Data         160  fdcan.o(.bss)
    hfdcan2                                  0x240001a4   Data         160  fdcan.o(.bss)
    hfdcan3                                  0x24000244   Data         160  fdcan.o(.bss)
    htim2                                    0x240002e4   Data          76  tim.o(.bss)
    htim3                                    0x24000330   Data          76  tim.o(.bss)
    hdma_tim2_ch1                            0x2400037c   Data         120  tim.o(.bss)
    hdma_tim3_ch1                            0x240003f4   Data         120  tim.o(.bss)
    huart4                                   0x2400046c   Data         148  usart.o(.bss)
    huart5                                   0x24000500   Data         148  usart.o(.bss)
    huart1                                   0x24000594   Data         148  usart.o(.bss)
    huart2                                   0x24000628   Data         148  usart.o(.bss)
    hdma_uart4_rx                            0x240006bc   Data         120  usart.o(.bss)
    hdma_uart4_tx                            0x24000734   Data         120  usart.o(.bss)
    hdma_usart1_rx                           0x240007ac   Data         120  usart.o(.bss)
    hdma_usart1_tx                           0x24000824   Data         120  usart.o(.bss)
    hdma_usart2_rx                           0x2400089c   Data         120  usart.o(.bss)
    htim1                                    0x24000914   Data          76  stm32h7xx_hal_timebase_tim.o(.bss)
    xQueueRegistry                           0x24000960   Data          64  queue.o(.bss)
    Corres                                   0x24005234   Data         648  correspond_task.o(.bss)
    Gimbal                                   0x240054bc   Data        1740  gimbal_task.o(.bss)
    Guard                                    0x24005b88   Data         468  guard_task.o(.bss)
    Message                                  0x24005d5c   Data         664  message_task.o(.bss)
    r                                        0x24005ff4   Data          20  message_task.o(.bss)
    CAN_Cmd                                  0x24006008   Data          24  app_motor.o(.bss)
    ID_Data                                  0x24006020   Data         104  app_preference.o(.bss)
    Serial_Cmd                               0x24006088   Data          68  app_serial.o(.bss)
    CAN1_Ctrl                                0x2400a89c   Data         112  dev_can.o(.bss)
    CAN2_Ctrl                                0x2400a90c   Data         112  dev_can.o(.bss)
    CAN3_Ctrl                                0x2400a97c   Data         112  dev_can.o(.bss)
    Serial1_Ctrl                             0x2400a9ec   Data          28  dev_serial.o(.bss)
    Serial2_Ctrl                             0x2400aa08   Data          28  dev_serial.o(.bss)
    Serial4_Ctrl                             0x2400aa24   Data          28  dev_serial.o(.bss)
    Serial5_Ctrl                             0x2400aa40   Data          28  dev_serial.o(.bss)
    RC_ctrl                                  0x2400aa5c   Data          22  protocol_dbus.o(.bss)
    __libspace_start                         0x2400aa74   Data          96  libspace.o(.bss)
    __temporary_stack_top$libspace           0x2400aad4   Data           0  libspace.o(.bss)



==============================================================================

Memory Map of the image

  Image Entry point : 0x080002cd

  Load Region LR_IROM1 (Base: 0x08000000, Size: 0x0000cffc, Max: 0x00100000, ABSOLUTE)

    Execution Region ER_IROM1 (Exec base: 0x08000000, Load base: 0x08000000, Size: 0x0000cef8, Max: 0x00100000, ABSOLUTE)

    Exec Addr    Load Addr    Size         Type   Attr      Idx    E Section Name        Object

    0x08000000   0x08000000   0x000002cc   Data   RO            3    RESET               startup_stm32h723xx.o
    0x080002cc   0x080002cc   0x00000008   Code   RO         9686  * !!!main             c_w.l(__main.o)
    0x080002d4   0x080002d4   0x00000034   Code   RO        10180    !!!scatter          c_w.l(__scatter.o)
    0x08000308   0x08000308   0x0000001a   Code   RO        10182    !!handler_copy      c_w.l(__scatter_copy.o)
    0x08000322   0x08000322   0x00000002   PAD
    0x08000324   0x08000324   0x0000001c   Code   RO        10184    !!handler_zi        c_w.l(__scatter_zi.o)
    0x08000340   0x08000340   0x00000002   Code   RO        10065    .ARM.Collect$$libinit$$00000000  c_w.l(libinit.o)
    0x08000342   0x08000342   0x00000004   Code   RO         9776    .ARM.Collect$$libinit$$00000001  c_w.l(libinit2.o)
    0x08000346   0x08000346   0x00000000   Code   RO         9779    .ARM.Collect$$libinit$$00000004  c_w.l(libinit2.o)
    0x08000346   0x08000346   0x00000008   Code   RO         9780    .ARM.Collect$$libinit$$00000005  c_w.l(libinit2.o)
    0x0800034e   0x0800034e   0x00000000   Code   RO         9782    .ARM.Collect$$libinit$$0000000A  c_w.l(libinit2.o)
    0x0800034e   0x0800034e   0x00000000   Code   RO         9784    .ARM.Collect$$libinit$$0000000C  c_w.l(libinit2.o)
    0x0800034e   0x0800034e   0x00000000   Code   RO         9786    .ARM.Collect$$libinit$$0000000E  c_w.l(libinit2.o)
    0x0800034e   0x0800034e   0x00000000   Code   RO         9789    .ARM.Collect$$libinit$$00000011  c_w.l(libinit2.o)
    0x0800034e   0x0800034e   0x00000000   Code   RO         9791    .ARM.Collect$$libinit$$00000013  c_w.l(libinit2.o)
    0x0800034e   0x0800034e   0x00000000   Code   RO         9793    .ARM.Collect$$libinit$$00000015  c_w.l(libinit2.o)
    0x0800034e   0x0800034e   0x00000000   Code   RO         9795    .ARM.Collect$$libinit$$00000017  c_w.l(libinit2.o)
    0x0800034e   0x0800034e   0x00000000   Code   RO         9797    .ARM.Collect$$libinit$$00000019  c_w.l(libinit2.o)
    0x0800034e   0x0800034e   0x00000000   Code   RO         9799    .ARM.Collect$$libinit$$0000001B  c_w.l(libinit2.o)
    0x0800034e   0x0800034e   0x00000000   Code   RO         9801    .ARM.Collect$$libinit$$0000001D  c_w.l(libinit2.o)
    0x0800034e   0x0800034e   0x00000000   Code   RO         9803    .ARM.Collect$$libinit$$0000001F  c_w.l(libinit2.o)
    0x0800034e   0x0800034e   0x00000000   Code   RO         9805    .ARM.Collect$$libinit$$00000021  c_w.l(libinit2.o)
    0x0800034e   0x0800034e   0x00000000   Code   RO         9807    .ARM.Collect$$libinit$$00000023  c_w.l(libinit2.o)
    0x0800034e   0x0800034e   0x00000000   Code   RO         9809    .ARM.Collect$$libinit$$00000025  c_w.l(libinit2.o)
    0x0800034e   0x0800034e   0x00000000   Code   RO         9813    .ARM.Collect$$libinit$$0000002C  c_w.l(libinit2.o)
    0x0800034e   0x0800034e   0x00000000   Code   RO         9815    .ARM.Collect$$libinit$$0000002E  c_w.l(libinit2.o)
    0x0800034e   0x0800034e   0x00000000   Code   RO         9817    .ARM.Collect$$libinit$$00000030  c_w.l(libinit2.o)
    0x0800034e   0x0800034e   0x00000004   Code   RO         9818    .ARM.Collect$$libinit$$00000031  c_w.l(libinit2.o)
    0x08000352   0x08000352   0x00000000   Code   RO         9819    .ARM.Collect$$libinit$$00000032  c_w.l(libinit2.o)
    0x08000352   0x08000352   0x00000002   Code   RO         9820    .ARM.Collect$$libinit$$00000033  c_w.l(libinit2.o)
    0x08000354   0x08000354   0x00000002   Code   RO        10177    .ARM.Collect$$libshutdown$$00000000  c_w.l(libshutdown.o)
    0x08000356   0x08000356   0x00000000   Code   RO        10111    .ARM.Collect$$libshutdown$$00000002  c_w.l(libshutdown2.o)
    0x08000356   0x08000356   0x00000000   Code   RO        10113    .ARM.Collect$$libshutdown$$00000004  c_w.l(libshutdown2.o)
    0x08000356   0x08000356   0x00000000   Code   RO        10115    .ARM.Collect$$libshutdown$$00000006  c_w.l(libshutdown2.o)
    0x08000356   0x08000356   0x00000000   Code   RO        10118    .ARM.Collect$$libshutdown$$00000009  c_w.l(libshutdown2.o)
    0x08000356   0x08000356   0x00000000   Code   RO        10121    .ARM.Collect$$libshutdown$$0000000C  c_w.l(libshutdown2.o)
    0x08000356   0x08000356   0x00000000   Code   RO        10123    .ARM.Collect$$libshutdown$$0000000E  c_w.l(libshutdown2.o)
    0x08000356   0x08000356   0x00000000   Code   RO        10126    .ARM.Collect$$libshutdown$$00000011  c_w.l(libshutdown2.o)
    0x08000356   0x08000356   0x00000002   Code   RO        10127    .ARM.Collect$$libshutdown$$00000012  c_w.l(libshutdown2.o)
    0x08000358   0x08000358   0x00000000   Code   RO         9736    .ARM.Collect$$rtentry$$00000000  c_w.l(__rtentry.o)
    0x08000358   0x08000358   0x00000000   Code   RO         9864    .ARM.Collect$$rtentry$$00000002  c_w.l(__rtentry2.o)
    0x08000358   0x08000358   0x00000006   Code   RO         9876    .ARM.Collect$$rtentry$$00000004  c_w.l(__rtentry4.o)
    0x0800035e   0x0800035e   0x00000000   Code   RO         9866    .ARM.Collect$$rtentry$$00000009  c_w.l(__rtentry2.o)
    0x0800035e   0x0800035e   0x00000004   Code   RO         9867    .ARM.Collect$$rtentry$$0000000A  c_w.l(__rtentry2.o)
    0x08000362   0x08000362   0x00000000   Code   RO         9869    .ARM.Collect$$rtentry$$0000000C  c_w.l(__rtentry2.o)
    0x08000362   0x08000362   0x00000008   Code   RO         9870    .ARM.Collect$$rtentry$$0000000D  c_w.l(__rtentry2.o)
    0x0800036a   0x0800036a   0x00000002   Code   RO        10094    .ARM.Collect$$rtexit$$00000000  c_w.l(rtexit.o)
    0x0800036c   0x0800036c   0x00000000   Code   RO        10141    .ARM.Collect$$rtexit$$00000002  c_w.l(rtexit2.o)
    0x0800036c   0x0800036c   0x00000004   Code   RO        10142    .ARM.Collect$$rtexit$$00000003  c_w.l(rtexit2.o)
    0x08000370   0x08000370   0x00000006   Code   RO        10143    .ARM.Collect$$rtexit$$00000004  c_w.l(rtexit2.o)
    0x08000376   0x08000376   0x00000002   PAD
    0x08000378   0x08000378   0x000000be   Code   RO         7012    .emb_text           port.o
    0x08000436   0x08000436   0x00000002   PAD
    0x08000438   0x08000438   0x00000000   Code   RO         9892    .emb_text           c_w.l(maybetermalloc1.o)
    0x08000438   0x08000438   0x00000040   Code   RO            4    .text               startup_stm32h723xx.o
    0x08000478   0x08000478   0x00000108   Code   RO         9446    .text               arm_cortexM4lf_math.lib(arm_mat_add_f32.o)
    0x08000580   0x08000580   0x00000008   Code   RO         9495    .text               arm_cortexM4lf_math.lib(arm_mat_init_f32.o)
    0x08000588   0x08000588   0x00000530   Code   RO         9519    .text               arm_cortexM4lf_math.lib(arm_mat_inverse_f32.o)
    0x08000ab8   0x08000ab8   0x0000013c   Code   RO         9543    .text               arm_cortexM4lf_math.lib(arm_mat_mult_f32.o)
    0x08000bf4   0x08000bf4   0x00000108   Code   RO         9567    .text               arm_cortexM4lf_math.lib(arm_mat_sub_f32.o)
    0x08000cfc   0x08000cfc   0x00000114   Code   RO         9591    .text               arm_cortexM4lf_math.lib(arm_mat_trans_f32.o)
    0x08000e10   0x08000e10   0x0000005e   Code   RO         9616    .text               c_w.l(h1_alloc.o)
    0x08000e6e   0x08000e6e   0x000000ee   Code   RO         9670    .text               c_w.l(lludivv7m.o)
    0x08000f5c   0x08000f5c   0x0000008a   Code   RO         9672    .text               c_w.l(rt_memcpy_v6.o)
    0x08000fe6   0x08000fe6   0x00000064   Code   RO         9674    .text               c_w.l(rt_memcpy_w.o)
    0x0800104a   0x0800104a   0x00000010   Code   RO         9678    .text               c_w.l(aeabi_memset.o)
    0x0800105a   0x0800105a   0x00000044   Code   RO         9680    .text               c_w.l(rt_memclr.o)
    0x0800109e   0x0800109e   0x0000004e   Code   RO         9682    .text               c_w.l(rt_memclr_w.o)
    0x080010ec   0x080010ec   0x00000006   Code   RO         9684    .text               c_w.l(heapauxi.o)
    0x080010f2   0x080010f2   0x00000002   PAD
    0x080010f4   0x080010f4   0x00000024   Code   RO         9691    .text               c_w.l(init_aeabi.o)
    0x08001118   0x08001118   0x00000008   Code   RO         9744    .text               c_w.l(rt_heap_descriptor_intlibspace.o)
    0x08001120   0x08001120   0x00000004   Code   RO         9746    .text               c_w.l(hguard.o)
    0x08001124   0x08001124   0x0000008a   Code   RO         9748    .text               c_w.l(init_alloc.o)
    0x080011ae   0x080011ae   0x0000000e   Code   RO         9754    .text               c_w.l(h1_init.o)
    0x080011bc   0x080011bc   0x0000004e   Code   RO         9756    .text               c_w.l(h1_free.o)
    0x0800120a   0x0800120a   0x00000002   PAD
    0x0800120c   0x0800120c   0x00000008   Code   RO         9860    .text               c_w.l(libspace.o)
    0x08001214   0x08001214   0x00000008   Code   RO         9883    .text               c_w.l(rt_new_handler_addr_intlibspace.o)
    0x0800121c   0x0800121c   0x00000034   Code   RO         9894    .text               c_w.l(h1_extend.o)
    0x08001250   0x08001250   0x0000000e   Code   RO         9898    .text               c_w.l(defsig_rtmem_outer.o)
    0x0800125e   0x0800125e   0x00000004   Code   RO         9910    .text               cpprt_w.l(arm_newhandler_noexceptions.o)
    0x08001262   0x08001262   0x00000002   Code   RO        10037    .text               c_w.l(use_no_semi.o)
    0x08001264   0x08001264   0x00000000   Code   RO        10039    .text               c_w.l(indicate_semi.o)
    0x08001264   0x08001264   0x0000004a   Code   RO        10040    .text               c_w.l(sys_stackheap_outer.o)
    0x080012ae   0x080012ae   0x00000012   Code   RO        10046    .text               c_w.l(exit.o)
    0x080012c0   0x080012c0   0x0000000a   Code   RO        10048    .text               c_w.l(defsig_exit.o)
    0x080012ca   0x080012ca   0x00000002   PAD
    0x080012cc   0x080012cc   0x00000050   Code   RO        10054    .text               c_w.l(defsig_rtmem_inner.o)
    0x0800131c   0x0800131c   0x0000001a   Code   RO        10082    .text               cpprt_w.l(arm_exceptions_terminate.o)
    0x08001336   0x08001336   0x00000002   PAD
    0x08001338   0x08001338   0x0000000c   Code   RO        10092    .text               c_w.l(sys_exit.o)
    0x08001344   0x08001344   0x00000016   Code   RO        10100    .text               c_w.l(abort.o)
    0x0800135a   0x0800135a   0x00000032   Code   RO        10106    .text               c_w.l(defsig_general.o)
    0x0800138c   0x0800138c   0x00000050   Code   RO        10135    .text               cpprt_w.l(arm_exceptions_globs.o)
    0x080013dc   0x080013dc   0x0000000e   Code   RO        10138    .text               c_w.l(sys_wrch.o)
    0x080013ea   0x080013ea   0x00000002   PAD
    0x080013ec   0x080013ec   0x00000008   Code   RO        10150    .text               c_w.l(rt_eh_globals_addr_intlibspace.o)
    0x080013f4   0x080013f4   0x0000000e   Code   RO        10152    .text               c_w.l(defsig_abrt_outer.o)
    0x08001402   0x08001402   0x0000003c   Code   RO        10158    .text               cpprt_w.l(arm_exceptions_mem.o)
    0x0800143e   0x0800143e   0x00000002   PAD
    0x08001440   0x08001440   0x00000030   Code   RO        10161    .text               c_w.l(defsig_abrt_inner.o)
    0x08001470   0x08001470   0x00000002   Code   RO          509    i.BusFault_Handler  stm32h7xx_it.o
    0x08001472   0x08001472   0x00000002   PAD
    0x08001474   0x08001474   0x00000038   Code   RO         7873    i.CAN1_Rx_Task      message_task.o
    0x080014ac   0x080014ac   0x00000038   Code   RO         7874    i.CAN2_Rx_Task      message_task.o
    0x080014e4   0x080014e4   0x0000003c   Code   RO         7092    i.Correspond_Task   correspond_task.o
    0x08001520   0x08001520   0x0000000c   Code   RO          510    i.DMA1_Stream0_IRQHandler  stm32h7xx_it.o
    0x0800152c   0x0800152c   0x0000000c   Code   RO          511    i.DMA1_Stream1_IRQHandler  stm32h7xx_it.o
    0x08001538   0x08001538   0x0000000c   Code   RO          512    i.DMA1_Stream2_IRQHandler  stm32h7xx_it.o
    0x08001544   0x08001544   0x0000000c   Code   RO          513    i.DMA1_Stream3_IRQHandler  stm32h7xx_it.o
    0x08001550   0x08001550   0x0000000c   Code   RO          514    i.DMA1_Stream4_IRQHandler  stm32h7xx_it.o
    0x0800155c   0x0800155c   0x0000000c   Code   RO          515    i.DMA1_Stream5_IRQHandler  stm32h7xx_it.o
    0x08001568   0x08001568   0x0000000c   Code   RO          516    i.DMA1_Stream6_IRQHandler  stm32h7xx_it.o
    0x08001574   0x08001574   0x000000b4   Code   RO         2102    i.DMA_CalcBaseAndBitshift  stm32h7xx_hal_dma.o
    0x08001628   0x08001628   0x0000009c   Code   RO         2103    i.DMA_CalcDMAMUXChannelBaseAndMask  stm32h7xx_hal_dma.o
    0x080016c4   0x080016c4   0x00000074   Code   RO         2104    i.DMA_CalcDMAMUXRequestGenBaseAndMask  stm32h7xx_hal_dma.o
    0x08001738   0x08001738   0x00000054   Code   RO         2105    i.DMA_CheckFifoParam  stm32h7xx_hal_dma.o
    0x0800178c   0x0800178c   0x00000220   Code   RO         2106    i.DMA_SetConfig     stm32h7xx_hal_dma.o
    0x080019ac   0x080019ac   0x00000048   Code   RO         7875    i.DR16_Rx_Task      message_task.o
    0x080019f4   0x080019f4   0x00000002   Code   RO          517    i.DebugMon_Handler  stm32h7xx_it.o
    0x080019f6   0x080019f6   0x00000004   Code   RO           13    i.Error_Handler     main.o
    0x080019fa   0x080019fa   0x00000002   PAD
    0x080019fc   0x080019fc   0x0000000c   Code   RO          518    i.FDCAN1_IT0_IRQHandler  stm32h7xx_it.o
    0x08001a08   0x08001a08   0x0000000c   Code   RO          519    i.FDCAN2_IT0_IRQHandler  stm32h7xx_it.o
    0x08001a14   0x08001a14   0x0000000c   Code   RO          520    i.FDCAN3_IT0_IRQHandler  stm32h7xx_it.o
    0x08001a20   0x08001a20   0x000001c8   Code   RO          864    i.FDCAN_CalcultateRamBlockAddresses  stm32h7xx_hal_fdcan.o
    0x08001be8   0x08001be8   0x00000080   Code   RO          865    i.FDCAN_CopyMessageToRAM  stm32h7xx_hal_fdcan.o
    0x08001c68   0x08001c68   0x00000094   Code   RO         7444    i.Gimbal_Task       gimbal_task.o
    0x08001cfc   0x08001cfc   0x00000018   Code   RO         7737    i.Guard_Task        guard_task.o
    0x08001d14   0x08001d14   0x00000360   Code   RO         2107    i.HAL_DMA_Abort     stm32h7xx_hal_dma.o
    0x08002074   0x08002074   0x00000284   Code   RO         2108    i.HAL_DMA_Abort_IT  stm32h7xx_hal_dma.o
    0x080022f8   0x080022f8   0x000006e8   Code   RO         2112    i.HAL_DMA_IRQHandler  stm32h7xx_hal_dma.o
    0x080029e0   0x080029e0   0x000003bc   Code   RO         2113    i.HAL_DMA_Init      stm32h7xx_hal_dma.o
    0x08002d9c   0x08002d9c   0x0000029c   Code   RO         2117    i.HAL_DMA_Start_IT  stm32h7xx_hal_dma.o
    0x08003038   0x08003038   0x00000088   Code   RO          867    i.HAL_FDCAN_ActivateNotification  stm32h7xx_hal_fdcan.o
    0x080030c0   0x080030c0   0x00000066   Code   RO          869    i.HAL_FDCAN_AddMessageToTxFifoQ  stm32h7xx_hal_fdcan.o
    0x08003126   0x08003126   0x00000002   Code   RO          870    i.HAL_FDCAN_ClockCalibrationCallback  stm32h7xx_hal_fdcan.o
    0x08003128   0x08003128   0x0000007e   Code   RO          874    i.HAL_FDCAN_ConfigFilter  stm32h7xx_hal_fdcan.o
    0x080031a6   0x080031a6   0x00000002   Code   RO          896    i.HAL_FDCAN_ErrorCallback  stm32h7xx_hal_fdcan.o
    0x080031a8   0x080031a8   0x00000002   Code   RO          897    i.HAL_FDCAN_ErrorStatusCallback  stm32h7xx_hal_fdcan.o
    0x080031aa   0x080031aa   0x00000002   PAD
    0x080031ac   0x080031ac   0x00000194   Code   RO          908    i.HAL_FDCAN_GetRxMessage  stm32h7xx_hal_fdcan.o
    0x08003340   0x08003340   0x00000002   Code   RO          914    i.HAL_FDCAN_HighPriorityMessageCallback  stm32h7xx_hal_fdcan.o
    0x08003342   0x08003342   0x00000002   PAD
    0x08003344   0x08003344   0x00000320   Code   RO          915    i.HAL_FDCAN_IRQHandler  stm32h7xx_hal_fdcan.o
    0x08003664   0x08003664   0x00000244   Code   RO          916    i.HAL_FDCAN_Init    stm32h7xx_hal_fdcan.o
    0x080038a8   0x080038a8   0x00000144   Code   RO          341    i.HAL_FDCAN_MspInit  fdcan.o
    0x080039ec   0x080039ec   0x00000002   Code   RO          925    i.HAL_FDCAN_RxBufferNewMessageCallback  stm32h7xx_hal_fdcan.o
    0x080039ee   0x080039ee   0x00000002   PAD
    0x080039f0   0x080039f0   0x00000040   Code   RO         8536    i.HAL_FDCAN_RxFifo0Callback  dev_can.o
    0x08003a30   0x08003a30   0x00000002   Code   RO          927    i.HAL_FDCAN_RxFifo1Callback  stm32h7xx_hal_fdcan.o
    0x08003a32   0x08003a32   0x00000032   Code   RO          928    i.HAL_FDCAN_Start   stm32h7xx_hal_fdcan.o
    0x08003a64   0x08003a64   0x00000002   Code   RO          950    i.HAL_FDCAN_TT_GlobalTimeCallback  stm32h7xx_hal_fdcan.o
    0x08003a66   0x08003a66   0x00000002   Code   RO          951    i.HAL_FDCAN_TT_ScheduleSyncCallback  stm32h7xx_hal_fdcan.o
    0x08003a68   0x08003a68   0x00000002   Code   RO          956    i.HAL_FDCAN_TT_StopWatchCallback  stm32h7xx_hal_fdcan.o
    0x08003a6a   0x08003a6a   0x00000002   Code   RO          957    i.HAL_FDCAN_TT_TimeMarkCallback  stm32h7xx_hal_fdcan.o
    0x08003a6c   0x08003a6c   0x00000002   Code   RO          958    i.HAL_FDCAN_TimeoutOccurredCallback  stm32h7xx_hal_fdcan.o
    0x08003a6e   0x08003a6e   0x00000002   Code   RO          959    i.HAL_FDCAN_TimestampWraparoundCallback  stm32h7xx_hal_fdcan.o
    0x08003a70   0x08003a70   0x00000002   Code   RO          960    i.HAL_FDCAN_TxBufferAbortCallback  stm32h7xx_hal_fdcan.o
    0x08003a72   0x08003a72   0x00000002   Code   RO          961    i.HAL_FDCAN_TxBufferCompleteCallback  stm32h7xx_hal_fdcan.o
    0x08003a74   0x08003a74   0x00000002   Code   RO          962    i.HAL_FDCAN_TxEventFifoCallback  stm32h7xx_hal_fdcan.o
    0x08003a76   0x08003a76   0x00000002   Code   RO          963    i.HAL_FDCAN_TxFifoEmptyCallback  stm32h7xx_hal_fdcan.o
    0x08003a78   0x08003a78   0x0000021c   Code   RO         1955    i.HAL_GPIO_Init     stm32h7xx_hal_gpio.o
    0x08003c94   0x08003c94   0x0000000a   Code   RO         1959    i.HAL_GPIO_WritePin  stm32h7xx_hal_gpio.o
    0x08003c9e   0x08003c9e   0x00000002   PAD
    0x08003ca0   0x08003ca0   0x0000000c   Code   RO         2820    i.HAL_GetTick       stm32h7xx_hal.o
    0x08003cac   0x08003cac   0x00000010   Code   RO         2826    i.HAL_IncTick       stm32h7xx_hal.o
    0x08003cbc   0x08003cbc   0x0000005c   Code   RO         2827    i.HAL_Init          stm32h7xx_hal.o
    0x08003d18   0x08003d18   0x00000084   Code   RO          684    i.HAL_InitTick      stm32h7xx_hal_timebase_tim.o
    0x08003d9c   0x08003d9c   0x00000024   Code   RO          660    i.HAL_MspInit       stm32h7xx_hal_msp.o
    0x08003dc0   0x08003dc0   0x0000001a   Code   RO          729    i.HAL_NVIC_EnableIRQ  stm32h7xx_hal_cortex.o
    0x08003dda   0x08003dda   0x00000002   PAD
    0x08003ddc   0x08003ddc   0x00000040   Code   RO          735    i.HAL_NVIC_SetPriority  stm32h7xx_hal_cortex.o
    0x08003e1c   0x08003e1c   0x00000024   Code   RO          736    i.HAL_NVIC_SetPriorityGrouping  stm32h7xx_hal_cortex.o
    0x08003e40   0x08003e40   0x00000054   Code   RO         2556    i.HAL_PWREx_ConfigSupply  stm32h7xx_hal_pwr_ex.o
    0x08003e94   0x08003e94   0x00000024   Code   RO         1598    i.HAL_RCCEx_GetD3PCLK1Freq  stm32h7xx_hal_rcc_ex.o
    0x08003eb8   0x08003eb8   0x00000144   Code   RO         1600    i.HAL_RCCEx_GetPLL2ClockFreq  stm32h7xx_hal_rcc_ex.o
    0x08003ffc   0x08003ffc   0x00000144   Code   RO         1601    i.HAL_RCCEx_GetPLL3ClockFreq  stm32h7xx_hal_rcc_ex.o
    0x08004140   0x08004140   0x0000093a   Code   RO         1607    i.HAL_RCCEx_PeriphCLKConfig  stm32h7xx_hal_rcc_ex.o
    0x08004a7a   0x08004a7a   0x00000002   PAD
    0x08004a7c   0x08004a7c   0x0000025c   Code   RO         1483    i.HAL_RCC_ClockConfig  stm32h7xx_hal_rcc.o
    0x08004cd8   0x08004cd8   0x0000005c   Code   RO         1487    i.HAL_RCC_GetClockConfig  stm32h7xx_hal_rcc.o
    0x08004d34   0x08004d34   0x00000044   Code   RO         1488    i.HAL_RCC_GetHCLKFreq  stm32h7xx_hal_rcc.o
    0x08004d78   0x08004d78   0x00000024   Code   RO         1490    i.HAL_RCC_GetPCLK1Freq  stm32h7xx_hal_rcc.o
    0x08004d9c   0x08004d9c   0x00000024   Code   RO         1491    i.HAL_RCC_GetPCLK2Freq  stm32h7xx_hal_rcc.o
    0x08004dc0   0x08004dc0   0x00000138   Code   RO         1492    i.HAL_RCC_GetSysClockFreq  stm32h7xx_hal_rcc.o
    0x08004ef8   0x08004ef8   0x00000526   Code   RO         1495    i.HAL_RCC_OscConfig  stm32h7xx_hal_rcc.o
    0x0800541e   0x0800541e   0x00000002   Code   RO         4459    i.HAL_TIMEx_Break2Callback  stm32h7xx_hal_tim_ex.o
    0x08005420   0x08005420   0x00000002   Code   RO         4460    i.HAL_TIMEx_BreakCallback  stm32h7xx_hal_tim_ex.o
    0x08005422   0x08005422   0x00000002   Code   RO         4461    i.HAL_TIMEx_CommutCallback  stm32h7xx_hal_tim_ex.o
    0x08005424   0x08005424   0x000000b8   Code   RO         4482    i.HAL_TIMEx_MasterConfigSynchronization  stm32h7xx_hal_tim_ex.o
    0x080054dc   0x080054dc   0x00000062   Code   RO         3745    i.HAL_TIM_Base_Init  stm32h7xx_hal_tim.o
    0x0800553e   0x0800553e   0x00000002   PAD
    0x08005540   0x08005540   0x000000a0   Code   RO          396    i.HAL_TIM_Base_MspInit  tim.o
    0x080055e0   0x080055e0   0x000000a0   Code   RO         3750    i.HAL_TIM_Base_Start_IT  stm32h7xx_hal_tim.o
    0x08005680   0x08005680   0x000000fc   Code   RO         3754    i.HAL_TIM_ConfigClockSource  stm32h7xx_hal_tim.o
    0x0800577c   0x0800577c   0x00000002   Code   RO         3775    i.HAL_TIM_ErrorCallback  stm32h7xx_hal_tim.o
    0x0800577e   0x0800577e   0x00000002   Code   RO         3779    i.HAL_TIM_IC_CaptureCallback  stm32h7xx_hal_tim.o
    0x08005780   0x08005780   0x00000182   Code   RO         3793    i.HAL_TIM_IRQHandler  stm32h7xx_hal_tim.o
    0x08005902   0x08005902   0x00000002   PAD
    0x08005904   0x08005904   0x00000070   Code   RO          397    i.HAL_TIM_MspPostInit  tim.o
    0x08005974   0x08005974   0x00000002   Code   RO         3796    i.HAL_TIM_OC_DelayElapsedCallback  stm32h7xx_hal_tim.o
    0x08005976   0x08005976   0x00000124   Code   RO         3817    i.HAL_TIM_PWM_ConfigChannel  stm32h7xx_hal_tim.o
    0x08005a9a   0x08005a9a   0x00000062   Code   RO         3820    i.HAL_TIM_PWM_Init  stm32h7xx_hal_tim.o
    0x08005afc   0x08005afc   0x00000002   Code   RO         3822    i.HAL_TIM_PWM_MspInit  stm32h7xx_hal_tim.o
    0x08005afe   0x08005afe   0x00000002   Code   RO         3823    i.HAL_TIM_PWM_PulseFinishedCallback  stm32h7xx_hal_tim.o
    0x08005b00   0x08005b00   0x00000002   Code   RO         3824    i.HAL_TIM_PWM_PulseFinishedHalfCpltCallback  stm32h7xx_hal_tim.o
    0x08005b02   0x08005b02   0x00000002   PAD
    0x08005b04   0x08005b04   0x00000124   Code   RO         3825    i.HAL_TIM_PWM_Start  stm32h7xx_hal_tim.o
    0x08005c28   0x08005c28   0x00000224   Code   RO         3826    i.HAL_TIM_PWM_Start_DMA  stm32h7xx_hal_tim.o
    0x08005e4c   0x08005e4c   0x00000014   Code   RO           14    i.HAL_TIM_PeriodElapsedCallback  main.o
    0x08005e60   0x08005e60   0x00000002   Code   RO         3836    i.HAL_TIM_TriggerCallback  stm32h7xx_hal_tim.o
    0x08005e62   0x08005e62   0x00000040   Code   RO         5182    i.HAL_UARTEx_DisableFifoMode  stm32h7xx_hal_uart_ex.o
    0x08005ea2   0x08005ea2   0x00000002   Code   RO         4771    i.HAL_UARTEx_RxEventCallback  stm32h7xx_hal_uart.o
    0x08005ea4   0x08005ea4   0x00000002   Code   RO         5190    i.HAL_UARTEx_RxFifoFullCallback  stm32h7xx_hal_uart_ex.o
    0x08005ea6   0x08005ea6   0x0000004c   Code   RO         5191    i.HAL_UARTEx_SetRxFifoThreshold  stm32h7xx_hal_uart_ex.o
    0x08005ef2   0x08005ef2   0x0000004c   Code   RO         5192    i.HAL_UARTEx_SetTxFifoThreshold  stm32h7xx_hal_uart_ex.o
    0x08005f3e   0x08005f3e   0x00000002   Code   RO         5194    i.HAL_UARTEx_TxFifoEmptyCallback  stm32h7xx_hal_uart_ex.o
    0x08005f40   0x08005f40   0x00000002   Code   RO         5195    i.HAL_UARTEx_WakeupCallback  stm32h7xx_hal_uart_ex.o
    0x08005f42   0x08005f42   0x00000002   PAD
    0x08005f44   0x08005f44   0x00000084   Code   RO         8614    i.HAL_UART_ErrorCallback  dev_serial.o
    0x08005fc8   0x08005fc8   0x00000006   Code   RO         4788    i.HAL_UART_GetError  stm32h7xx_hal_uart.o
    0x08005fce   0x08005fce   0x00000002   PAD
    0x08005fd0   0x08005fd0   0x00000388   Code   RO         4790    i.HAL_UART_IRQHandler  stm32h7xx_hal_uart.o
    0x08006358   0x08006358   0x0000004c   Code   RO         8615    i.HAL_UART_IdleCpltCallback  dev_serial.o
    0x080063a4   0x080063a4   0x0000006a   Code   RO         4791    i.HAL_UART_Init     stm32h7xx_hal_uart.o
    0x0800640e   0x0800640e   0x00000002   PAD
    0x08006410   0x08006410   0x00000308   Code   RO          450    i.HAL_UART_MspInit  usart.o
    0x08006718   0x08006718   0x00000048   Code   RO         4796    i.HAL_UART_Receive_IT  stm32h7xx_hal_uart.o
    0x08006760   0x08006760   0x00000058   Code   RO         8616    i.HAL_UART_RxCpltCallback  dev_serial.o
    0x080067b8   0x080067b8   0x00000090   Code   RO         4801    i.HAL_UART_Transmit_DMA  stm32h7xx_hal_uart.o
    0x08006848   0x08006848   0x00000002   Code   RO         4803    i.HAL_UART_TxCpltCallback  stm32h7xx_hal_uart.o
    0x0800684a   0x0800684a   0x00000002   Code   RO         4804    i.HAL_UART_TxHalfCpltCallback  stm32h7xx_hal_uart.o
    0x0800684c   0x0800684c   0x00000002   Code   RO          521    i.HardFault_Handler  stm32h7xx_it.o
    0x0800684e   0x0800684e   0x00000002   PAD
    0x08006850   0x08006850   0x0000008c   Code   RO          316    i.MX_DMA_Init       dma.o
    0x080068dc   0x080068dc   0x00000090   Code   RO          342    i.MX_FDCAN1_Init    fdcan.o
    0x0800696c   0x0800696c   0x00000090   Code   RO          343    i.MX_FDCAN2_Init    fdcan.o
    0x080069fc   0x080069fc   0x00000090   Code   RO          344    i.MX_FDCAN3_Init    fdcan.o
    0x08006a8c   0x08006a8c   0x00000100   Code   RO          266    i.MX_FREERTOS_Init  freertos.o
    0x08006b8c   0x08006b8c   0x00000080   Code   RO          242    i.MX_GPIO_Init      gpio.o
    0x08006c0c   0x08006c0c   0x0000009c   Code   RO          398    i.MX_TIM2_Init      tim.o
    0x08006ca8   0x08006ca8   0x00000098   Code   RO          399    i.MX_TIM3_Init      tim.o
    0x08006d40   0x08006d40   0x00000068   Code   RO          451    i.MX_UART4_Init     usart.o
    0x08006da8   0x08006da8   0x00000068   Code   RO          452    i.MX_UART5_Init     usart.o
    0x08006e10   0x08006e10   0x00000068   Code   RO          453    i.MX_USART1_UART_Init  usart.o
    0x08006e78   0x08006e78   0x00000068   Code   RO          454    i.MX_USART2_UART_Init  usart.o
    0x08006ee0   0x08006ee0   0x00000002   Code   RO          522    i.MemManage_Handler  stm32h7xx_it.o
    0x08006ee2   0x08006ee2   0x00000002   PAD
    0x08006ee4   0x08006ee4   0x00000050   Code   RO         7876    i.Message_Task      message_task.o
    0x08006f34   0x08006f34   0x00000002   Code   RO          523    i.NMI_Handler       stm32h7xx_it.o
    0x08006f36   0x08006f36   0x00000044   Code   RO           15    i.PeriphCommonClock_Config  main.o
    0x08006f7a   0x08006f7a   0x00000002   PAD
    0x08006f7c   0x08006f7c   0x00000120   Code   RO         1610    i.RCCEx_PLL2_Config  stm32h7xx_hal_rcc_ex.o
    0x0800709c   0x0800709c   0x00000120   Code   RO         1611    i.RCCEx_PLL3_Config  stm32h7xx_hal_rcc_ex.o
    0x080071bc   0x080071bc   0x00000008   Code   RO         8103    i.RTOSsystem_Task   rtossystem_task.o
    0x080071c4   0x080071c4   0x00000070   Code   RO         7877    i.Serial_Rx_Task    message_task.o
    0x08007234   0x08007234   0x00000008   Code   RO          267    i.StartDefaultTask  freertos.o
    0x0800723c   0x0800723c   0x0000001a   Code   RO         6444    i.SysTick_Handler   cmsis_os2.o
    0x08007256   0x08007256   0x00000002   PAD
    0x08007258   0x08007258   0x00000094   Code   RO           17    i.SystemClock_Config  main.o
    0x080072ec   0x080072ec   0x000000c0   Code   RO         5301    i.SystemInit        system_stm32h7xx.o
    0x080073ac   0x080073ac   0x0000000c   Code   RO          524    i.TIM1_UP_IRQHandler  stm32h7xx_it.o
    0x080073b8   0x080073b8   0x000000d8   Code   RO         3838    i.TIM_Base_SetConfig  stm32h7xx_hal_tim.o
    0x08007490   0x08007490   0x0000001a   Code   RO         3839    i.TIM_CCxChannelCmd  stm32h7xx_hal_tim.o
    0x080074aa   0x080074aa   0x0000005e   Code   RO         3842    i.TIM_DMADelayPulseCplt  stm32h7xx_hal_tim.o
    0x08007508   0x08007508   0x00000038   Code   RO         3843    i.TIM_DMADelayPulseHalfCplt  stm32h7xx_hal_tim.o
    0x08007540   0x08007540   0x00000054   Code   RO         3844    i.TIM_DMAError      stm32h7xx_hal_tim.o
    0x08007594   0x08007594   0x00000012   Code   RO         3849    i.TIM_ETR_SetConfig  stm32h7xx_hal_tim.o
    0x080075a6   0x080075a6   0x00000002   PAD
    0x080075a8   0x080075a8   0x00000014   Code   RO         3850    i.TIM_ITRx_SetConfig  stm32h7xx_hal_tim.o
    0x080075bc   0x080075bc   0x000000a8   Code   RO         3851    i.TIM_OC1_SetConfig  stm32h7xx_hal_tim.o
    0x08007664   0x08007664   0x00000098   Code   RO         3852    i.TIM_OC2_SetConfig  stm32h7xx_hal_tim.o
    0x080076fc   0x080076fc   0x00000098   Code   RO         3853    i.TIM_OC3_SetConfig  stm32h7xx_hal_tim.o
    0x08007794   0x08007794   0x00000078   Code   RO         3854    i.TIM_OC4_SetConfig  stm32h7xx_hal_tim.o
    0x0800780c   0x0800780c   0x00000074   Code   RO         3855    i.TIM_OC5_SetConfig  stm32h7xx_hal_tim.o
    0x08007880   0x08007880   0x00000074   Code   RO         3856    i.TIM_OC6_SetConfig  stm32h7xx_hal_tim.o
    0x080078f4   0x080078f4   0x00000022   Code   RO         3858    i.TIM_TI1_ConfigInputStage  stm32h7xx_hal_tim.o
    0x08007916   0x08007916   0x00000024   Code   RO         3860    i.TIM_TI2_ConfigInputStage  stm32h7xx_hal_tim.o
    0x0800793a   0x0800793a   0x00000002   PAD
    0x0800793c   0x0800793c   0x0000000c   Code   RO          525    i.UART4_IRQHandler  stm32h7xx_it.o
    0x08007948   0x08007948   0x0000000c   Code   RO          526    i.UART5_IRQHandler  stm32h7xx_it.o
    0x08007954   0x08007954   0x00000044   Code   RO         5196    i.UARTEx_SetNbDataToProcess  stm32h7xx_hal_uart_ex.o
    0x08007998   0x08007998   0x000000c8   Code   RO         4805    i.UART_AdvFeatureConfig  stm32h7xx_hal_uart.o
    0x08007a60   0x08007a60   0x000000aa   Code   RO         4806    i.UART_CheckIdleState  stm32h7xx_hal_uart.o
    0x08007b0a   0x08007b0a   0x00000014   Code   RO         4807    i.UART_DMAAbortOnError  stm32h7xx_hal_uart.o
    0x08007b1e   0x08007b1e   0x0000004e   Code   RO         4808    i.UART_DMAError     stm32h7xx_hal_uart.o
    0x08007b6c   0x08007b6c   0x00000040   Code   RO         4813    i.UART_DMATransmitCplt  stm32h7xx_hal_uart.o
    0x08007bac   0x08007bac   0x0000000a   Code   RO         4815    i.UART_DMATxHalfCplt  stm32h7xx_hal_uart.o
    0x08007bb6   0x08007bb6   0x00000002   PAD
    0x08007bb8   0x08007bb8   0x00000054   Code   RO         4817    i.UART_EndRxTransfer  stm32h7xx_hal_uart.o
    0x08007c0c   0x08007c0c   0x0000002e   Code   RO         4818    i.UART_EndTxTransfer  stm32h7xx_hal_uart.o
    0x08007c3a   0x08007c3a   0x00000002   PAD
    0x08007c3c   0x08007c3c   0x000000c8   Code   RO         4819    i.UART_RxISR_16BIT  stm32h7xx_hal_uart.o
    0x08007d04   0x08007d04   0x000001a0   Code   RO         4820    i.UART_RxISR_16BIT_FIFOEN  stm32h7xx_hal_uart.o
    0x08007ea4   0x08007ea4   0x000000c8   Code   RO         4821    i.UART_RxISR_8BIT   stm32h7xx_hal_uart.o
    0x08007f6c   0x08007f6c   0x000001a0   Code   RO         4822    i.UART_RxISR_8BIT_FIFOEN  stm32h7xx_hal_uart.o
    0x0800810c   0x0800810c   0x000003dc   Code   RO         4823    i.UART_SetConfig    stm32h7xx_hal_uart.o
    0x080084e8   0x080084e8   0x00000110   Code   RO         4825    i.UART_Start_Receive_IT  stm32h7xx_hal_uart.o
    0x080085f8   0x080085f8   0x0000008c   Code   RO         4830    i.UART_WaitOnFlagUntilTimeout  stm32h7xx_hal_uart.o
    0x08008684   0x08008684   0x00000028   Code   RO          527    i.USART1_IRQHandler  stm32h7xx_it.o
    0x080086ac   0x080086ac   0x00000028   Code   RO          528    i.USART2_IRQHandler  stm32h7xx_it.o
    0x080086d4   0x080086d4   0x00000002   Code   RO          529    i.UsageFault_Handler  stm32h7xx_it.o
    0x080086d6   0x080086d6   0x00000004   Code   RO         8388    i._Z11WS2812_INITv  app_rgb.o
    0x080086da   0x080086da   0x00000002   PAD
    0x080086dc   0x080086dc   0x00000028   Code   RO         8131    i._Z12CAN_ALL_Initv  app_motor.o
    0x08008704   0x08008704   0x00000014   Code   RO         8267    i._Z12Serial1_Hookb  app_serial.o
    0x08008718   0x08008718   0x00000014   Code   RO         8268    i._Z12Serial2_Hookb  app_serial.o
    0x0800872c   0x0800872c   0x00000014   Code   RO         8269    i._Z12Serial4_Hookb  app_serial.o
    0x08008740   0x08008740   0x00000014   Code   RO         8270    i._Z12Serial5_Hookb  app_serial.o
    0x08008754   0x08008754   0x00000018   Code   RO         7445    i._Z12System_Resetv  gimbal_task.o
    0x0800876c   0x0800876c   0x00000014   Code   RO         8245    i._Z13Prefence_Initv  app_preference.o
    0x08008780   0x08008780   0x000000b0   Code   RO         8389    i._Z13color_hsv2rgbjjjPjS_S_  app_rgb.o
    0x08008830   0x08008830   0x00000018   Code   RO         8390    i._Z14WS2812_REFRESHv  app_rgb.o
    0x08008848   0x08008848   0x0000007c   Code   RO         8391    i._Z14WS2812_SET_HSVtttt  app_rgb.o
    0x080088c4   0x080088c4   0x00000064   Code   RO         8392    i._Z14WS2812_SET_RGBhhht  app_rgb.o
    0x08008928   0x08008928   0x0000000c   Code   RO         7446    i._Z14rc_key_v_freshP9RC_ctrl_t  gimbal_task.o
    0x08008934   0x08008934   0x00000080   Code   RO         8271    i._Z15Serial_ALL_Initv  app_serial.o
    0x080089b4   0x080089b4   0x00000018   Code   RO         8393    i._Z15WS2812_SET_DARKv  app_rgb.o
    0x080089cc   0x080089cc   0x0000001c   Code   RO         8938    i._Z18Get_CRC8_Check_SumPhjh  protocol_crc.o
    0x080089e8   0x080089e8   0x0000014c   Code   RO         9028    i._Z18kalman_filter_calcP15kalman_filter_tff  algorithm_kalman.o
    0x08008b34   0x08008b34   0x0000001c   Code   RO         8940    i._Z21Append_CRC8_Check_SumPhj  protocol_crc.o
    0x08008b50   0x08008b50   0x0000000c   Code   RO         7879    i._Z24get_remote_control_pointv  message_task.o
    0x08008b5c   0x08008b5c   0x000000ca   Code   RO         9031    i._Z25kalman_filter_init_matrixP15kalman_filter_tP27kalman_filter_init_t_matrix  algorithm_kalman.o
    0x08008c26   0x08008c26   0x00000002   PAD
    0x08008c28   0x08008c28   0x0000003c   Code   RO         8132    i._Z9CAN1_SendPj    app_motor.o
    0x08008c64   0x08008c64   0x0000003c   Code   RO         8133    i._Z9CAN2_SendPj    app_motor.o
    0x08008ca0   0x08008ca0   0x00000028   Code   RO         7744    i._ZN10Guard_Ctrl4FeedE4ID_e  guard_task.o
    0x08008cc8   0x08008cc8   0x00000098   Code   RO         7748    i._ZN10Guard_Ctrl4ScanEv  guard_task.o
    0x08008d60   0x08008d60   0x00000014   Code   RO         7750    i._ZN10Guard_Ctrl6ReturnE4ID_e  guard_task.o
    0x08008d74   0x08008d74   0x0000000c   Code   RO         8617    i._ZN10Serialctrl15IRQHandler_IDLEEv  dev_serial.o
    0x08008d80   0x08008d80   0x0000001e   Code   RO         8618    i._ZN10Serialctrl15IRQHandler_RXNEEh  dev_serial.o
    0x08008d9e   0x08008d9e   0x00000004   Code   RO         8619    i._ZN10Serialctrl15attachInterruptEPFvbE  dev_serial.o
    0x08008da2   0x08008da2   0x00000016   Code   RO         8620    i._ZN10Serialctrl4peekEv  dev_serial.o
    0x08008db8   0x08008db8   0x00000018   Code   RO         8621    i._ZN10Serialctrl4readEv  dev_serial.o
    0x08008dd0   0x08008dd0   0x0000002a   Code   RO         8624    i._ZN10Serialctrl8sendDataEPKvh  dev_serial.o
    0x08008dfa   0x08008dfa   0x00000024   Code   RO         8625    i._ZN10Serialctrl8sendDataEh  dev_serial.o
    0x08008e1e   0x08008e1e   0x00000014   Code   RO         8626    i._ZN10Serialctrl9availableEv  dev_serial.o
    0x08008e32   0x08008e32   0x00000022   Code   RO         8627    i._ZN10SerialctrlC1EP20__UART_HandleTypeDefP19__DMA_HandleTypeDefjh  dev_serial.o
    0x08008e54   0x08008e54   0x000003fc   Code   RO         7448    i._ZN11Gimbal_Ctrl11Gimbal_InitEv  gimbal_task.o
    0x08009250   0x08009250   0x000001e4   Code   RO         7449    i._ZN11Gimbal_Ctrl12Control_loopEv  gimbal_task.o
    0x08009434   0x08009434   0x000000b4   Code   RO         7450    i._ZN11Gimbal_Ctrl13RC_to_ControlEPfS0_  gimbal_task.o
    0x080094e8   0x080094e8   0x00000156   Code   RO         7451    i._ZN11Gimbal_Ctrl14Behaviour_ModeEv  gimbal_task.o
    0x0800963e   0x0800963e   0x00000002   PAD
    0x08009640   0x08009640   0x0000012c   Code   RO         7452    i._ZN11Gimbal_Ctrl15Feedback_UpdateEv  gimbal_task.o
    0x0800976c   0x0800976c   0x0000003c   Code   RO         7453    i._ZN11Gimbal_Ctrl17Behaviour_ControlEPfS0_  gimbal_task.o
    0x080097a8   0x080097a8   0x000001f0   Code   RO         7454    i._ZN11Gimbal_Ctrl22Flag_Behaviour_ControlEv  gimbal_task.o
    0x08009998   0x08009998   0x00000034   Code   RO         7455    i._ZN11Gimbal_Ctrl27motor_relative_ECD_to_angleEtt  gimbal_task.o
    0x080099cc   0x080099cc   0x00000098   Code   RO         7456    i._ZN11Gimbal_Ctrl7ControlEv  gimbal_task.o
    0x08009a64   0x08009a64   0x000000c4   Code   RO         8272    i._ZN11Serial_Ctrl15Send_to_MessageEP10Serialctrlb  app_serial.o
    0x08009b28   0x08009b28   0x0000007c   Code   RO         8273    i._ZN11Serial_Ctrl4HookEP13USART_TypeDefb  app_serial.o
    0x08009ba4   0x08009ba4   0x00000244   Code   RO         8274    i._ZN11Serial_Ctrl6HandleEP10SerialctrlP13Serial_Data_tb  app_serial.o
    0x08009de8   0x08009de8   0x0000006a   Code   RO         8352    i._ZN11Serial_CtrlC1Ev  app_serial.o
    0x08009e52   0x08009e52   0x00000002   PAD
    0x08009e54   0x08009e54   0x00000094   Code   RO         7880    i._ZN12Message_Ctrl12CAN1_ProcessEPj  message_task.o
    0x08009ee8   0x08009ee8   0x000000a0   Code   RO         7881    i._ZN12Message_Ctrl12CAN2_ProcessEPj  message_task.o
    0x08009f88   0x08009f88   0x0000005c   Code   RO         7882    i._ZN12Message_Ctrl12Serialx_HookEPhP10Serialctrl  message_task.o
    0x08009fe4   0x08009fe4   0x000001e0   Code   RO         7883    i._ZN12Message_Ctrl13Gyro_CAN_HookEPjPh  message_task.o
    0x0800a1c4   0x0800a1c4   0x0000011c   Code   RO         7885    i._ZN12Message_Ctrl16Gyro_Serial_HookEPh  message_task.o
    0x0800a2e0   0x0800a2e0   0x0000005c   Code   RO         7887    i._ZN12Message_Ctrl17Target_Speed_CalcEP17speed_calc_data_tjf  message_task.o
    0x0800a33c   0x0800a33c   0x000000b4   Code   RO         7888    i._ZN12Message_Ctrl18Visual_Serial_HookEPh  message_task.o
    0x0800a3f0   0x0800a3f0   0x0000001c   Code   RO         7889    i._ZN12Message_Ctrl19Chassis_Serial_HookEPh  message_task.o
    0x0800a40c   0x0800a40c   0x00000024   Code   RO         7890    i._ZN12Message_Ctrl4InitEv  message_task.o
    0x0800a430   0x0800a430   0x00000046   Code   RO         8346    i._ZN13Serial_Data_tC1Ehhhhhhhh  app_serial.o
    0x0800a476   0x0800a476   0x0000000c   Code   RO         7550    i._ZN14Motor_CAN_Ctrl25Get_Motor_Measure_PointerEh  gimbal_task.o
    0x0800a482   0x0800a482   0x00000010   Code   RO         8062    i._ZN14Motor_CAN_Ctrl7GetDataEh  message_task.o
    0x0800a492   0x0800a492   0x0000001a   Code   RO         8213    i._ZN14Motor_CAN_CtrlC1EP19FDCAN_HandleTypeDefjh  app_motor.o
    0x0800a4ac   0x0800a4ac   0x000000a0   Code   RO         7093    i._ZN19correspondence_ctrl11Corres_CalcEv  correspond_task.o
    0x0800a54c   0x0800a54c   0x0000002c   Code   RO         7094    i._ZN19correspondence_ctrl11Corres_InitEv  correspond_task.o
    0x0800a578   0x0800a578   0x00000054   Code   RO         7095    i._ZN19correspondence_ctrl11Corres_SendEv  correspond_task.o
    0x0800a5cc   0x0800a5cc   0x000000f0   Code   RO         7096    i._ZN19correspondence_ctrl15Corres_FeedbackEv  correspond_task.o
    0x0800a6bc   0x0800a6bc   0x000000dc   Code   RO         7097    i._ZN19correspondence_ctrl8RGB_SendEv  correspond_task.o
    0x0800a798   0x0800a798   0x000000ec   Code   RO         7168    i._ZN19correspondence_ctrlC1Ev  correspond_task.o
    0x0800a884   0x0800a884   0x00000058   Code   RO         7156    i._ZN27kalman_filter_init_t_matrixC1ER6MatrixS1_S1_S1_S1_  correspond_task.o
    0x0800a8dc   0x0800a8dc   0x00000036   Code   RO         8755    i._ZN6Buffer11Buffer_ReadEP10RingBufferPh  drivers_buffer.o
    0x0800a912   0x0800a912   0x00000030   Code   RO         8759    i._ZN6Buffer12Buffer_WriteEP10RingBufferh  drivers_buffer.o
    0x0800a942   0x0800a942   0x0000002a   Code   RO         8760    i._ZN6Buffer9newBufferEP10RingBuffert  drivers_buffer.o
    0x0800a96c   0x0800a96c   0x0000003e   Code   RO         7150    i._ZN6MatrixC1Effff  correspond_task.o
    0x0800a9aa   0x0800a9aa   0x00000010   Code   RO         7162    i._ZN6MatrixC1Ev    correspond_task.o
    0x0800a9ba   0x0800a9ba   0x0000004e   Code   RO         8537    i._ZN7CANctrl10IRQHandlerEP19FDCAN_HandleTypeDefj  dev_can.o
    0x0800aa08   0x0800aa08   0x00000004   Code   RO         8538    i._ZN7CANctrl15attachInterruptEPFvPjE  dev_can.o
    0x0800aa0c   0x0800aa0c   0x00000018   Code   RO         8539    i._ZN7CANctrl4readEv  dev_can.o
    0x0800aa24   0x0800aa24   0x00000004   Code   RO         8540    i._ZN7CANctrl8ChangeIDEt  dev_can.o
    0x0800aa28   0x0800aa28   0x0000002c   Code   RO         8541    i._ZN7CANctrl8SendDataEPKvh  dev_can.o
    0x0800aa54   0x0800aa54   0x0000001a   Code   RO         8542    i._ZN7CANctrlC1EP19FDCAN_HandleTypeDefj  dev_can.o
    0x0800aa6e   0x0800aa6e   0x00000026   Code   RO         8136    i._ZN8CAN_Ctrl8SendDataEP14Motor_CAN_Ctrlss  app_motor.o
    0x0800aa94   0x0800aa94   0x00000032   Code   RO         8137    i._ZN8CAN_Ctrl8SendDataEP14Motor_CAN_Ctrlsss  app_motor.o
    0x0800aac6   0x0800aac6   0x00000002   PAD
    0x0800aac8   0x0800aac8   0x00000048   Code   RO         8139    i._ZN8CAN_Ctrl8SendDataEP19FDCAN_HandleTypeDefjPKvh  app_motor.o
    0x0800ab10   0x0800ab10   0x0000001e   Code   RO         8140    i._ZN8CAN_Ctrl8SendDataEP7CANctrljPKvh  app_motor.o
    0x0800ab2e   0x0800ab2e   0x00000002   PAD
    0x0800ab30   0x0800ab30   0x00000180   Code   RO         9232    i._ZN8PID_Ctrl4CalcEP11sPidTypeDefff  algorithm_pid.o
    0x0800acb0   0x0800acb0   0x0000000e   Code   RO         9234    i._ZN8PID_Ctrl4InitEP11sPidTypeDef7PidModeffffff  algorithm_pid.o
    0x0800acbe   0x0800acbe   0x00000060   Code   RO         7891    i._ZN8rc_key_c12rc_key_v_setEP9RC_ctrl_t  message_task.o
    0x0800ad1e   0x0800ad1e   0x0000000e   Code   RO         7893    i._ZN8rc_key_c13read_key_evenEP13count_num_keyPb  message_task.o
    0x0800ad2c   0x0800ad2c   0x00000020   Code   RO         7894    i._ZN8rc_key_c13sum_key_countEsP13count_num_key  message_task.o
    0x0800ad4c   0x0800ad4c   0x00000010   Code   RO         7896    i._ZN8rc_key_c15read_key_singleEP13count_num_key  message_task.o
    0x0800ad5c   0x0800ad5c   0x00000020   Code   RO         7897    i._ZN8rc_key_c15read_key_singleEP13count_num_keyPb  message_task.o
    0x0800ad7c   0x0800ad7c   0x0000001e   Code   RO         7898    i._ZN8rc_key_c8read_keyEP13count_num_key11key_count_ePb  message_task.o
    0x0800ad9a   0x0800ad9a   0x00000024   Code   RO         7899    i._ZN8rc_key_c8read_keyEP13count_num_key11key_count_eb  message_task.o
    0x0800adbe   0x0800adbe   0x00000026   Code   RO         8835    i._ZN9Statistic15Rate_Do_ExecuteEt  drivers_statistic.o
    0x0800ade4   0x0800ade4   0x00000058   Code   RO         8836    i._ZN9Statistic16Statistic_UpdateEj  drivers_statistic.o
    0x0800ae3c   0x0800ae3c   0x00000008   Code   RO         9694    i._Znaj             cpprt_w.l(array_new.o)
    0x0800ae44   0x0800ae44   0x00000028   Code   RO         9821    i._Znwj             cpprt_w.l(new.o)
    0x0800ae6c   0x0800ae6c   0x00000022   Code   RO          742    i.__NVIC_SetPriority  stm32h7xx_hal_cortex.o
    0x0800ae8e   0x0800ae8e   0x00000002   PAD
    0x0800ae90   0x0800ae90   0x00000038   Code   RO         8543    i.__sti___11_dev_can_cpp_06246a71  dev_can.o
    0x0800aec8   0x0800aec8   0x0000002c   Code   RO         8141    i.__sti___13_app_motor_cpp_CAN_Cmd  app_motor.o
    0x0800aef4   0x0800aef4   0x00000010   Code   RO         8276    i.__sti___14_app_serial_cpp_b352d478  app_serial.o
    0x0800af04   0x0800af04   0x00000064   Code   RO         8628    i.__sti___14_dev_serial_cpp_b5a91d4d  dev_serial.o
    0x0800af68   0x0800af68   0x00000002   Code   RO         7457    i.__sti___15_Gimbal_Task_cpp_Gimbal  gimbal_task.o
    0x0800af6a   0x0800af6a   0x00000002   PAD
    0x0800af6c   0x0800af6c   0x00000020   Code   RO         7900    i.__sti___16_Message_Task_cpp_Message  message_task.o
    0x0800af8c   0x0800af8c   0x00000010   Code   RO         7098    i.__sti___19_Correspond_Task_cpp_s  correspond_task.o
    0x0800af9c   0x0800af9c   0x00000046   Code   RO           18    i.main              main.o
    0x0800afe2   0x0800afe2   0x0000001c   Code   RO         6446    i.osDelay           cmsis_os2.o
    0x0800affe   0x0800affe   0x00000002   PAD
    0x0800b000   0x0800b000   0x00000024   Code   RO         6460    i.osKernelInitialize  cmsis_os2.o
    0x0800b024   0x0800b024   0x00000038   Code   RO         6463    i.osKernelStart     cmsis_os2.o
    0x0800b05c   0x0800b05c   0x00000090   Code   RO         6505    i.osThreadNew       cmsis_os2.o
    0x0800b0ec   0x0800b0ec   0x0000005c   Code   RO         5908    i.prvAddCurrentTaskToDelayedList  tasks.o
    0x0800b148   0x0800b148   0x000000d0   Code   RO         5909    i.prvAddNewTaskToReadyList  tasks.o
    0x0800b218   0x0800b218   0x00000058   Code   RO         6273    i.prvCheckForValidListAndQueue  timers.o
    0x0800b270   0x0800b270   0x00000026   Code   RO         5505    i.prvCopyDataFromQueue  queue.o
    0x0800b296   0x0800b296   0x0000006c   Code   RO         5506    i.prvCopyDataToQueue  queue.o
    0x0800b302   0x0800b302   0x00000034   Code   RO         5910    i.prvDeleteTCB      tasks.o
    0x0800b336   0x0800b336   0x00000002   PAD
    0x0800b338   0x0800b338   0x00000050   Code   RO         6957    i.prvHeapInit       heap_4.o
    0x0800b388   0x0800b388   0x00000060   Code   RO         5911    i.prvIdleTask       tasks.o
    0x0800b3e8   0x0800b3e8   0x00000022   Code   RO         5508    i.prvInitialiseNewQueue  queue.o
    0x0800b40a   0x0800b40a   0x000000b0   Code   RO         5912    i.prvInitialiseNewTask  tasks.o
    0x0800b4ba   0x0800b4ba   0x00000002   PAD
    0x0800b4bc   0x0800b4bc   0x0000004c   Code   RO         6958    i.prvInsertBlockIntoFreeList  heap_4.o
    0x0800b508   0x0800b508   0x0000003c   Code   RO         6275    i.prvInsertTimerInActiveList  timers.o
    0x0800b544   0x0800b544   0x0000001c   Code   RO         5509    i.prvIsQueueEmpty   queue.o
    0x0800b560   0x0800b560   0x000000f8   Code   RO         6276    i.prvProcessReceivedCommands  timers.o
    0x0800b658   0x0800b658   0x000000c0   Code   RO         6277    i.prvProcessTimerOrBlockTask  timers.o
    0x0800b718   0x0800b718   0x00000020   Code   RO         5914    i.prvResetNextTaskUnblockTime  tasks.o
    0x0800b738   0x0800b738   0x00000028   Code   RO         6278    i.prvSampleTimeNow  timers.o
    0x0800b760   0x0800b760   0x0000006c   Code   RO         6279    i.prvSwitchTimerLists  timers.o
    0x0800b7cc   0x0800b7cc   0x00000028   Code   RO         7013    i.prvTaskExitError  port.o
    0x0800b7f4   0x0800b7f4   0x00000024   Code   RO         6280    i.prvTimerTask      timers.o
    0x0800b818   0x0800b818   0x0000006a   Code   RO         5510    i.prvUnlockQueue    queue.o
    0x0800b882   0x0800b882   0x00000002   PAD
    0x0800b884   0x0800b884   0x000000dc   Code   RO         6959    i.pvPortMalloc      heap_4.o
    0x0800b960   0x0800b960   0x00000030   Code   RO         7014    i.pxPortInitialiseStack  port.o
    0x0800b990   0x0800b990   0x000000b4   Code   RO         8992    i.sbus_to_rc        protocol_dbus.o
    0x0800ba44   0x0800ba44   0x00000026   Code   RO         5465    i.uxListRemove      list.o
    0x0800ba6a   0x0800ba6a   0x00000002   PAD
    0x0800ba6c   0x0800ba6c   0x00000018   Code   RO         6517    i.vApplicationGetIdleTaskMemory  cmsis_os2.o
    0x0800ba84   0x0800ba84   0x00000018   Code   RO         6518    i.vApplicationGetTimerTaskMemory  cmsis_os2.o
    0x0800ba9c   0x0800ba9c   0x00000016   Code   RO         5466    i.vListInitialise   list.o
    0x0800bab2   0x0800bab2   0x00000006   Code   RO         5467    i.vListInitialiseItem  list.o
    0x0800bab8   0x0800bab8   0x00000030   Code   RO         5468    i.vListInsert       list.o
    0x0800bae8   0x0800bae8   0x00000018   Code   RO         5469    i.vListInsertEnd    list.o
    0x0800bb00   0x0800bb00   0x00000040   Code   RO         7016    i.vPortEnterCritical  port.o
    0x0800bb40   0x0800bb40   0x00000028   Code   RO         7017    i.vPortExitCritical  port.o
    0x0800bb68   0x0800bb68   0x00000064   Code   RO         6960    i.vPortFree         heap_4.o
    0x0800bbcc   0x0800bbcc   0x00000024   Code   RO         7018    i.vPortSetupTimerInterrupt  port.o
    0x0800bbf0   0x0800bbf0   0x00000054   Code   RO         7019    i.vPortValidateInterruptPriority  port.o
    0x0800bc44   0x0800bc44   0x00000028   Code   RO         5516    i.vQueueAddToRegistry  queue.o
    0x0800bc6c   0x0800bc6c   0x00000044   Code   RO         5520    i.vQueueWaitForMessageRestricted  queue.o
    0x0800bcb0   0x0800bcb0   0x0000004c   Code   RO         5927    i.vTaskDelay        tasks.o
    0x0800bcfc   0x0800bcfc   0x00000010   Code   RO         5932    i.vTaskInternalSetTimeOutState  tasks.o
    0x0800bd0c   0x0800bd0c   0x0000000c   Code   RO         5933    i.vTaskMissedYield  tasks.o
    0x0800bd18   0x0800bd18   0x00000030   Code   RO         5935    i.vTaskPlaceOnEventList  tasks.o
    0x0800bd48   0x0800bd48   0x00000038   Code   RO         5936    i.vTaskPlaceOnEventListRestricted  tasks.o
    0x0800bd80   0x0800bd80   0x00000088   Code   RO         5944    i.vTaskStartScheduler  tasks.o
    0x0800be08   0x0800be08   0x00000010   Code   RO         5946    i.vTaskSuspendAll   tasks.o
    0x0800be18   0x0800be18   0x00000064   Code   RO         5947    i.vTaskSwitchContext  tasks.o
    0x0800be7c   0x0800be7c   0x000000f4   Code   RO         7020    i.xPortStartScheduler  port.o
    0x0800bf70   0x0800bf70   0x0000002c   Code   RO         7021    i.xPortSysTickHandler  port.o
    0x0800bf9c   0x0800bf9c   0x00000042   Code   RO         5525    i.xQueueGenericCreate  queue.o
    0x0800bfde   0x0800bfde   0x00000066   Code   RO         5526    i.xQueueGenericCreateStatic  queue.o
    0x0800c044   0x0800c044   0x00000094   Code   RO         5527    i.xQueueGenericReset  queue.o
    0x0800c0d8   0x0800c0d8   0x00000160   Code   RO         5528    i.xQueueGenericSend  queue.o
    0x0800c238   0x0800c238   0x000000be   Code   RO         5529    i.xQueueGenericSendFromISR  queue.o
    0x0800c2f6   0x0800c2f6   0x00000002   PAD
    0x0800c2f8   0x0800c2f8   0x0000013c   Code   RO         5538    i.xQueueReceive     queue.o
    0x0800c434   0x0800c434   0x00000078   Code   RO         5949    i.xTaskCheckForTimeOut  tasks.o
    0x0800c4ac   0x0800c4ac   0x0000005a   Code   RO         5950    i.xTaskCreate       tasks.o
    0x0800c506   0x0800c506   0x00000056   Code   RO         5951    i.xTaskCreateStatic  tasks.o
    0x0800c55c   0x0800c55c   0x0000001c   Code   RO         5955    i.xTaskGetSchedulerState  tasks.o
    0x0800c578   0x0800c578   0x0000000c   Code   RO         5956    i.xTaskGetTickCount  tasks.o
    0x0800c584   0x0800c584   0x000000c8   Code   RO         5958    i.xTaskIncrementTick  tasks.o
    0x0800c64c   0x0800c64c   0x0000007c   Code   RO         5961    i.xTaskPriorityDisinherit  tasks.o
    0x0800c6c8   0x0800c6c8   0x00000070   Code   RO         5963    i.xTaskRemoveFromEventList  tasks.o
    0x0800c738   0x0800c738   0x000000c4   Code   RO         5964    i.xTaskResumeAll    tasks.o
    0x0800c7fc   0x0800c7fc   0x00000060   Code   RO         6289    i.xTimerCreateTimerTask  timers.o
    0x0800c85c   0x0800c85c   0x00000068   Code   RO         6290    i.xTimerGenericCommand  timers.o
    0x0800c8c4   0x0800c8c4   0x00000054   Code   RO         7544    t._ZN9ValidData9IsInvalidIfEEbT_  gimbal_task.o
    0x0800c918   0x0800c918   0x0000000a   Code   RO        10035    x$fpl$fpinit        g_wv.l(fpinit.o)
    0x0800c922   0x0800c922   0x00000002   PAD
    0x0800c924   0x0800c924   0x00000168   Data   RO          268    .constdata          freertos.o
    0x0800ca8c   0x0800ca8c   0x0000005c   Data   RO          964    .constdata          stm32h7xx_hal_fdcan.o
    0x0800cae8   0x0800cae8   0x00000008   Data   RO         2119    .constdata          stm32h7xx_hal_dma.o
    0x0800caf0   0x0800caf0   0x00000018   Data   RO         4831    .constdata          stm32h7xx_hal_uart.o
    0x0800cb08   0x0800cb08   0x00000010   Data   RO         5197    .constdata          stm32h7xx_hal_uart_ex.o
    0x0800cb18   0x0800cb18   0x00000010   Data   RO         5302    .constdata          system_stm32h7xx.o
    0x0800cb28   0x0800cb28   0x00000300   Data   RO         8950    .constdata          protocol_crc.o
    0x0800ce28   0x0800ce28   0x00000093   Data   RO          269    .conststring        freertos.o
    0x0800cebb   0x0800cebb   0x00000001   PAD
    0x0800cebc   0x0800cebc   0x00000020   Data   RO        10178    Region$$Table       anon$$obj.o
    0x0800cedc   0x0800cedc   0x00000004   Data   RO         7109    .init_array         correspond_task.o
    0x0800cee0   0x0800cedc   0x00000004   Data   RO         7473    .init_array         gimbal_task.o
    0x0800cee4   0x0800cedc   0x00000004   Data   RO         7931    .init_array         message_task.o
    0x0800cee8   0x0800cedc   0x00000004   Data   RO         8154    .init_array         app_motor.o
    0x0800ceec   0x0800cedc   0x00000004   Data   RO         8289    .init_array         app_serial.o
    0x0800cef0   0x0800cedc   0x00000004   Data   RO         8553    .init_array         dev_can.o
    0x0800cef4   0x0800cedc   0x00000004   Data   RO         8645    .init_array         dev_serial.o
    0x0800cef8   0x0800cedc   0x00000000   Data   RO         9689    .init_array         c_w.l(init_aeabi.o)


    Execution Region RW_IRAM1 (Exec base: 0x20000000, Load base: 0x0800cef8, Size: 0x00000000, Max: 0x00020000, ABSOLUTE)

    **** No section assigned to this execution region ****


    Execution Region RW_IRAM2 (Exec base: 0x24000000, Load base: 0x0800cef8, Size: 0x0000bed8, Max: 0x00050000, ABSOLUTE)

    Exec Addr    Load Addr    Size         Type   Attr      Idx    E Section Name        Object

    0x24000000   0x0800cef8   0x0000003c   Data   RW          270    .data               freertos.o
    0x2400003c   0x0800cf34   0x00000004   Data   RW          346    .data               fdcan.o
    0x24000040   0x0800cf38   0x0000000c   Data   RW         2851    .data               stm32h7xx_hal.o
    0x2400004c   0x0800cf44   0x00000008   Data   RW         5303    .data               system_stm32h7xx.o
    0x24000054   0x0800cf4c   0x0000003c   Data   RW         5967    .data               tasks.o
    0x24000090   0x0800cf88   0x00000014   Data   RW         6298    .data               timers.o
    0x240000a4   0x0800cf9c   0x00000004   Data   RW         6520    .data               cmsis_os2.o
    0x240000a8   0x0800cfa0   0x00000020   Data   RW         6966    .data               heap_4.o
    0x240000c8   0x0800cfc0   0x0000000c   Data   RW         7022    .data               port.o
    0x240000d4   0x0800cfcc   0x00000024   Data   RW         7930    .data               message_task.o
    0x240000f8   0x0800cff0   0x00000008   Data   RW         9038    .data               algorithm_kalman.o
    0x24000100   0x0800cff8   0x00000001   Data   RW         9252    .data               algorithm_pid.o
    0x24000101   0x0800cff9   0x00000003   PAD
    0x24000104        -       0x000001e0   Zero   RW          345    .bss                fdcan.o
    0x240002e4        -       0x00000188   Zero   RW          400    .bss                tim.o
    0x2400046c        -       0x000004a8   Zero   RW          455    .bss                usart.o
    0x24000914        -       0x0000004c   Zero   RW          687    .bss                stm32h7xx_hal_timebase_tim.o
    0x24000960        -       0x00000040   Zero   RW         5542    .bss                queue.o
    0x240009a0        -       0x000004c4   Zero   RW         5966    .bss                tasks.o
    0x24000e64        -       0x00000118   Zero   RW         6297    .bss                timers.o
    0x24000f7c        -       0x000006b8   Zero   RW         6519    .bss                cmsis_os2.o
    0x24001634        -       0x00003c00   Zero   RW         6965    .bss                heap_4.o
    0x24005234        -       0x00000288   Zero   RW         7106    .bss                correspond_task.o
    0x240054bc        -       0x000006cc   Zero   RW         7472    .bss                gimbal_task.o
    0x24005b88        -       0x000001d4   Zero   RW         7765    .bss                guard_task.o
    0x24005d5c        -       0x000002ac   Zero   RW         7929    .bss                message_task.o
    0x24006008        -       0x00000018   Zero   RW         8153    .bss                app_motor.o
    0x24006020        -       0x00000068   Zero   RW         8247    .bss                app_preference.o
    0x24006088        -       0x00000044   Zero   RW         8287    .bss                app_serial.o
    0x240060cc        -       0x000047d0   Zero   RW         8400    .bss                app_rgb.o
    0x2400a89c        -       0x00000150   Zero   RW         8552    .bss                dev_can.o
    0x2400a9ec        -       0x00000070   Zero   RW         8644    .bss                dev_serial.o
    0x2400aa5c        -       0x00000016   Zero   RW         8994    .bss                protocol_dbus.o
    0x2400aa72   0x0800cff9   0x00000002   PAD
    0x2400aa74        -       0x00000060   Zero   RW         9861    .bss                c_w.l(libspace.o)
    0x2400aad4   0x0800cff9   0x00000004   PAD
    0x2400aad8        -       0x00001000   Zero   RW            2    HEAP                startup_stm32h723xx.o
    0x2400bad8        -       0x00000400   Zero   RW            1    STACK               startup_stm32h723xx.o


==============================================================================

Image component sizes


      Code (inc. data)   RO Data    RW Data    ZI Data      Debug   Object Name

       534          4          0          8          0      19431   algorithm_kalman.o
       398          4          0          1          0       4950   algorithm_pid.o
       420         74          4          0         24       8885   app_motor.o
        20          4          0          0        104       7298   app_preference.o
       452         34          0          0      18384     931767   app_rgb.o
      1300        164          4          0         68       8593   app_serial.o
       338         22          0          4       1720      70783   cmsis_os2.o
      1226         84          4          0        648    1032197   correspond_task.o
       300         32          4          0        336       5516   dev_can.o
       620         94          4          0        112       9633   dev_serial.o
       140          4          0          0          0        906   dma.o
       144          0          0          0          0       4320   drivers_buffer.o
       126          6          0          0          0       3228   drivers_statistic.o
         0          0          0          0          0      19300   event_groups.o
       756         52          0          4        480       3557   fdcan.o
       264         54        507         60          0       5650   freertos.o
      3368        254          4          0       1740      26881   gimbal_task.o
       128         10          0          0          0       1023   gpio.o
       236         18          0          0        468       5215   guard_task.o
       476         24          0         32      15360       4859   heap_4.o
       138          0          0          0          0       3554   list.o
       310         10          0          0          0    1228976   main.o
      2192        218          4         36        684      22700   message_task.o
       790         84          0         12          0      11401   port.o
        56          4        768          0          0       2244   protocol_crc.o
       180          0          0          0         22       2935   protocol_dbus.o
      1596         22          0          0         64      18290   queue.o
         8          0          0          0          0       2194   rtossystem_task.o
        64         26        716          0       5120        824   startup_stm32h723xx.o
       120         28          0         12          0      22234   stm32h7xx_hal.o
       160         12          0          0          0      38718   stm32h7xx_hal_cortex.o
      5980        242          8          0          0      11826   stm32h7xx_hal_dma.o
      2814         50         92          0          0      21021   stm32h7xx_hal_fdcan.o
       550         44          0          0          0       2252   stm32h7xx_hal_gpio.o
        36          4          0          0          0        910   stm32h7xx_hal_msp.o
        84          6          0          0          0        769   stm32h7xx_hal_pwr_ex.o
      2466        110          0          0          0       7685   stm32h7xx_hal_rcc.o
      3622        112          0          0          0       7681   stm32h7xx_hal_rcc_ex.o
      3548        360          0          0          0      22721   stm32h7xx_hal_tim.o
       190         38          0          0          0       3172   stm32h7xx_hal_tim_ex.o
       132         22          0          0         76       1523   stm32h7xx_hal_timebase_tim.o
      4542        214         24          0          0      39907   stm32h7xx_hal_uart.o
       290          6         16          0          0       5358   stm32h7xx_hal_uart_ex.o
       248         86          0          0          0       9654   stm32h7xx_it.o
         0          0          0          0          0        384   stream_buffer.o
       192         34         16          8          0       1434   system_stm32h7xx.o
      2084        162          0         60       1220      26512   tasks.o
       580         44          0          0        392       3497   tim.o
       972         84          0         20        280      29387   timers.o
      1192         84          0          0       1192       4654   usart.o

    ----------------------------------------------------------------------
     46456       3044       2208        260      48496    3728409   Object Totals
         0          0         32          0          0          0   (incl. Generated)
        74          0          1          3          2          0   (incl. Padding)

    ----------------------------------------------------------------------

      Code (inc. data)   RO Data    RW Data    ZI Data      Debug   Library Member Name

       264          0          0          0          0      17798   arm_mat_add_f32.o
         8          0          0          0          0        843   arm_mat_init_f32.o
      1328          4          0          0          0       2718   arm_mat_inverse_f32.o
       316          4          0          0          0       1627   arm_mat_mult_f32.o
       264          0          0          0          0       1482   arm_mat_sub_f32.o
       276          0          0          0          0       1516   arm_mat_trans_f32.o
         8          0          0          0          0         68   __main.o
         0          0          0          0          0          0   __rtentry.o
        12          0          0          0          0          0   __rtentry2.o
         6          0          0          0          0          0   __rtentry4.o
        52          8          0          0          0          0   __scatter.o
        26          0          0          0          0          0   __scatter_copy.o
        28          0          0          0          0          0   __scatter_zi.o
        22          0          0          0          0         80   abort.o
        16          0          0          0          0         68   aeabi_memset.o
        48         34          0          0          0         76   defsig_abrt_inner.o
        14          0          0          0          0         80   defsig_abrt_outer.o
        10          0          0          0          0         68   defsig_exit.o
        50          0          0          0          0         88   defsig_general.o
        80         58          0          0          0         76   defsig_rtmem_inner.o
        14          0          0          0          0         80   defsig_rtmem_outer.o
        18          0          0          0          0         80   exit.o
        94          0          0          0          0         80   h1_alloc.o
        52          0          0          0          0         68   h1_extend.o
        78          0          0          0          0         80   h1_free.o
        14          0          0          0          0         84   h1_init.o
         6          0          0          0          0        152   heapauxi.o
         4          0          0          0          0        136   hguard.o
         0          0          0          0          0          0   indicate_semi.o
        36         10          0          0          0         80   init_aeabi.o
       138          0          0          0          0        168   init_alloc.o
         2          0          0          0          0          0   libinit.o
        18          0          0          0          0          0   libinit2.o
         2          0          0          0          0          0   libshutdown.o
         2          0          0          0          0          0   libshutdown2.o
         8          4          0          0         96         68   libspace.o
       238          0          0          0          0        100   lludivv7m.o
         0          0          0          0          0          0   maybetermalloc1.o
         8          4          0          0          0         68   rt_eh_globals_addr_intlibspace.o
         8          4          0          0          0         68   rt_heap_descriptor_intlibspace.o
        68          0          0          0          0         68   rt_memclr.o
        78          0          0          0          0         80   rt_memclr_w.o
       138          0          0          0          0         68   rt_memcpy_v6.o
       100          0          0          0          0         80   rt_memcpy_w.o
         8          4          0          0          0         68   rt_new_handler_addr_intlibspace.o
         2          0          0          0          0          0   rtexit.o
        10          0          0          0          0          0   rtexit2.o
        12          4          0          0          0         68   sys_exit.o
        74          0          0          0          0         80   sys_stackheap_outer.o
        14          0          0          0          0         76   sys_wrch.o
         2          0          0          0          0         68   use_no_semi.o
        80         12          0          0          0        104   arm_exceptions_globs.o
        60          0          0          0          0        108   arm_exceptions_mem.o
        26          0          0          0          0         76   arm_exceptions_terminate.o
         4          0          0          0          0         68   arm_newhandler_noexceptions.o
         8          0          0          0          0         76   array_new.o
        40          6          0          0          0         76   new.o
        10          0          0          0          0        116   fpinit.o

    ----------------------------------------------------------------------
      4320        156          0          0        100      29180   Library Totals
        18          0          0          0          4          0   (incl. Padding)

    ----------------------------------------------------------------------

      Code (inc. data)   RO Data    RW Data    ZI Data      Debug   Library Name

      2456          8          0          0          0      25984   arm_cortexM4lf_math.lib
      1618        130          0          0         96       2572   c_w.l
       218         18          0          0          0        508   cpprt_w.l
        10          0          0          0          0        116   g_wv.l

    ----------------------------------------------------------------------
      4320        156          0          0        100      29180   Library Totals

    ----------------------------------------------------------------------

==============================================================================


      Code (inc. data)   RO Data    RW Data    ZI Data      Debug   

     50776       3200       2208        260      48596    3721421   Grand Totals
     50776       3200       2208        260      48596    3721421   ELF Image Totals
     50776       3200       2208        260          0          0   ROM Totals

==============================================================================

    Total RO  Size (Code + RO Data)                52984 (  51.74kB)
    Total RW  Size (RW Data + ZI Data)             48856 (  47.71kB)
    Total ROM Size (Code + RO Data + RW Data)      53244 (  52.00kB)

==============================================================================

