<html>
<body>
<pre>
<h1>µVision Build Log</h1>
<h2>Tool Versions:</h2>
IDE-Version: ¦ÌVision V5.36.0.0
Copyright (C) 2021 ARM Ltd and ARM Germany GmbH. All rights reserved.
License Information: frgsdgfg huhanya, HP Inc., LIC=32B1Q-NKR9Q-DYCV3-A16L8-0TQ5S-QC3YS
 
Tool Versions:
Toolchain:       MDK-ARM Plus  Version: 5.36.0.0
Toolchain Path:  D:\MDK5\ARM\ARMCC\Bin
C Compiler:      Armcc.exe V5.06 update 7 (build 960)
Assembler:       Armasm.exe V5.06 update 7 (build 960)
Linker/Locator:  ArmLink.exe V5.06 update 7 (build 960)
Library Manager: ArmAr.exe V5.06 update 7 (build 960)
Hex Converter:   FromElf.exe V5.06 update 7 (build 960)
CPU DLL:         SARMCM3.DLL V5.36.0.0
Dialog DLL:      DCM.DLL V1.17.3.0
Target DLL:      CMSIS_AGDI.dll V1.33.0.0
Dialog DLL:      TCM.DLL V1.53.0.0
 
<h2>Project:</h2>
D:\H7\HAL_Gimbal\MDK-ARM\HAL_Gimbal.uvprojx
Project File Date:  10/08/2023

<h2>Output:</h2>
*** Using Compiler 'V5.06 update 7 (build 960)', folder: 'D:\MDK5\ARM\ARMCC\Bin'
Build target 'HAL_Gimbal'
compiling dev_system.cpp...
compiling app_preference.cpp...
compiling Guard_Task.cpp...
compiling protocol_correspond.cpp...
compiling algorithm_user_lib.cpp...
compiling dev_serial.cpp...
compiling freertos.c...
compiling dev_can.cpp...
compiling app_motor.cpp...
compiling Correspond_Task.cpp...
compiling app_serial.cpp...
compiling Message_Task.cpp...
compiling algorithm_pid.cpp...
compiling algorithm_LADRC.cpp...
compiling Gimbal_Task.cpp...
linking...
Program Size: Code=50776 RO-data=2208 RW-data=260 ZI-data=48596  
FromELF: creating hex file...
"HAL_Gimbal\HAL_Gimbal.axf" - 0 Error(s), 0 Warning(s).

<h2>Software Packages used:</h2>

Package Vendor: ARM
                http://www.keil.com/pack/ARM.CMSIS.5.8.0.pack
                ARM.CMSIS.5.8.0
                CMSIS (Common Microcontroller Software Interface Standard)
   * Component: CORE Version: 5.5.0

Package Vendor: Keil
                https://www.keil.com/pack/Keil.STM32H7xx_DFP.3.1.0.pack
                Keil.STM32H7xx_DFP.3.1.0
                STMicroelectronics STM32H7 Series Device Support and Examples

<h2>Collection of Component include folders:</h2>
  .\RTE\_HAL_Gimbal
  D:\MDK5\ARM\CMSIS\5.8.0\CMSIS\Core\Include
  D:\MDK5\Keil\STM32H7xx_DFP\3.1.0\Drivers\CMSIS\Device\ST\STM32H7xx\Include

<h2>Collection of Component Files used:</h2>

   * Component: ARM::CMSIS:CORE:5.5.0
      Include file:  CMSIS\Core\Include\tz_context.h
Build Time Elapsed:  00:00:22
</pre>
</body>
</html>
