Component: ARM Compiler 5.06 update 7 (build 960) Tool: armlink [4d3601]

==============================================================================

Section Cross References

    startup_stm32h723xx.o(STACK) refers (Special) to heapauxi.o(.text) for __use_two_region_memory
    startup_stm32h723xx.o(HEAP) refers (Special) to heapauxi.o(.text) for __use_two_region_memory
    startup_stm32h723xx.o(RESET) refers (Special) to heapauxi.o(.text) for __use_two_region_memory
    startup_stm32h723xx.o(RESET) refers to startup_stm32h723xx.o(STACK) for __initial_sp
    startup_stm32h723xx.o(RESET) refers to startup_stm32h723xx.o(.text) for Reset_Handler
    startup_stm32h723xx.o(RESET) refers to stm32h7xx_it.o(i.NMI_Handler) for NMI_Handler
    startup_stm32h723xx.o(RESET) refers to stm32h7xx_it.o(i.HardFault_Handler) for HardFault_Handler
    startup_stm32h723xx.o(RESET) refers to stm32h7xx_it.o(i.MemManage_Handler) for MemManage_Handler
    startup_stm32h723xx.o(RESET) refers to stm32h7xx_it.o(i.BusFault_Handler) for BusFault_Handler
    startup_stm32h723xx.o(RESET) refers to stm32h7xx_it.o(i.UsageFault_Handler) for UsageFault_Handler
    startup_stm32h723xx.o(RESET) refers to port.o(.emb_text) for SVC_Handler
    startup_stm32h723xx.o(RESET) refers to stm32h7xx_it.o(i.DebugMon_Handler) for DebugMon_Handler
    startup_stm32h723xx.o(RESET) refers to cmsis_os2.o(i.SysTick_Handler) for SysTick_Handler
    startup_stm32h723xx.o(RESET) refers to stm32h7xx_it.o(i.DMA1_Stream0_IRQHandler) for DMA1_Stream0_IRQHandler
    startup_stm32h723xx.o(RESET) refers to stm32h7xx_it.o(i.DMA1_Stream1_IRQHandler) for DMA1_Stream1_IRQHandler
    startup_stm32h723xx.o(RESET) refers to stm32h7xx_it.o(i.DMA1_Stream2_IRQHandler) for DMA1_Stream2_IRQHandler
    startup_stm32h723xx.o(RESET) refers to stm32h7xx_it.o(i.DMA1_Stream3_IRQHandler) for DMA1_Stream3_IRQHandler
    startup_stm32h723xx.o(RESET) refers to stm32h7xx_it.o(i.DMA1_Stream4_IRQHandler) for DMA1_Stream4_IRQHandler
    startup_stm32h723xx.o(RESET) refers to stm32h7xx_it.o(i.DMA1_Stream5_IRQHandler) for DMA1_Stream5_IRQHandler
    startup_stm32h723xx.o(RESET) refers to stm32h7xx_it.o(i.DMA1_Stream6_IRQHandler) for DMA1_Stream6_IRQHandler
    startup_stm32h723xx.o(RESET) refers to stm32h7xx_it.o(i.FDCAN1_IT0_IRQHandler) for FDCAN1_IT0_IRQHandler
    startup_stm32h723xx.o(RESET) refers to stm32h7xx_it.o(i.FDCAN2_IT0_IRQHandler) for FDCAN2_IT0_IRQHandler
    startup_stm32h723xx.o(RESET) refers to stm32h7xx_it.o(i.TIM1_UP_IRQHandler) for TIM1_UP_IRQHandler
    startup_stm32h723xx.o(RESET) refers to stm32h7xx_it.o(i.USART1_IRQHandler) for USART1_IRQHandler
    startup_stm32h723xx.o(RESET) refers to stm32h7xx_it.o(i.USART3_IRQHandler) for USART3_IRQHandler
    startup_stm32h723xx.o(RESET) refers to stm32h7xx_it.o(i.DMA1_Stream7_IRQHandler) for DMA1_Stream7_IRQHandler
    startup_stm32h723xx.o(RESET) refers to stm32h7xx_it.o(i.UART4_IRQHandler) for UART4_IRQHandler
    startup_stm32h723xx.o(RESET) refers to stm32h7xx_it.o(i.DMA2_Stream0_IRQHandler) for DMA2_Stream0_IRQHandler
    startup_stm32h723xx.o(RESET) refers to stm32h7xx_it.o(i.DMA2_Stream1_IRQHandler) for DMA2_Stream1_IRQHandler
    startup_stm32h723xx.o(RESET) refers to stm32h7xx_it.o(i.DMA2_Stream2_IRQHandler) for DMA2_Stream2_IRQHandler
    startup_stm32h723xx.o(RESET) refers to stm32h7xx_it.o(i.UART7_IRQHandler) for UART7_IRQHandler
    startup_stm32h723xx.o(RESET) refers to stm32h7xx_it.o(i.UART8_IRQHandler) for UART8_IRQHandler
    startup_stm32h723xx.o(RESET) refers to stm32h7xx_it.o(i.FDCAN3_IT0_IRQHandler) for FDCAN3_IT0_IRQHandler
    startup_stm32h723xx.o(.text) refers (Special) to heapauxi.o(.text) for __use_two_region_memory
    startup_stm32h723xx.o(.text) refers to system_stm32h7xx.o(i.SystemInit) for SystemInit
    startup_stm32h723xx.o(.text) refers to __main.o(!!!main) for __main
    startup_stm32h723xx.o(.text) refers to startup_stm32h723xx.o(HEAP) for Heap_Mem
    startup_stm32h723xx.o(.text) refers to startup_stm32h723xx.o(STACK) for Stack_Mem
    main.o(i.HAL_TIM_PeriodElapsedCallback) refers to stm32h7xx_hal.o(i.HAL_IncTick) for HAL_IncTick
    main.o(i.PeriphCommonClock_Config) refers to rt_memclr_w.o(.text) for __aeabi_memclr4
    main.o(i.PeriphCommonClock_Config) refers to stm32h7xx_hal_rcc_ex.o(i.HAL_RCCEx_PeriphCLKConfig) for HAL_RCCEx_PeriphCLKConfig
    main.o(i.SystemClock_Config) refers to rt_memclr_w.o(.text) for __aeabi_memclr4
    main.o(i.SystemClock_Config) refers to stm32h7xx_hal_pwr_ex.o(i.HAL_PWREx_ConfigSupply) for HAL_PWREx_ConfigSupply
    main.o(i.SystemClock_Config) refers to stm32h7xx_hal_rcc.o(i.HAL_RCC_OscConfig) for HAL_RCC_OscConfig
    main.o(i.SystemClock_Config) refers to stm32h7xx_hal_rcc.o(i.HAL_RCC_ClockConfig) for HAL_RCC_ClockConfig
    main.o(i.main) refers to stm32h7xx_hal.o(i.HAL_Init) for HAL_Init
    main.o(i.main) refers to main.o(i.SystemClock_Config) for SystemClock_Config
[...]
    Serialctrl::Serialctrl__sub_object(__UART_HandleTypeDef*, __DMA_HandleTypeDef*, unsigned, unsigned char) 0x0800929f   Thumb Code     0  dev_serial.o(i._ZN10SerialctrlC1EP20__UART_HandleTypeDefP19__DMA_HandleTypeDefjh)
    Gimbal_Ctrl::Gimbal_Init()               0x080092c1   Thumb Code   918  gimbal_task.o(i._ZN11Gimbal_Ctrl11Gimbal_InitEv)
    Gimbal_Ctrl::Control_loop()              0x080096bd   Thumb Code   470  gimbal_task.o(i._ZN11Gimbal_Ctrl12Control_loopEv)
    Gimbal_Ctrl::RC_to_Control(float*, float*) 0x080098a1   Thumb Code   164  gimbal_task.o(i._ZN11Gimbal_Ctrl13RC_to_ControlEPfS0_)
    Gimbal_Ctrl::Behaviour_Mode()            0x08009955   Thumb Code   342  gimbal_task.o(i._ZN11Gimbal_Ctrl14Behaviour_ModeEv)
    Gimbal_Ctrl::Feedback_Update()           0x08009aad   Thumb Code   280  gimbal_task.o(i._ZN11Gimbal_Ctrl15Feedback_UpdateEv)
    Gimbal_Ctrl::Behaviour_Control(float*, float*) 0x08009bd9   Thumb Code    52  gimbal_task.o(i._ZN11Gimbal_Ctrl17Behaviour_ControlEPfS0_)
    Gimbal_Ctrl::Flag_Behaviour_Control()    0x08009c15   Thumb Code   458  gimbal_task.o(i._ZN11Gimbal_Ctrl22Flag_Behaviour_ControlEv)
    Gimbal_Ctrl::motor_relative_ECD_to_angle(unsigned short, unsigned short) 0x08009e05   Thumb Code    46  gimbal_task.o(i._ZN11Gimbal_Ctrl27motor_relative_ECD_to_angleEtt)
    Gimbal_Ctrl::Control()                   0x08009e39   Thumb Code   146  gimbal_task.o(i._ZN11Gimbal_Ctrl7ControlEv)
    Serial_Ctrl::Send_to_Message(Serialctrl*, bool) 0x08009ed1   Thumb Code   198  app_serial.o(i._ZN11Serial_Ctrl15Send_to_MessageEP10Serialctrlb)
    Serial_Ctrl::Hook(USART_TypeDef*, bool)  0x08009fb9   Thumb Code   114  app_serial.o(i._ZN11Serial_Ctrl4HookEP13USART_TypeDefb)
    Serial_Ctrl::Handle(Serialctrl*, Serial_Data_t*, bool) 0x0800a055   Thumb Code   564  app_serial.o(i._ZN11Serial_Ctrl6HandleEP10SerialctrlP13Serial_Data_tb)
    Serial_Ctrl::Serial_Ctrl()               0x0800a299   Thumb Code   130  app_serial.o(i._ZN11Serial_CtrlC1Ev)
    Serial_Ctrl::Serial_Ctrl__sub_object()   0x0800a299   Thumb Code     0  app_serial.o(i._ZN11Serial_CtrlC1Ev)
    Message_Ctrl::CAN1_Process(unsigned*)    0x0800a31d   Thumb Code   134  message_task.o(i._ZN12Message_Ctrl12CAN1_ProcessEPj)
    Message_Ctrl::CAN2_Process(unsigned*)    0x0800a3b1   Thumb Code   146  message_task.o(i._ZN12Message_Ctrl12CAN2_ProcessEPj)
    Message_Ctrl::Serialx_Hook(unsigned char*, Serialctrl*) 0x0800a451   Thumb Code    70  message_task.o(i._ZN12Message_Ctrl12Serialx_HookEPhP10Serialctrl)
    Message_Ctrl::Gyro_CAN_Hook(unsigned*, unsigned char*) 0x0800a4ad   Thumb Code   472  message_task.o(i._ZN12Message_Ctrl13Gyro_CAN_HookEPjPh)
    Message_Ctrl::Gyro_Serial_Hook(unsigned char*) 0x0800a68d   Thumb Code   260  message_task.o(i._ZN12Message_Ctrl16Gyro_Serial_HookEPh)
    Message_Ctrl::Visual_Serial_Hook(unsigned char*) 0x0800a7a9   Thumb Code    22  message_task.o(i._ZN12Message_Ctrl18Visual_Serial_HookEPh)
    Message_Ctrl::Chassis_Serial_Hook(unsigned char*) 0x0800a7c5   Thumb Code    22  message_task.o(i._ZN12Message_Ctrl19Chassis_Serial_HookEPh)
    Message_Ctrl::Init()                     0x0800a7e1   Thumb Code    26  message_task.o(i._ZN12Message_Ctrl4InitEv)
    Serial_Data_t::Serial_Data_t(unsigned char, unsigned char, unsigned char, unsigned char, unsigned char, unsigned char, unsigned char, unsigned char) 0x0800a805   Thumb Code    70  app_serial.o(i._ZN13Serial_Data_tC1Ehhhhhhhh)
    Serial_Data_t::Serial_Data_t__sub_object(unsigned char, unsigned char, unsigned char, unsigned char, unsigned char, unsigned char, unsigned char, unsigned char) 0x0800a805   Thumb Code     0  app_serial.o(i._ZN13Serial_Data_tC1Ehhhhhhhh)
    Motor_CAN_Ctrl::Get_Motor_Measure_Pointer(unsigned char) 0x0800a84b   Thumb Code    12  gimbal_task.o(i._ZN14Motor_CAN_Ctrl25Get_Motor_Measure_PointerEh)
    Motor_CAN_Ctrl::GetData(unsigned char)   0x0800a857   Thumb Code    16  message_task.o(i._ZN14Motor_CAN_Ctrl7GetDataEh)
    Motor_CAN_Ctrl::Motor_CAN_Ctrl(FDCAN_HandleTypeDef*, unsigned, unsigned char) 0x0800a867   Thumb Code    26  app_motor.o(i._ZN14Motor_CAN_CtrlC1EP19FDCAN_HandleTypeDefjh)
    Motor_CAN_Ctrl::Motor_CAN_Ctrl__sub_object(FDCAN_HandleTypeDef*, unsigned, unsigned char) 0x0800a867   Thumb Code     0  app_motor.o(i._ZN14Motor_CAN_CtrlC1EP19FDCAN_HandleTypeDefjh)
    correspondence_ctrl::Corres_Calc()       0x0800a881   Thumb Code   152  correspond_task.o(i._ZN19correspondence_ctrl11Corres_CalcEv)
    correspondence_ctrl::Corres_Init()       0x0800a921   Thumb Code    44  correspond_task.o(i._ZN19correspondence_ctrl11Corres_InitEv)
    correspondence_ctrl::Corres_Send()       0x0800a94d   Thumb Code    68  correspond_task.o(i._ZN19correspondence_ctrl11Corres_SendEv)
    correspondence_ctrl::Corres_Feedback()   0x0800a9a5   Thumb Code   218  correspond_task.o(i._ZN19correspondence_ctrl15Corres_FeedbackEv)
    correspondence_ctrl::correspondence_ctrl() 0x0800aa95   Thumb Code   220  correspond_task.o(i._ZN19correspondence_ctrlC1Ev)
    correspondence_ctrl::correspondence_ctrl__sub_object() 0x0800aa95   Thumb Code     0  correspond_task.o(i._ZN19correspondence_ctrlC1Ev)
    kalman_filter_init_t_matrix::kalman_filter_init_t_matrix(Matrix&, Matrix&, Matrix&, Matrix&, Matrix&) 0x0800ab81   Thumb Code    88  correspond_task.o(i._ZN27kalman_filter_init_t_matrixC1ER6MatrixS1_S1_S1_S1_)
    kalman_filter_init_t_matrix::kalman_filter_init_t_matrix__sub_object(Matrix&, Matrix&, Matrix&, Matrix&, Matrix&) 0x0800ab81   Thumb Code     0  correspond_task.o(i._ZN27kalman_filter_init_t_matrixC1ER6MatrixS1_S1_S1_S1_)
    Buffer::Buffer_Read(RingBuffer*, unsigned char*) 0x0800abd9   Thumb Code    54  drivers_buffer.o(i._ZN6Buffer11Buffer_ReadEP10RingBufferPh)
    Buffer::Buffer_Write(RingBuffer*, unsigned char) 0x0800ac0f   Thumb Code    48  drivers_buffer.o(i._ZN6Buffer12Buffer_WriteEP10RingBufferh)
    Buffer::newBuffer(RingBuffer*, unsigned short) 0x0800ac3f   Thumb Code    42  drivers_buffer.o(i._ZN6Buffer9newBufferEP10RingBuffert)
    Matrix::Matrix(float, float, float, float) 0x0800ac69   Thumb Code    62  correspond_task.o(i._ZN6MatrixC1Effff)
    Matrix::Matrix__sub_object(float, float, float, float) 0x0800ac69   Thumb Code     0  correspond_task.o(i._ZN6MatrixC1Effff)
    Matrix::Matrix()                         0x0800aca7   Thumb Code    16  correspond_task.o(i._ZN6MatrixC1Ev)
    Matrix::Matrix__sub_object()             0x0800aca7   Thumb Code     0  correspond_task.o(i._ZN6MatrixC1Ev)
    CANctrl::IRQHandler(FDCAN_HandleTypeDef*, unsigned) 0x0800acb7   Thumb Code    78  dev_can.o(i._ZN7CANctrl10IRQHandlerEP19FDCAN_HandleTypeDefj)
    CANctrl::attachInterrupt(void(*)(unsigned*)) 0x0800ad05   Thumb Code     4  dev_can.o(i._ZN7CANctrl15attachInterruptEPFvPjE)
    CANctrl::read()                          0x0800ad09   Thumb Code    24  dev_can.o(i._ZN7CANctrl4readEv)
    CANctrl::ChangeID(unsigned short)        0x0800ad21   Thumb Code     4  dev_can.o(i._ZN7CANctrl8ChangeIDEt)
    CANctrl::SendData(const void*, unsigned char) 0x0800ad25   Thumb Code    44  dev_can.o(i._ZN7CANctrl8SendDataEPKvh)
    CANctrl::CANctrl(FDCAN_HandleTypeDef*, unsigned) 0x0800ad51   Thumb Code    26  dev_can.o(i._ZN7CANctrlC1EP19FDCAN_HandleTypeDefj)
    CANctrl::CANctrl__sub_object(FDCAN_HandleTypeDef*, unsigned) 0x0800ad51   Thumb Code     0  dev_can.o(i._ZN7CANctrlC1EP19FDCAN_HandleTypeDefj)
    CAN_Ctrl::SendData(Motor_CAN_Ctrl*, short, short) 0x0800ad6b   Thumb Code    38  app_motor.o(i._ZN8CAN_Ctrl8SendDataEP14Motor_CAN_Ctrlss)
    CAN_Ctrl::SendData(Motor_CAN_Ctrl*, short, short, short) 0x0800ad91   Thumb Code    50  app_motor.o(i._ZN8CAN_Ctrl8SendDataEP14Motor_CAN_Ctrlsss)
    CAN_Ctrl::SendData(FDCAN_HandleTypeDef*, unsigned, const void*, unsigned char) 0x0800adc5   Thumb Code    54  app_motor.o(i._ZN8CAN_Ctrl8SendDataEP19FDCAN_HandleTypeDefjPKvh)
    CAN_Ctrl::SendData(CANctrl*, unsigned, const void*, unsigned char) 0x0800ae0d   Thumb Code    30  app_motor.o(i._ZN8CAN_Ctrl8SendDataEP7CANctrljPKvh)
    PID_Ctrl::Calc(sPidTypeDef*, float, float) 0x0800ae2d   Thumb Code   380  algorithm_pid.o(i._ZN8PID_Ctrl4CalcEP11sPidTypeDefff)
    PID_Ctrl::Init(sPidTypeDef*, PidMode, float, float, float, float, float, float) 0x0800afad   Thumb Code    14  algorithm_pid.o(i._ZN8PID_Ctrl4InitEP11sPidTypeDef7PidModeffffff)
    rc_key_c::rc_key_v_set(RC_ctrl_t*)       0x0800afbb   Thumb Code    96  message_task.o(i._ZN8rc_key_c12rc_key_v_setEP9RC_ctrl_t)
    rc_key_c::read_key_even(count_num_key*, bool*) 0x0800b01b   Thumb Code    14  message_task.o(i._ZN8rc_key_c13read_key_evenEP13count_num_keyPb)
    rc_key_c::sum_key_count(short, count_num_key*) 0x0800b029   Thumb Code    32  message_task.o(i._ZN8rc_key_c13sum_key_countEsP13count_num_key)
    rc_key_c::read_key_single(count_num_key*) 0x0800b049   Thumb Code    16  message_task.o(i._ZN8rc_key_c15read_key_singleEP13count_num_key)
    rc_key_c::read_key_single(count_num_key*, bool*) 0x0800b059   Thumb Code    32  message_task.o(i._ZN8rc_key_c15read_key_singleEP13count_num_keyPb)
    rc_key_c::read_key(count_num_key*, key_count_e, bool*) 0x0800b079   Thumb Code    30  message_task.o(i._ZN8rc_key_c8read_keyEP13count_num_key11key_count_ePb)
    rc_key_c::read_key(count_num_key*, key_count_e, bool) 0x0800b097   Thumb Code    36  message_task.o(i._ZN8rc_key_c8read_keyEP13count_num_key11key_count_eb)
    Statistic::Rate_Do_Execute(unsigned short) 0x0800b0bb   Thumb Code    38  drivers_statistic.o(i._ZN9Statistic15Rate_Do_ExecuteEt)
    Statistic::Statistic_Update(unsigned)    0x0800b0e1   Thumb Code    82  drivers_statistic.o(i._ZN9Statistic16Statistic_UpdateEj)
    operator new[] (unsigned)                0x0800b139   Thumb Code     8  array_new.o(i._Znaj)
    operator new(unsigned)                   0x0800b141   Thumb Code    34  new.o(i._Znwj)
    main                                     0x0800b2b9   Thumb Code    74  main.o(i.main)
    osDelay                                  0x0800b303   Thumb Code    28  cmsis_os2.o(i.osDelay)
    osKernelInitialize                       0x0800b321   Thumb Code    32  cmsis_os2.o(i.osKernelInitialize)
    osKernelStart                            0x0800b345   Thumb Code    48  cmsis_os2.o(i.osKernelStart)
    osThreadNew                              0x0800b37d   Thumb Code   144  cmsis_os2.o(i.osThreadNew)
    pvPortMalloc                             0x0800bba5   Thumb Code   216  heap_4.o(i.pvPortMalloc)
    pxPortInitialiseStack                    0x0800bc81   Thumb Code    42  port.o(i.pxPortInitialiseStack)
    sbus_to_rc                               0x0800bcb1   Thumb Code   180  protocol_dbus.o(i.sbus_to_rc)
    uxListRemove                             0x0800bd65   Thumb Code    38  list.o(i.uxListRemove)
    vApplicationGetIdleTaskMemory            0x0800bd8d   Thumb Code    18  cmsis_os2.o(i.vApplicationGetIdleTaskMemory)
    vApplicationGetTimerTaskMemory           0x0800bda5   Thumb Code    20  cmsis_os2.o(i.vApplicationGetTimerTaskMemory)
    vListInitialise                          0x0800bdbd   Thumb Code    22  list.o(i.vListInitialise)
    vListInitialiseItem                      0x0800bdd3   Thumb Code     6  list.o(i.vListInitialiseItem)
    vListInsert                              0x0800bdd9   Thumb Code    48  list.o(i.vListInsert)
    vListInsertEnd                           0x0800be09   Thumb Code    24  list.o(i.vListInsertEnd)
    vPortEnterCritical                       0x0800be21   Thumb Code    54  port.o(i.vPortEnterCritical)
    vPortExitCritical                        0x0800be61   Thumb Code    34  port.o(i.vPortExitCritical)
    vPortFree                                0x0800be89   Thumb Code    94  heap_4.o(i.vPortFree)
    vPortSetupTimerInterrupt                 0x0800beed   Thumb Code    32  port.o(i.vPortSetupTimerInterrupt)
    vPortValidateInterruptPriority           0x0800bf11   Thumb Code    74  port.o(i.vPortValidateInterruptPriority)
    vQueueAddToRegistry                      0x0800bf65   Thumb Code    34  queue.o(i.vQueueAddToRegistry)
    vQueueWaitForMessageRestricted           0x0800bf8d   Thumb Code    68  queue.o(i.vQueueWaitForMessageRestricted)
    vTaskDelay                               0x0800bfd1   Thumb Code    66  tasks.o(i.vTaskDelay)
    vTaskInternalSetTimeOutState             0x0800c01d   Thumb Code    12  tasks.o(i.vTaskInternalSetTimeOutState)
    vTaskMissedYield                         0x0800c02d   Thumb Code     8  tasks.o(i.vTaskMissedYield)
    vTaskPlaceOnEventList                    0x0800c039   Thumb Code    44  tasks.o(i.vTaskPlaceOnEventList)
    vTaskPlaceOnEventListRestricted          0x0800c069   Thumb Code    52  tasks.o(i.vTaskPlaceOnEventListRestricted)
    vTaskStartScheduler                      0x0800c0a1   Thumb Code   118  tasks.o(i.vTaskStartScheduler)
    vTaskSuspendAll                          0x0800c129   Thumb Code    10  tasks.o(i.vTaskSuspendAll)
    vTaskSwitchContext                       0x0800c139   Thumb Code    90  tasks.o(i.vTaskSwitchContext)
    xPortStartScheduler                      0x0800c19d   Thumb Code   222  port.o(i.xPortStartScheduler)
    xPortSysTickHandler                      0x0800c291   Thumb Code    38  port.o(i.xPortSysTickHandler)
    xQueueGenericCreate                      0x0800c2bd   Thumb Code    66  queue.o(i.xQueueGenericCreate)
    xQueueGenericCreateStatic                0x0800c2ff   Thumb Code   102  queue.o(i.xQueueGenericCreateStatic)
    xQueueGenericReset                       0x0800c365   Thumb Code   144  queue.o(i.xQueueGenericReset)
    xQueueGenericSend                        0x0800c3f9   Thumb Code   346  queue.o(i.xQueueGenericSend)
    xQueueGenericSendFromISR                 0x0800c559   Thumb Code   190  queue.o(i.xQueueGenericSendFromISR)
    xQueueReceive                            0x0800c619   Thumb Code   310  queue.o(i.xQueueReceive)
    xTaskCheckForTimeOut                     0x0800c755   Thumb Code   116  tasks.o(i.xTaskCheckForTimeOut)
    xTaskCreate                              0x0800c7cd   Thumb Code    90  tasks.o(i.xTaskCreate)
    xTaskCreateStatic                        0x0800c827   Thumb Code    86  tasks.o(i.xTaskCreateStatic)
    xTaskGetSchedulerState                   0x0800c87d   Thumb Code    22  tasks.o(i.xTaskGetSchedulerState)
    xTaskGetTickCount                        0x0800c899   Thumb Code     6  tasks.o(i.xTaskGetTickCount)
    xTaskIncrementTick                       0x0800c8a5   Thumb Code   192  tasks.o(i.xTaskIncrementTick)
    xTaskPriorityDisinherit                  0x0800c96d   Thumb Code   116  tasks.o(i.xTaskPriorityDisinherit)
    xTaskRemoveFromEventList                 0x0800c9e9   Thumb Code   100  tasks.o(i.xTaskRemoveFromEventList)
    xTaskResumeAll                           0x0800ca59   Thumb Code   184  tasks.o(i.xTaskResumeAll)
    xTimerCreateTimerTask                    0x0800cb1d   Thumb Code    78  timers.o(i.xTimerCreateTimerTask)
    xTimerGenericCommand                     0x0800cb7d   Thumb Code    98  timers.o(i.xTimerGenericCommand)
    bool ValidData::IsInvalid<float>(T1)     0x0800cbe5   Thumb Code    68  gimbal_task.o(t._ZN9ValidData9IsInvalidIfEEbT_)
    _fp_init                                 0x0800cc39   Thumb Code    10  fpinit.o(x$fpl$fpinit)
    __fplib_config_fpu_vfp                   0x0800cc41   Thumb Code     0  fpinit.o(x$fpl$fpinit)
    __fplib_config_pureend_doubles           0x0800cc41   Thumb Code     0  fpinit.o(x$fpl$fpinit)
    defaultTask_attributes                   0x0800cc44   Data          36  freertos.o(.constdata)
    RTOSsystem_task_attributes               0x0800cc68   Data          36  freertos.o(.constdata)
    Gimbal_task_attributes                   0x0800cc8c   Data          36  freertos.o(.constdata)
    Guard_task_attributes                    0x0800ccb0   Data          36  freertos.o(.constdata)
    Correspond_task_attributes               0x0800ccd4   Data          36  freertos.o(.constdata)
    Message_task_attributes                  0x0800ccf8   Data          36  freertos.o(.constdata)
    CAN1_Rx_task_attributes                  0x0800cd1c   Data          36  freertos.o(.constdata)
    CAN2_Rx_task_attributes                  0x0800cd40   Data          36  freertos.o(.constdata)
    Serial_Rx_task_attributes                0x0800cd64   Data          36  freertos.o(.constdata)
    DR16_Rx_task_attributes                  0x0800cd88   Data          36  freertos.o(.constdata)
    UARTPrescTable                           0x0800ce10   Data          24  stm32h7xx_hal_uart.o(.constdata)
    D1CorePrescTable                         0x0800ce38   Data          16  system_stm32h7xx.o(.constdata)
    Region$$Table$$Base                      0x0800d1dc   Number         0  anon$$obj.o(Region$$Table)
    Region$$Table$$Limit                     0x0800d1fc   Number         0  anon$$obj.o(Region$$Table)
    SHT$$INIT_ARRAY$$Base                    0x0800d1fc   Number         0  correspond_task.o(.init_array)
    SHT$$INIT_ARRAY$$Limit                   0x0800d218   Number         0  init_aeabi.o(.init_array)
    defaultTaskHandle                        0x24000000   Data           4  freertos.o(.data)
    RTOSsystem_taskHandle                    0x24000004   Data           4  freertos.o(.data)
    Gimbal_taskHandle                        0x24000008   Data           4  freertos.o(.data)
    Guard_taskHandle                         0x2400000c   Data           4  freertos.o(.data)
    Correspond_taskHandle                    0x24000010   Data           4  freertos.o(.data)
    Message_taskHandle                       0x24000014   Data           4  freertos.o(.data)
    CAN1_Rx_taskHandle                       0x24000018   Data           4  freertos.o(.data)
    CAN2_Rx_taskHandle                       0x2400001c   Data           4  freertos.o(.data)
    Serial_Rx_taskHandle                     0x24000020   Data           4  freertos.o(.data)
    DR16_Rx_taskHandle                       0x24000024   Data           4  freertos.o(.data)
    Message_Queue                            0x24000028   Data           4  freertos.o(.data)
    CAN1_Rx_Queue                            0x2400002c   Data           4  freertos.o(.data)
    CAN2_Rx_Queue                            0x24000030   Data           4  freertos.o(.data)
    Serial_Rx_Queue                          0x24000034   Data           4  freertos.o(.data)
    DR16_Rx_Queue                            0x24000038   Data           4  freertos.o(.data)
    uwTickFreq                               0x24000040   Data           1  stm32h7xx_hal.o(.data)
    uwTickPrio                               0x24000044   Data           4  stm32h7xx_hal.o(.data)
    uwTick                                   0x24000048   Data           4  stm32h7xx_hal.o(.data)
    SystemCoreClock                          0x2400004c   Data           4  system_stm32h7xx.o(.data)
    SystemD2Clock                            0x24000050   Data           4  system_stm32h7xx.o(.data)
    pxCurrentTCB                             0x24000054   Data           4  tasks.o(.data)
    s                                        0x240000d4   Data          11  correspond_task.o(.data)
    matrix_value1                            0x24000104   Data           4  algorithm_kalman.o(.data)
    matrix_value2                            0x24000108   Data           4  algorithm_kalman.o(.data)
    PID                                      0x2400010c   Data           1  algorithm_pid.o(.data)
    hfdcan1                                  0x24000110   Data         160  fdcan.o(.bss)
    hfdcan2                                  0x240001b0   Data         160  fdcan.o(.bss)
    hfdcan3                                  0x24000250   Data         160  fdcan.o(.bss)
    htim2                                    0x240002f0   Data          76  tim.o(.bss)
    htim3                                    0x2400033c   Data          76  tim.o(.bss)
    hdma_tim3_ch1                            0x24000388   Data         120  tim.o(.bss)
    huart4                                   0x24000400   Data         148  usart.o(.bss)
    huart7                                   0x24000494   Data         148  usart.o(.bss)
    huart8                                   0x24000528   Data         148  usart.o(.bss)
    huart1                                   0x240005bc   Data         148  usart.o(.bss)
    huart3                                   0x24000650   Data         148  usart.o(.bss)
    hdma_uart4_rx                            0x240006e4   Data         120  usart.o(.bss)
    hdma_uart4_tx                            0x2400075c   Data         120  usart.o(.bss)
    hdma_uart7_rx                            0x240007d4   Data         120  usart.o(.bss)
    hdma_uart7_tx                            0x2400084c   Data         120  usart.o(.bss)
    hdma_uart8_rx                            0x240008c4   Data         120  usart.o(.bss)
    hdma_uart8_tx                            0x2400093c   Data         120  usart.o(.bss)
    hdma_usart1_rx                           0x240009b4   Data         120  usart.o(.bss)
    hdma_usart1_tx                           0x24000a2c   Data         120  usart.o(.bss)
    hdma_usart3_rx                           0x24000aa4   Data         120  usart.o(.bss)
    hdma_usart3_tx                           0x24000b1c   Data         120  usart.o(.bss)
    htim1                                    0x24000b94   Data          76  stm32h7xx_hal_timebase_tim.o(.bss)
    xQueueRegistry                           0x24000be0   Data          64  queue.o(.bss)
    Corres                                   0x240054b4   Data         648  correspond_task.o(.bss)
    Gimbal                                   0x2400573c   Data        1740  gimbal_task.o(.bss)
    Guard                                    0x24005e08   Data         504  guard_task.o(.bss)
    Message                                  0x24006000   Data         664  message_task.o(.bss)
    r                                        0x24006298   Data          20  message_task.o(.bss)
    CAN_Cmd                                  0x240062ac   Data          24  app_motor.o(.bss)
    ID_Data                                  0x240062c4   Data         112  app_preference.o(.bss)
    Serial_Cmd                               0x24006334   Data          84  app_serial.o(.bss)
    CAN1_Ctrl                                0x2400ab58   Data         112  dev_can.o(.bss)
    CAN2_Ctrl                                0x2400abc8   Data         112  dev_can.o(.bss)
    CAN3_Ctrl                                0x2400ac38   Data         112  dev_can.o(.bss)
    Serial1_Ctrl                             0x2400aca8   Data          28  dev_serial.o(.bss)
    Serial3_Ctrl                             0x2400acc4   Data          28  dev_serial.o(.bss)
    Serial4_Ctrl                             0x2400ace0   Data          28  dev_serial.o(.bss)
    Serial7_Ctrl                             0x2400acfc   Data          28  dev_serial.o(.bss)
    Serial8_Ctrl                             0x2400ad18   Data          28  dev_serial.o(.bss)
    RC_ctrl                                  0x2400ad34   Data          22  protocol_dbus.o(.bss)
    __libspace_start                         0x2400ad4c   Data          96  libspace.o(.bss)
    __temporary_stack_top$libspace           0x2400adac   Data           0  libspace.o(.bss)



==============================================================================

Memory Map of the image

  Image Entry point : 0x080002cd

  Load Region LR_IROM1 (Base: 0x08000000, Size: 0x0000d328, Max: 0x00100000, ABSOLUTE)

    Execution Region ER_IROM1 (Exec base: 0x08000000, Load base: 0x08000000, Size: 0x0000d218, Max: 0x00100000, ABSOLUTE)

    Exec Addr    Load Addr    Size         Type   Attr      Idx    E Section Name        Object

    0x08000000   0x08000000   0x000002cc   Data   RO            3    RESET               startup_stm32h723xx.o
    0x080002cc   0x080002cc   0x00000008   Code   RO         9728  * !!!main             c_w.l(__main.o)
    0x080002d4   0x080002d4   0x00000034   Code   RO        10222    !!!scatter          c_w.l(__scatter.o)
    0x08000308   0x08000308   0x0000001a   Code   RO        10224    !!handler_copy      c_w.l(__scatter_copy.o)
    0x08000322   0x08000322   0x00000002   PAD
    0x08000324   0x08000324   0x0000001c   Code   RO        10226    !!handler_zi        c_w.l(__scatter_zi.o)
    0x08000340   0x08000340   0x00000002   Code   RO        10107    .ARM.Collect$$libinit$$00000000  c_w.l(libinit.o)
    0x08000342   0x08000342   0x00000004   Code   RO         9818    .ARM.Collect$$libinit$$00000001  c_w.l(libinit2.o)
    0x08000346   0x08000346   0x00000000   Code   RO         9821    .ARM.Collect$$libinit$$00000004  c_w.l(libinit2.o)
    0x08000346   0x08000346   0x00000008   Code   RO         9822    .ARM.Collect$$libinit$$00000005  c_w.l(libinit2.o)
    0x0800034e   0x0800034e   0x00000000   Code   RO         9824    .ARM.Collect$$libinit$$0000000A  c_w.l(libinit2.o)
    0x0800034e   0x0800034e   0x00000000   Code   RO         9826    .ARM.Collect$$libinit$$0000000C  c_w.l(libinit2.o)
    0x0800034e   0x0800034e   0x00000000   Code   RO         9828    .ARM.Collect$$libinit$$0000000E  c_w.l(libinit2.o)
    0x0800034e   0x0800034e   0x00000000   Code   RO         9831    .ARM.Collect$$libinit$$00000011  c_w.l(libinit2.o)
    0x0800034e   0x0800034e   0x00000000   Code   RO         9833    .ARM.Collect$$libinit$$00000013  c_w.l(libinit2.o)
    0x0800034e   0x0800034e   0x00000000   Code   RO         9835    .ARM.Collect$$libinit$$00000015  c_w.l(libinit2.o)
    0x0800034e   0x0800034e   0x00000000   Code   RO         9837    .ARM.Collect$$libinit$$00000017  c_w.l(libinit2.o)
    0x0800034e   0x0800034e   0x00000000   Code   RO         9839    .ARM.Collect$$libinit$$00000019  c_w.l(libinit2.o)
    0x0800034e   0x0800034e   0x00000000   Code   RO         9841    .ARM.Collect$$libinit$$0000001B  c_w.l(libinit2.o)
    0x0800034e   0x0800034e   0x00000000   Code   RO         9843    .ARM.Collect$$libinit$$0000001D  c_w.l(libinit2.o)
    0x0800034e   0x0800034e   0x00000000   Code   RO         9845    .ARM.Collect$$libinit$$0000001F  c_w.l(libinit2.o)
    0x0800034e   0x0800034e   0x00000000   Code   RO         9847    .ARM.Collect$$libinit$$00000021  c_w.l(libinit2.o)
    0x0800034e   0x0800034e   0x00000000   Code   RO         9849    .ARM.Collect$$libinit$$00000023  c_w.l(libinit2.o)
    0x0800034e   0x0800034e   0x00000000   Code   RO         9851    .ARM.Collect$$libinit$$00000025  c_w.l(libinit2.o)
    0x0800034e   0x0800034e   0x00000000   Code   RO         9855    .ARM.Collect$$libinit$$0000002C  c_w.l(libinit2.o)
    0x0800034e   0x0800034e   0x00000000   Code   RO         9857    .ARM.Collect$$libinit$$0000002E  c_w.l(libinit2.o)
    0x0800034e   0x0800034e   0x00000000   Code   RO         9859    .ARM.Collect$$libinit$$00000030  c_w.l(libinit2.o)
    0x0800034e   0x0800034e   0x00000004   Code   RO         9860    .ARM.Collect$$libinit$$00000031  c_w.l(libinit2.o)
    0x08000352   0x08000352   0x00000000   Code   RO         9861    .ARM.Collect$$libinit$$00000032  c_w.l(libinit2.o)
    0x08000352   0x08000352   0x00000002   Code   RO         9862    .ARM.Collect$$libinit$$00000033  c_w.l(libinit2.o)
    0x08000354   0x08000354   0x00000002   Code   RO        10219    .ARM.Collect$$libshutdown$$00000000  c_w.l(libshutdown.o)
    0x08000356   0x08000356   0x00000000   Code   RO        10153    .ARM.Collect$$libshutdown$$00000002  c_w.l(libshutdown2.o)
    0x08000356   0x08000356   0x00000000   Code   RO        10155    .ARM.Collect$$libshutdown$$00000004  c_w.l(libshutdown2.o)
    0x08000356   0x08000356   0x00000000   Code   RO        10157    .ARM.Collect$$libshutdown$$00000006  c_w.l(libshutdown2.o)
    0x08000356   0x08000356   0x00000000   Code   RO        10160    .ARM.Collect$$libshutdown$$00000009  c_w.l(libshutdown2.o)
    0x08000356   0x08000356   0x00000000   Code   RO        10163    .ARM.Collect$$libshutdown$$0000000C  c_w.l(libshutdown2.o)
    0x08000356   0x08000356   0x00000000   Code   RO        10165    .ARM.Collect$$libshutdown$$0000000E  c_w.l(libshutdown2.o)
    0x08000356   0x08000356   0x00000000   Code   RO        10168    .ARM.Collect$$libshutdown$$00000011  c_w.l(libshutdown2.o)
    0x08000356   0x08000356   0x00000002   Code   RO        10169    .ARM.Collect$$libshutdown$$00000012  c_w.l(libshutdown2.o)
    0x08000358   0x08000358   0x00000000   Code   RO         9778    .ARM.Collect$$rtentry$$00000000  c_w.l(__rtentry.o)
    0x08000358   0x08000358   0x00000000   Code   RO         9906    .ARM.Collect$$rtentry$$00000002  c_w.l(__rtentry2.o)
    0x08000358   0x08000358   0x00000006   Code   RO         9918    .ARM.Collect$$rtentry$$00000004  c_w.l(__rtentry4.o)
    0x0800035e   0x0800035e   0x00000000   Code   RO         9908    .ARM.Collect$$rtentry$$00000009  c_w.l(__rtentry2.o)
    0x0800035e   0x0800035e   0x00000004   Code   RO         9909    .ARM.Collect$$rtentry$$0000000A  c_w.l(__rtentry2.o)
    0x08000362   0x08000362   0x00000000   Code   RO         9911    .ARM.Collect$$rtentry$$0000000C  c_w.l(__rtentry2.o)
    0x08000362   0x08000362   0x00000008   Code   RO         9912    .ARM.Collect$$rtentry$$0000000D  c_w.l(__rtentry2.o)
    0x0800036a   0x0800036a   0x00000002   Code   RO        10136    .ARM.Collect$$rtexit$$00000000  c_w.l(rtexit.o)
    0x0800036c   0x0800036c   0x00000000   Code   RO        10183    .ARM.Collect$$rtexit$$00000002  c_w.l(rtexit2.o)
    0x0800036c   0x0800036c   0x00000004   Code   RO        10184    .ARM.Collect$$rtexit$$00000003  c_w.l(rtexit2.o)
    0x08000370   0x08000370   0x00000006   Code   RO        10185    .ARM.Collect$$rtexit$$00000004  c_w.l(rtexit2.o)
    0x08000376   0x08000376   0x00000002   PAD
    0x08000378   0x08000378   0x000000be   Code   RO         7048    .emb_text           port.o
    0x08000436   0x08000436   0x00000002   PAD
    0x08000438   0x08000438   0x00000000   Code   RO         9934    .emb_text           c_w.l(maybetermalloc1.o)
    0x08000438   0x08000438   0x00000040   Code   RO            4    .text               startup_stm32h723xx.o
    0x08000478   0x08000478   0x00000108   Code   RO         9488    .text               arm_cortexM4lf_math.lib(arm_mat_add_f32.o)
    0x08000580   0x08000580   0x00000008   Code   RO         9537    .text               arm_cortexM4lf_math.lib(arm_mat_init_f32.o)
    0x08000588   0x08000588   0x00000530   Code   RO         9561    .text               arm_cortexM4lf_math.lib(arm_mat_inverse_f32.o)
    0x08000ab8   0x08000ab8   0x0000013c   Code   RO         9585    .text               arm_cortexM4lf_math.lib(arm_mat_mult_f32.o)
    0x08000bf4   0x08000bf4   0x00000108   Code   RO         9609    .text               arm_cortexM4lf_math.lib(arm_mat_sub_f32.o)
    0x08000cfc   0x08000cfc   0x00000114   Code   RO         9633    .text               arm_cortexM4lf_math.lib(arm_mat_trans_f32.o)
    0x08000e10   0x08000e10   0x0000005e   Code   RO         9658    .text               c_w.l(h1_alloc.o)
    0x08000e6e   0x08000e6e   0x000000ee   Code   RO         9712    .text               c_w.l(lludivv7m.o)
    0x08000f5c   0x08000f5c   0x0000008a   Code   RO         9714    .text               c_w.l(rt_memcpy_v6.o)
    0x08000fe6   0x08000fe6   0x00000064   Code   RO         9716    .text               c_w.l(rt_memcpy_w.o)
    0x0800104a   0x0800104a   0x00000010   Code   RO         9720    .text               c_w.l(aeabi_memset.o)
    0x0800105a   0x0800105a   0x00000044   Code   RO         9722    .text               c_w.l(rt_memclr.o)
    0x0800109e   0x0800109e   0x0000004e   Code   RO         9724    .text               c_w.l(rt_memclr_w.o)
    0x080010ec   0x080010ec   0x00000006   Code   RO         9726    .text               c_w.l(heapauxi.o)
    0x080010f2   0x080010f2   0x00000002   PAD
    0x080010f4   0x080010f4   0x00000024   Code   RO         9733    .text               c_w.l(init_aeabi.o)
    0x08001118   0x08001118   0x00000008   Code   RO         9786    .text               c_w.l(rt_heap_descriptor_intlibspace.o)
    0x08001120   0x08001120   0x00000004   Code   RO         9788    .text               c_w.l(hguard.o)
    0x08001124   0x08001124   0x0000008a   Code   RO         9790    .text               c_w.l(init_alloc.o)
    0x080011ae   0x080011ae   0x0000000e   Code   RO         9796    .text               c_w.l(h1_init.o)
    0x080011bc   0x080011bc   0x0000004e   Code   RO         9798    .text               c_w.l(h1_free.o)
    0x0800120a   0x0800120a   0x00000002   PAD
    0x0800120c   0x0800120c   0x00000008   Code   RO         9902    .text               c_w.l(libspace.o)
    0x08001214   0x08001214   0x00000008   Code   RO         9925    .text               c_w.l(rt_new_handler_addr_intlibspace.o)
    0x0800121c   0x0800121c   0x00000034   Code   RO         9936    .text               c_w.l(h1_extend.o)
    0x08001250   0x08001250   0x0000000e   Code   RO         9940    .text               c_w.l(defsig_rtmem_outer.o)
    0x0800125e   0x0800125e   0x00000004   Code   RO         9952    .text               cpprt_w.l(arm_newhandler_noexceptions.o)
    0x08001262   0x08001262   0x00000002   Code   RO        10079    .text               c_w.l(use_no_semi.o)
    0x08001264   0x08001264   0x00000000   Code   RO        10081    .text               c_w.l(indicate_semi.o)
    0x08001264   0x08001264   0x0000004a   Code   RO        10082    .text               c_w.l(sys_stackheap_outer.o)
    0x080012ae   0x080012ae   0x00000012   Code   RO        10088    .text               c_w.l(exit.o)
    0x080012c0   0x080012c0   0x0000000a   Code   RO        10090    .text               c_w.l(defsig_exit.o)
    0x080012ca   0x080012ca   0x00000002   PAD
    0x080012cc   0x080012cc   0x00000050   Code   RO        10096    .text               c_w.l(defsig_rtmem_inner.o)
    0x0800131c   0x0800131c   0x0000001a   Code   RO        10124    .text               cpprt_w.l(arm_exceptions_terminate.o)
    0x08001336   0x08001336   0x00000002   PAD
    0x08001338   0x08001338   0x0000000c   Code   RO        10134    .text               c_w.l(sys_exit.o)
    0x08001344   0x08001344   0x00000016   Code   RO        10142    .text               c_w.l(abort.o)
    0x0800135a   0x0800135a   0x00000032   Code   RO        10148    .text               c_w.l(defsig_general.o)
    0x0800138c   0x0800138c   0x00000050   Code   RO        10177    .text               cpprt_w.l(arm_exceptions_globs.o)
    0x080013dc   0x080013dc   0x0000000e   Code   RO        10180    .text               c_w.l(sys_wrch.o)
    0x080013ea   0x080013ea   0x00000002   PAD
    0x080013ec   0x080013ec   0x00000008   Code   RO        10192    .text               c_w.l(rt_eh_globals_addr_intlibspace.o)
    0x080013f4   0x080013f4   0x0000000e   Code   RO        10194    .text               c_w.l(defsig_abrt_outer.o)
    0x08001402   0x08001402   0x0000003c   Code   RO        10200    .text               cpprt_w.l(arm_exceptions_mem.o)
    0x0800143e   0x0800143e   0x00000002   PAD
    0x08001440   0x08001440   0x00000030   Code   RO        10203    .text               c_w.l(defsig_abrt_inner.o)
    0x08001470   0x08001470   0x00000002   Code   RO          515    i.BusFault_Handler  stm32h7xx_it.o
    0x08001472   0x08001472   0x00000002   PAD
    0x08001474   0x08001474   0x00000038   Code   RO         7909    i.CAN1_Rx_Task      message_task.o
    0x080014ac   0x080014ac   0x00000038   Code   RO         7910    i.CAN2_Rx_Task      message_task.o
    0x080014e4   0x080014e4   0x0000003c   Code   RO         7128    i.Correspond_Task   correspond_task.o
    0x08001520   0x08001520   0x0000000c   Code   RO          516    i.DMA1_Stream0_IRQHandler  stm32h7xx_it.o
    0x0800152c   0x0800152c   0x0000000c   Code   RO          517    i.DMA1_Stream1_IRQHandler  stm32h7xx_it.o
    0x08001538   0x08001538   0x0000000c   Code   RO          518    i.DMA1_Stream2_IRQHandler  stm32h7xx_it.o
    0x08001544   0x08001544   0x0000000c   Code   RO          519    i.DMA1_Stream3_IRQHandler  stm32h7xx_it.o
    0x08001550   0x08001550   0x0000000c   Code   RO          520    i.DMA1_Stream4_IRQHandler  stm32h7xx_it.o
    0x0800155c   0x0800155c   0x0000000c   Code   RO          521    i.DMA1_Stream5_IRQHandler  stm32h7xx_it.o
    0x08001568   0x08001568   0x0000000c   Code   RO          522    i.DMA1_Stream6_IRQHandler  stm32h7xx_it.o
    0x08001574   0x08001574   0x0000000c   Code   RO          523    i.DMA1_Stream7_IRQHandler  stm32h7xx_it.o
    0x08001580   0x08001580   0x0000000c   Code   RO          524    i.DMA2_Stream0_IRQHandler  stm32h7xx_it.o
    0x0800158c   0x0800158c   0x0000000c   Code   RO          525    i.DMA2_Stream1_IRQHandler  stm32h7xx_it.o
    0x08001598   0x08001598   0x0000000c   Code   RO          526    i.DMA2_Stream2_IRQHandler  stm32h7xx_it.o
    0x080015a4   0x080015a4   0x000000b4   Code   RO         1520    i.DMA_CalcBaseAndBitshift  stm32h7xx_hal_dma.o
    0x08001658   0x08001658   0x0000009c   Code   RO         1521    i.DMA_CalcDMAMUXChannelBaseAndMask  stm32h7xx_hal_dma.o
    0x080016f4   0x080016f4   0x00000074   Code   RO         1522    i.DMA_CalcDMAMUXRequestGenBaseAndMask  stm32h7xx_hal_dma.o
    0x08001768   0x08001768   0x00000054   Code   RO         1523    i.DMA_CheckFifoParam  stm32h7xx_hal_dma.o
    0x080017bc   0x080017bc   0x00000220   Code   RO         1524    i.DMA_SetConfig     stm32h7xx_hal_dma.o
    0x080019dc   0x080019dc   0x00000048   Code   RO         7911    i.DR16_Rx_Task      message_task.o
    0x08001a24   0x08001a24   0x00000002   Code   RO          527    i.DebugMon_Handler  stm32h7xx_it.o
    0x08001a26   0x08001a26   0x00000004   Code   RO           13    i.Error_Handler     main.o
    0x08001a2a   0x08001a2a   0x00000002   PAD
    0x08001a2c   0x08001a2c   0x0000000c   Code   RO          528    i.FDCAN1_IT0_IRQHandler  stm32h7xx_it.o
    0x08001a38   0x08001a38   0x0000000c   Code   RO          529    i.FDCAN2_IT0_IRQHandler  stm32h7xx_it.o
    0x08001a44   0x08001a44   0x0000000c   Code   RO          530    i.FDCAN3_IT0_IRQHandler  stm32h7xx_it.o
    0x08001a50   0x08001a50   0x000001c8   Code   RO         3161    i.FDCAN_CalcultateRamBlockAddresses  stm32h7xx_hal_fdcan.o
    0x08001c18   0x08001c18   0x00000080   Code   RO         3162    i.FDCAN_CopyMessageToRAM  stm32h7xx_hal_fdcan.o
    0x08001c98   0x08001c98   0x00000094   Code   RO         7480    i.Gimbal_Task       gimbal_task.o
    0x08001d2c   0x08001d2c   0x00000018   Code   RO         7773    i.Guard_Task        guard_task.o
    0x08001d44   0x08001d44   0x00000360   Code   RO         1525    i.HAL_DMA_Abort     stm32h7xx_hal_dma.o
    0x080020a4   0x080020a4   0x00000284   Code   RO         1526    i.HAL_DMA_Abort_IT  stm32h7xx_hal_dma.o
    0x08002328   0x08002328   0x000006e8   Code   RO         1530    i.HAL_DMA_IRQHandler  stm32h7xx_hal_dma.o
    0x08002a10   0x08002a10   0x000003bc   Code   RO         1531    i.HAL_DMA_Init      stm32h7xx_hal_dma.o
    0x08002dcc   0x08002dcc   0x0000029c   Code   RO         1535    i.HAL_DMA_Start_IT  stm32h7xx_hal_dma.o
    0x08003068   0x08003068   0x00000088   Code   RO         3164    i.HAL_FDCAN_ActivateNotification  stm32h7xx_hal_fdcan.o
    0x080030f0   0x080030f0   0x00000066   Code   RO         3166    i.HAL_FDCAN_AddMessageToTxFifoQ  stm32h7xx_hal_fdcan.o
    0x08003156   0x08003156   0x00000002   Code   RO         3167    i.HAL_FDCAN_ClockCalibrationCallback  stm32h7xx_hal_fdcan.o
    0x08003158   0x08003158   0x0000007e   Code   RO         3171    i.HAL_FDCAN_ConfigFilter  stm32h7xx_hal_fdcan.o
    0x080031d6   0x080031d6   0x00000002   Code   RO         3193    i.HAL_FDCAN_ErrorCallback  stm32h7xx_hal_fdcan.o
    0x080031d8   0x080031d8   0x00000002   Code   RO         3194    i.HAL_FDCAN_ErrorStatusCallback  stm32h7xx_hal_fdcan.o
    0x080031da   0x080031da   0x00000002   PAD
    0x080031dc   0x080031dc   0x00000194   Code   RO         3205    i.HAL_FDCAN_GetRxMessage  stm32h7xx_hal_fdcan.o
    0x08003370   0x08003370   0x00000002   Code   RO         3211    i.HAL_FDCAN_HighPriorityMessageCallback  stm32h7xx_hal_fdcan.o
    0x08003372   0x08003372   0x00000002   PAD
    0x08003374   0x08003374   0x00000320   Code   RO         3212    i.HAL_FDCAN_IRQHandler  stm32h7xx_hal_fdcan.o
    0x08003694   0x08003694   0x00000244   Code   RO         3213    i.HAL_FDCAN_Init    stm32h7xx_hal_fdcan.o
    0x080038d8   0x080038d8   0x00000148   Code   RO          341    i.HAL_FDCAN_MspInit  fdcan.o
    0x08003a20   0x08003a20   0x00000002   Code   RO         3222    i.HAL_FDCAN_RxBufferNewMessageCallback  stm32h7xx_hal_fdcan.o
    0x08003a22   0x08003a22   0x00000002   PAD
    0x08003a24   0x08003a24   0x00000040   Code   RO         8578    i.HAL_FDCAN_RxFifo0Callback  dev_can.o
    0x08003a64   0x08003a64   0x00000002   Code   RO         3224    i.HAL_FDCAN_RxFifo1Callback  stm32h7xx_hal_fdcan.o
    0x08003a66   0x08003a66   0x00000032   Code   RO         3225    i.HAL_FDCAN_Start   stm32h7xx_hal_fdcan.o
    0x08003a98   0x08003a98   0x00000002   Code   RO         3247    i.HAL_FDCAN_TT_GlobalTimeCallback  stm32h7xx_hal_fdcan.o
    0x08003a9a   0x08003a9a   0x00000002   Code   RO         3248    i.HAL_FDCAN_TT_ScheduleSyncCallback  stm32h7xx_hal_fdcan.o
    0x08003a9c   0x08003a9c   0x00000002   Code   RO         3253    i.HAL_FDCAN_TT_StopWatchCallback  stm32h7xx_hal_fdcan.o
    0x08003a9e   0x08003a9e   0x00000002   Code   RO         3254    i.HAL_FDCAN_TT_TimeMarkCallback  stm32h7xx_hal_fdcan.o
    0x08003aa0   0x08003aa0   0x00000002   Code   RO         3255    i.HAL_FDCAN_TimeoutOccurredCallback  stm32h7xx_hal_fdcan.o
    0x08003aa2   0x08003aa2   0x00000002   Code   RO         3256    i.HAL_FDCAN_TimestampWraparoundCallback  stm32h7xx_hal_fdcan.o
    0x08003aa4   0x08003aa4   0x00000002   Code   RO         3257    i.HAL_FDCAN_TxBufferAbortCallback  stm32h7xx_hal_fdcan.o
    0x08003aa6   0x08003aa6   0x00000002   Code   RO         3258    i.HAL_FDCAN_TxBufferCompleteCallback  stm32h7xx_hal_fdcan.o
    0x08003aa8   0x08003aa8   0x00000002   Code   RO         3259    i.HAL_FDCAN_TxEventFifoCallback  stm32h7xx_hal_fdcan.o
    0x08003aaa   0x08003aaa   0x00000002   Code   RO         3260    i.HAL_FDCAN_TxFifoEmptyCallback  stm32h7xx_hal_fdcan.o
    0x08003aac   0x08003aac   0x0000021c   Code   RO         1373    i.HAL_GPIO_Init     stm32h7xx_hal_gpio.o
    0x08003cc8   0x08003cc8   0x0000000a   Code   RO         1377    i.HAL_GPIO_WritePin  stm32h7xx_hal_gpio.o
    0x08003cd2   0x08003cd2   0x00000002   PAD
    0x08003cd4   0x08003cd4   0x0000000c   Code   RO         2238    i.HAL_GetTick       stm32h7xx_hal.o
    0x08003ce0   0x08003ce0   0x00000010   Code   RO         2244    i.HAL_IncTick       stm32h7xx_hal.o
    0x08003cf0   0x08003cf0   0x0000005c   Code   RO         2245    i.HAL_Init          stm32h7xx_hal.o
    0x08003d4c   0x08003d4c   0x00000084   Code   RO          720    i.HAL_InitTick      stm32h7xx_hal_timebase_tim.o
    0x08003dd0   0x08003dd0   0x00000024   Code   RO          696    i.HAL_MspInit       stm32h7xx_hal_msp.o
    0x08003df4   0x08003df4   0x0000001a   Code   RO          765    i.HAL_NVIC_EnableIRQ  stm32h7xx_hal_cortex.o
    0x08003e0e   0x08003e0e   0x00000002   PAD
    0x08003e10   0x08003e10   0x00000040   Code   RO          771    i.HAL_NVIC_SetPriority  stm32h7xx_hal_cortex.o
    0x08003e50   0x08003e50   0x00000024   Code   RO          772    i.HAL_NVIC_SetPriorityGrouping  stm32h7xx_hal_cortex.o
    0x08003e74   0x08003e74   0x00000054   Code   RO         1974    i.HAL_PWREx_ConfigSupply  stm32h7xx_hal_pwr_ex.o
    0x08003ec8   0x08003ec8   0x00000024   Code   RO         1016    i.HAL_RCCEx_GetD3PCLK1Freq  stm32h7xx_hal_rcc_ex.o
    0x08003eec   0x08003eec   0x00000144   Code   RO         1018    i.HAL_RCCEx_GetPLL2ClockFreq  stm32h7xx_hal_rcc_ex.o
    0x08004030   0x08004030   0x00000144   Code   RO         1019    i.HAL_RCCEx_GetPLL3ClockFreq  stm32h7xx_hal_rcc_ex.o
    0x08004174   0x08004174   0x0000093a   Code   RO         1025    i.HAL_RCCEx_PeriphCLKConfig  stm32h7xx_hal_rcc_ex.o
    0x08004aae   0x08004aae   0x00000002   PAD
    0x08004ab0   0x08004ab0   0x0000025c   Code   RO          901    i.HAL_RCC_ClockConfig  stm32h7xx_hal_rcc.o
    0x08004d0c   0x08004d0c   0x0000005c   Code   RO          905    i.HAL_RCC_GetClockConfig  stm32h7xx_hal_rcc.o
    0x08004d68   0x08004d68   0x00000044   Code   RO          906    i.HAL_RCC_GetHCLKFreq  stm32h7xx_hal_rcc.o
    0x08004dac   0x08004dac   0x00000024   Code   RO          908    i.HAL_RCC_GetPCLK1Freq  stm32h7xx_hal_rcc.o
    0x08004dd0   0x08004dd0   0x00000024   Code   RO          909    i.HAL_RCC_GetPCLK2Freq  stm32h7xx_hal_rcc.o
    0x08004df4   0x08004df4   0x00000138   Code   RO          910    i.HAL_RCC_GetSysClockFreq  stm32h7xx_hal_rcc.o
    0x08004f2c   0x08004f2c   0x00000526   Code   RO          913    i.HAL_RCC_OscConfig  stm32h7xx_hal_rcc.o
    0x08005452   0x08005452   0x00000002   Code   RO         4495    i.HAL_TIMEx_Break2Callback  stm32h7xx_hal_tim_ex.o
    0x08005454   0x08005454   0x00000002   Code   RO         4496    i.HAL_TIMEx_BreakCallback  stm32h7xx_hal_tim_ex.o
    0x08005456   0x08005456   0x00000002   Code   RO         4497    i.HAL_TIMEx_CommutCallback  stm32h7xx_hal_tim_ex.o
    0x08005458   0x08005458   0x000000b8   Code   RO         4518    i.HAL_TIMEx_MasterConfigSynchronization  stm32h7xx_hal_tim_ex.o
    0x08005510   0x08005510   0x00000062   Code   RO         3781    i.HAL_TIM_Base_Init  stm32h7xx_hal_tim.o
    0x08005572   0x08005572   0x00000002   PAD
    0x08005574   0x08005574   0x00000084   Code   RO          396    i.HAL_TIM_Base_MspInit  tim.o
    0x080055f8   0x080055f8   0x000000a0   Code   RO         3786    i.HAL_TIM_Base_Start_IT  stm32h7xx_hal_tim.o
    0x08005698   0x08005698   0x000000fc   Code   RO         3790    i.HAL_TIM_ConfigClockSource  stm32h7xx_hal_tim.o
    0x08005794   0x08005794   0x00000002   Code   RO         3811    i.HAL_TIM_ErrorCallback  stm32h7xx_hal_tim.o
    0x08005796   0x08005796   0x00000002   Code   RO         3815    i.HAL_TIM_IC_CaptureCallback  stm32h7xx_hal_tim.o
    0x08005798   0x08005798   0x00000182   Code   RO         3829    i.HAL_TIM_IRQHandler  stm32h7xx_hal_tim.o
    0x0800591a   0x0800591a   0x00000002   PAD
    0x0800591c   0x0800591c   0x00000054   Code   RO          397    i.HAL_TIM_MspPostInit  tim.o
    0x08005970   0x08005970   0x00000002   Code   RO         3832    i.HAL_TIM_OC_DelayElapsedCallback  stm32h7xx_hal_tim.o
    0x08005972   0x08005972   0x00000124   Code   RO         3853    i.HAL_TIM_PWM_ConfigChannel  stm32h7xx_hal_tim.o
    0x08005a96   0x08005a96   0x00000062   Code   RO         3856    i.HAL_TIM_PWM_Init  stm32h7xx_hal_tim.o
    0x08005af8   0x08005af8   0x00000002   Code   RO         3858    i.HAL_TIM_PWM_MspInit  stm32h7xx_hal_tim.o
    0x08005afa   0x08005afa   0x00000002   Code   RO         3859    i.HAL_TIM_PWM_PulseFinishedCallback  stm32h7xx_hal_tim.o
    0x08005afc   0x08005afc   0x00000002   Code   RO         3860    i.HAL_TIM_PWM_PulseFinishedHalfCpltCallback  stm32h7xx_hal_tim.o
    0x08005afe   0x08005afe   0x00000002   PAD
    0x08005b00   0x08005b00   0x00000124   Code   RO         3861    i.HAL_TIM_PWM_Start  stm32h7xx_hal_tim.o
    0x08005c24   0x08005c24   0x00000224   Code   RO         3862    i.HAL_TIM_PWM_Start_DMA  stm32h7xx_hal_tim.o
    0x08005e48   0x08005e48   0x00000014   Code   RO           14    i.HAL_TIM_PeriodElapsedCallback  main.o
    0x08005e5c   0x08005e5c   0x00000002   Code   RO         3872    i.HAL_TIM_TriggerCallback  stm32h7xx_hal_tim.o
    0x08005e5e   0x08005e5e   0x00000040   Code   RO         5218    i.HAL_UARTEx_DisableFifoMode  stm32h7xx_hal_uart_ex.o
    0x08005e9e   0x08005e9e   0x00000002   Code   RO         4807    i.HAL_UARTEx_RxEventCallback  stm32h7xx_hal_uart.o
    0x08005ea0   0x08005ea0   0x00000002   Code   RO         5226    i.HAL_UARTEx_RxFifoFullCallback  stm32h7xx_hal_uart_ex.o
    0x08005ea2   0x08005ea2   0x0000004c   Code   RO         5227    i.HAL_UARTEx_SetRxFifoThreshold  stm32h7xx_hal_uart_ex.o
    0x08005eee   0x08005eee   0x0000004c   Code   RO         5228    i.HAL_UARTEx_SetTxFifoThreshold  stm32h7xx_hal_uart_ex.o
    0x08005f3a   0x08005f3a   0x00000002   Code   RO         5230    i.HAL_UARTEx_TxFifoEmptyCallback  stm32h7xx_hal_uart_ex.o
    0x08005f3c   0x08005f3c   0x00000002   Code   RO         5231    i.HAL_UARTEx_WakeupCallback  stm32h7xx_hal_uart_ex.o
    0x08005f3e   0x08005f3e   0x00000002   PAD
    0x08005f40   0x08005f40   0x000000d8   Code   RO         8656    i.HAL_UART_ErrorCallback  dev_serial.o
    0x08006018   0x08006018   0x00000006   Code   RO         4824    i.HAL_UART_GetError  stm32h7xx_hal_uart.o
    0x0800601e   0x0800601e   0x00000002   PAD
    0x08006020   0x08006020   0x00000388   Code   RO         4826    i.HAL_UART_IRQHandler  stm32h7xx_hal_uart.o
    0x080063a8   0x080063a8   0x000000a4   Code   RO         8657    i.HAL_UART_IdleCpltCallback  dev_serial.o
    0x0800644c   0x0800644c   0x0000006a   Code   RO         4827    i.HAL_UART_Init     stm32h7xx_hal_uart.o
    0x080064b6   0x080064b6   0x00000002   PAD
    0x080064b8   0x080064b8   0x000004c4   Code   RO          450    i.HAL_UART_MspInit  usart.o
    0x0800697c   0x0800697c   0x00000048   Code   RO         4832    i.HAL_UART_Receive_IT  stm32h7xx_hal_uart.o
    0x080069c4   0x080069c4   0x000000cc   Code   RO         8658    i.HAL_UART_RxCpltCallback  dev_serial.o
    0x08006a90   0x08006a90   0x00000090   Code   RO         4837    i.HAL_UART_Transmit_DMA  stm32h7xx_hal_uart.o
    0x08006b20   0x08006b20   0x00000002   Code   RO         4839    i.HAL_UART_TxCpltCallback  stm32h7xx_hal_uart.o
    0x08006b22   0x08006b22   0x00000002   Code   RO         4840    i.HAL_UART_TxHalfCpltCallback  stm32h7xx_hal_uart.o
    0x08006b24   0x08006b24   0x00000002   Code   RO          531    i.HardFault_Handler  stm32h7xx_it.o
    0x08006b26   0x08006b26   0x00000002   PAD
    0x08006b28   0x08006b28   0x00000160   Code   RO         8854    i.MA_UART_Receive_DMA_Init  drivers_dma.o
    0x08006c88   0x08006c88   0x000000dc   Code   RO          316    i.MX_DMA_Init       dma.o
    0x08006d64   0x08006d64   0x00000090   Code   RO          342    i.MX_FDCAN1_Init    fdcan.o
    0x08006df4   0x08006df4   0x00000090   Code   RO          343    i.MX_FDCAN2_Init    fdcan.o
    0x08006e84   0x08006e84   0x00000090   Code   RO          344    i.MX_FDCAN3_Init    fdcan.o
    0x08006f14   0x08006f14   0x00000100   Code   RO          266    i.MX_FREERTOS_Init  freertos.o
    0x08007014   0x08007014   0x0000009c   Code   RO          242    i.MX_GPIO_Init      gpio.o
    0x080070b0   0x080070b0   0x00000068   Code   RO          398    i.MX_TIM2_Init      tim.o
    0x08007118   0x08007118   0x00000098   Code   RO          399    i.MX_TIM3_Init      tim.o
    0x080071b0   0x080071b0   0x00000068   Code   RO          451    i.MX_UART4_Init     usart.o
    0x08007218   0x08007218   0x00000068   Code   RO          452    i.MX_UART7_Init     usart.o
    0x08007280   0x08007280   0x00000068   Code   RO          453    i.MX_UART8_Init     usart.o
    0x080072e8   0x080072e8   0x00000068   Code   RO          454    i.MX_USART1_UART_Init  usart.o
    0x08007350   0x08007350   0x00000068   Code   RO          455    i.MX_USART3_UART_Init  usart.o
    0x080073b8   0x080073b8   0x00000002   Code   RO          532    i.MemManage_Handler  stm32h7xx_it.o
    0x080073ba   0x080073ba   0x00000002   PAD
    0x080073bc   0x080073bc   0x00000050   Code   RO         7912    i.Message_Task      message_task.o
    0x0800740c   0x0800740c   0x00000002   Code   RO          533    i.NMI_Handler       stm32h7xx_it.o
    0x0800740e   0x0800740e   0x00000042   Code   RO           15    i.PeriphCommonClock_Config  main.o
    0x08007450   0x08007450   0x00000120   Code   RO         1028    i.RCCEx_PLL2_Config  stm32h7xx_hal_rcc_ex.o
    0x08007570   0x08007570   0x00000120   Code   RO         1029    i.RCCEx_PLL3_Config  stm32h7xx_hal_rcc_ex.o
    0x08007690   0x08007690   0x00000008   Code   RO         8139    i.RTOSsystem_Task   rtossystem_task.o
    0x08007698   0x08007698   0x00000078   Code   RO         7913    i.Serial_Rx_Task    message_task.o
    0x08007710   0x08007710   0x00000008   Code   RO          267    i.StartDefaultTask  freertos.o
    0x08007718   0x08007718   0x0000001a   Code   RO         6480    i.SysTick_Handler   cmsis_os2.o
    0x08007732   0x08007732   0x00000002   PAD
    0x08007734   0x08007734   0x00000094   Code   RO           17    i.SystemClock_Config  main.o
    0x080077c8   0x080077c8   0x000000c0   Code   RO         5337    i.SystemInit        system_stm32h7xx.o
    0x08007888   0x08007888   0x0000000c   Code   RO          534    i.TIM1_UP_IRQHandler  stm32h7xx_it.o
    0x08007894   0x08007894   0x000000d8   Code   RO         3874    i.TIM_Base_SetConfig  stm32h7xx_hal_tim.o
    0x0800796c   0x0800796c   0x0000001a   Code   RO         3875    i.TIM_CCxChannelCmd  stm32h7xx_hal_tim.o
    0x08007986   0x08007986   0x0000005e   Code   RO         3878    i.TIM_DMADelayPulseCplt  stm32h7xx_hal_tim.o
    0x080079e4   0x080079e4   0x00000038   Code   RO         3879    i.TIM_DMADelayPulseHalfCplt  stm32h7xx_hal_tim.o
    0x08007a1c   0x08007a1c   0x00000054   Code   RO         3880    i.TIM_DMAError      stm32h7xx_hal_tim.o
    0x08007a70   0x08007a70   0x00000012   Code   RO         3885    i.TIM_ETR_SetConfig  stm32h7xx_hal_tim.o
    0x08007a82   0x08007a82   0x00000002   PAD
    0x08007a84   0x08007a84   0x00000014   Code   RO         3886    i.TIM_ITRx_SetConfig  stm32h7xx_hal_tim.o
    0x08007a98   0x08007a98   0x000000a8   Code   RO         3887    i.TIM_OC1_SetConfig  stm32h7xx_hal_tim.o
    0x08007b40   0x08007b40   0x00000098   Code   RO         3888    i.TIM_OC2_SetConfig  stm32h7xx_hal_tim.o
    0x08007bd8   0x08007bd8   0x00000098   Code   RO         3889    i.TIM_OC3_SetConfig  stm32h7xx_hal_tim.o
    0x08007c70   0x08007c70   0x00000078   Code   RO         3890    i.TIM_OC4_SetConfig  stm32h7xx_hal_tim.o
    0x08007ce8   0x08007ce8   0x00000074   Code   RO         3891    i.TIM_OC5_SetConfig  stm32h7xx_hal_tim.o
    0x08007d5c   0x08007d5c   0x00000074   Code   RO         3892    i.TIM_OC6_SetConfig  stm32h7xx_hal_tim.o
    0x08007dd0   0x08007dd0   0x00000022   Code   RO         3894    i.TIM_TI1_ConfigInputStage  stm32h7xx_hal_tim.o
    0x08007df2   0x08007df2   0x00000024   Code   RO         3896    i.TIM_TI2_ConfigInputStage  stm32h7xx_hal_tim.o
    0x08007e16   0x08007e16   0x00000002   PAD
    0x08007e18   0x08007e18   0x00000028   Code   RO          535    i.UART4_IRQHandler  stm32h7xx_it.o
    0x08007e40   0x08007e40   0x00000028   Code   RO          536    i.UART7_IRQHandler  stm32h7xx_it.o
    0x08007e68   0x08007e68   0x00000028   Code   RO          537    i.UART8_IRQHandler  stm32h7xx_it.o
    0x08007e90   0x08007e90   0x00000044   Code   RO         5232    i.UARTEx_SetNbDataToProcess  stm32h7xx_hal_uart_ex.o
    0x08007ed4   0x08007ed4   0x000000c8   Code   RO         4841    i.UART_AdvFeatureConfig  stm32h7xx_hal_uart.o
    0x08007f9c   0x08007f9c   0x000000aa   Code   RO         4842    i.UART_CheckIdleState  stm32h7xx_hal_uart.o
    0x08008046   0x08008046   0x00000014   Code   RO         4843    i.UART_DMAAbortOnError  stm32h7xx_hal_uart.o
    0x0800805a   0x0800805a   0x0000004e   Code   RO         4844    i.UART_DMAError     stm32h7xx_hal_uart.o
    0x080080a8   0x080080a8   0x00000040   Code   RO         4849    i.UART_DMATransmitCplt  stm32h7xx_hal_uart.o
    0x080080e8   0x080080e8   0x0000000a   Code   RO         4851    i.UART_DMATxHalfCplt  stm32h7xx_hal_uart.o
    0x080080f2   0x080080f2   0x00000002   PAD
    0x080080f4   0x080080f4   0x00000054   Code   RO         4853    i.UART_EndRxTransfer  stm32h7xx_hal_uart.o
    0x08008148   0x08008148   0x0000002e   Code   RO         4854    i.UART_EndTxTransfer  stm32h7xx_hal_uart.o
    0x08008176   0x08008176   0x00000002   PAD
    0x08008178   0x08008178   0x000000c8   Code   RO         4855    i.UART_RxISR_16BIT  stm32h7xx_hal_uart.o
    0x08008240   0x08008240   0x000001a0   Code   RO         4856    i.UART_RxISR_16BIT_FIFOEN  stm32h7xx_hal_uart.o
    0x080083e0   0x080083e0   0x000000c8   Code   RO         4857    i.UART_RxISR_8BIT   stm32h7xx_hal_uart.o
    0x080084a8   0x080084a8   0x000001a0   Code   RO         4858    i.UART_RxISR_8BIT_FIFOEN  stm32h7xx_hal_uart.o
    0x08008648   0x08008648   0x000003dc   Code   RO         4859    i.UART_SetConfig    stm32h7xx_hal_uart.o
    0x08008a24   0x08008a24   0x00000110   Code   RO         4861    i.UART_Start_Receive_IT  stm32h7xx_hal_uart.o
    0x08008b34   0x08008b34   0x0000008c   Code   RO         4866    i.UART_WaitOnFlagUntilTimeout  stm32h7xx_hal_uart.o
    0x08008bc0   0x08008bc0   0x00000028   Code   RO          538    i.USART1_IRQHandler  stm32h7xx_it.o
    0x08008be8   0x08008be8   0x00000028   Code   RO          539    i.USART3_IRQHandler  stm32h7xx_it.o
    0x08008c10   0x08008c10   0x00000002   Code   RO          540    i.UsageFault_Handler  stm32h7xx_it.o
    0x08008c12   0x08008c12   0x00000004   Code   RO         8430    i._Z11WS2812_INITv  app_rgb.o
    0x08008c16   0x08008c16   0x00000002   PAD
    0x08008c18   0x08008c18   0x00000028   Code   RO         8167    i._Z12CAN_ALL_Initv  app_motor.o
    0x08008c40   0x08008c40   0x00000014   Code   RO         8303    i._Z12Serial1_Hookb  app_serial.o
    0x08008c54   0x08008c54   0x00000014   Code   RO         8304    i._Z12Serial3_Hookb  app_serial.o
    0x08008c68   0x08008c68   0x00000014   Code   RO         8305    i._Z12Serial4_Hookb  app_serial.o
    0x08008c7c   0x08008c7c   0x00000014   Code   RO         8306    i._Z12Serial7_Hookb  app_serial.o
    0x08008c90   0x08008c90   0x00000014   Code   RO         8307    i._Z12Serial8_Hookb  app_serial.o
    0x08008ca4   0x08008ca4   0x00000018   Code   RO         7481    i._Z12System_Resetv  gimbal_task.o
    0x08008cbc   0x08008cbc   0x00000014   Code   RO         8281    i._Z13Prefence_Initv  app_preference.o
    0x08008cd0   0x08008cd0   0x00000018   Code   RO         8432    i._Z14WS2812_REFRESHv  app_rgb.o
    0x08008ce8   0x08008ce8   0x00000064   Code   RO         8434    i._Z14WS2812_SET_RGBhhht  app_rgb.o
    0x08008d4c   0x08008d4c   0x0000000c   Code   RO         7482    i._Z14rc_key_v_freshP9RC_ctrl_t  gimbal_task.o
    0x08008d58   0x08008d58   0x000000ec   Code   RO         8308    i._Z15Serial_ALL_Initv  app_serial.o
    0x08008e44   0x08008e44   0x00000018   Code   RO         8435    i._Z15WS2812_SET_DARKv  app_rgb.o
    0x08008e5c   0x08008e5c   0x0000001c   Code   RO         8980    i._Z18Get_CRC8_Check_SumPhjh  protocol_crc.o
    0x08008e78   0x08008e78   0x0000014c   Code   RO         9070    i._Z18kalman_filter_calcP15kalman_filter_tff  algorithm_kalman.o
    0x08008fc4   0x08008fc4   0x0000001c   Code   RO         8982    i._Z21Append_CRC8_Check_SumPhj  protocol_crc.o
    0x08008fe0   0x08008fe0   0x0000000c   Code   RO         7915    i._Z24get_remote_control_pointv  message_task.o
    0x08008fec   0x08008fec   0x000000ca   Code   RO         9073    i._Z25kalman_filter_init_matrixP15kalman_filter_tP27kalman_filter_init_t_matrix  algorithm_kalman.o
    0x080090b6   0x080090b6   0x00000002   PAD
    0x080090b8   0x080090b8   0x0000003c   Code   RO         8168    i._Z9CAN1_SendPj    app_motor.o
    0x080090f4   0x080090f4   0x0000003c   Code   RO         8169    i._Z9CAN2_SendPj    app_motor.o
    0x08009130   0x08009130   0x00000028   Code   RO         7780    i._ZN10Guard_Ctrl4FeedE4ID_e  guard_task.o
    0x08009158   0x08009158   0x00000098   Code   RO         7784    i._ZN10Guard_Ctrl4ScanEv  guard_task.o
    0x080091f0   0x080091f0   0x00000014   Code   RO         7786    i._ZN10Guard_Ctrl6ReturnE4ID_e  guard_task.o
    0x08009204   0x08009204   0x0000000c   Code   RO         8659    i._ZN10Serialctrl15IRQHandler_IDLEEv  dev_serial.o
    0x08009210   0x08009210   0x0000001e   Code   RO         8660    i._ZN10Serialctrl15IRQHandler_RXNEEh  dev_serial.o
    0x0800922e   0x0800922e   0x00000004   Code   RO         8661    i._ZN10Serialctrl15attachInterruptEPFvbE  dev_serial.o
    0x08009232   0x08009232   0x00000016   Code   RO         8662    i._ZN10Serialctrl4peekEv  dev_serial.o
    0x08009248   0x08009248   0x00000018   Code   RO         8663    i._ZN10Serialctrl4readEv  dev_serial.o
    0x08009260   0x08009260   0x0000002a   Code   RO         8666    i._ZN10Serialctrl8sendDataEPKvh  dev_serial.o
    0x0800928a   0x0800928a   0x00000014   Code   RO         8668    i._ZN10Serialctrl9availableEv  dev_serial.o
    0x0800929e   0x0800929e   0x00000022   Code   RO         8669    i._ZN10SerialctrlC1EP20__UART_HandleTypeDefP19__DMA_HandleTypeDefjh  dev_serial.o
    0x080092c0   0x080092c0   0x000003fc   Code   RO         7484    i._ZN11Gimbal_Ctrl11Gimbal_InitEv  gimbal_task.o
    0x080096bc   0x080096bc   0x000001e4   Code   RO         7485    i._ZN11Gimbal_Ctrl12Control_loopEv  gimbal_task.o
    0x080098a0   0x080098a0   0x000000b4   Code   RO         7486    i._ZN11Gimbal_Ctrl13RC_to_ControlEPfS0_  gimbal_task.o
    0x08009954   0x08009954   0x00000156   Code   RO         7487    i._ZN11Gimbal_Ctrl14Behaviour_ModeEv  gimbal_task.o
    0x08009aaa   0x08009aaa   0x00000002   PAD
    0x08009aac   0x08009aac   0x0000012c   Code   RO         7488    i._ZN11Gimbal_Ctrl15Feedback_UpdateEv  gimbal_task.o
    0x08009bd8   0x08009bd8   0x0000003c   Code   RO         7489    i._ZN11Gimbal_Ctrl17Behaviour_ControlEPfS0_  gimbal_task.o
    0x08009c14   0x08009c14   0x000001f0   Code   RO         7490    i._ZN11Gimbal_Ctrl22Flag_Behaviour_ControlEv  gimbal_task.o
    0x08009e04   0x08009e04   0x00000034   Code   RO         7491    i._ZN11Gimbal_Ctrl27motor_relative_ECD_to_angleEtt  gimbal_task.o
    0x08009e38   0x08009e38   0x00000098   Code   RO         7492    i._ZN11Gimbal_Ctrl7ControlEv  gimbal_task.o
    0x08009ed0   0x08009ed0   0x000000e8   Code   RO         8309    i._ZN11Serial_Ctrl15Send_to_MessageEP10Serialctrlb  app_serial.o
    0x08009fb8   0x08009fb8   0x0000009c   Code   RO         8310    i._ZN11Serial_Ctrl4HookEP13USART_TypeDefb  app_serial.o
    0x0800a054   0x0800a054   0x00000244   Code   RO         8311    i._ZN11Serial_Ctrl6HandleEP10SerialctrlP13Serial_Data_tb  app_serial.o
    0x0800a298   0x0800a298   0x00000082   Code   RO         8394    i._ZN11Serial_CtrlC1Ev  app_serial.o
    0x0800a31a   0x0800a31a   0x00000002   PAD
    0x0800a31c   0x0800a31c   0x00000094   Code   RO         7916    i._ZN12Message_Ctrl12CAN1_ProcessEPj  message_task.o
    0x0800a3b0   0x0800a3b0   0x000000a0   Code   RO         7917    i._ZN12Message_Ctrl12CAN2_ProcessEPj  message_task.o
    0x0800a450   0x0800a450   0x0000005c   Code   RO         7918    i._ZN12Message_Ctrl12Serialx_HookEPhP10Serialctrl  message_task.o
    0x0800a4ac   0x0800a4ac   0x000001e0   Code   RO         7919    i._ZN12Message_Ctrl13Gyro_CAN_HookEPjPh  message_task.o
    0x0800a68c   0x0800a68c   0x0000011c   Code   RO         7921    i._ZN12Message_Ctrl16Gyro_Serial_HookEPh  message_task.o
    0x0800a7a8   0x0800a7a8   0x0000001c   Code   RO         7924    i._ZN12Message_Ctrl18Visual_Serial_HookEPh  message_task.o
    0x0800a7c4   0x0800a7c4   0x0000001c   Code   RO         7925    i._ZN12Message_Ctrl19Chassis_Serial_HookEPh  message_task.o
    0x0800a7e0   0x0800a7e0   0x00000024   Code   RO         7926    i._ZN12Message_Ctrl4InitEv  message_task.o
    0x0800a804   0x0800a804   0x00000046   Code   RO         8388    i._ZN13Serial_Data_tC1Ehhhhhhhh  app_serial.o
    0x0800a84a   0x0800a84a   0x0000000c   Code   RO         7586    i._ZN14Motor_CAN_Ctrl25Get_Motor_Measure_PointerEh  gimbal_task.o
    0x0800a856   0x0800a856   0x00000010   Code   RO         8098    i._ZN14Motor_CAN_Ctrl7GetDataEh  message_task.o
    0x0800a866   0x0800a866   0x0000001a   Code   RO         8249    i._ZN14Motor_CAN_CtrlC1EP19FDCAN_HandleTypeDefjh  app_motor.o
    0x0800a880   0x0800a880   0x000000a0   Code   RO         7129    i._ZN19correspondence_ctrl11Corres_CalcEv  correspond_task.o
    0x0800a920   0x0800a920   0x0000002c   Code   RO         7130    i._ZN19correspondence_ctrl11Corres_InitEv  correspond_task.o
    0x0800a94c   0x0800a94c   0x00000058   Code   RO         7131    i._ZN19correspondence_ctrl11Corres_SendEv  correspond_task.o
    0x0800a9a4   0x0800a9a4   0x000000f0   Code   RO         7132    i._ZN19correspondence_ctrl15Corres_FeedbackEv  correspond_task.o
    0x0800aa94   0x0800aa94   0x000000ec   Code   RO         7204    i._ZN19correspondence_ctrlC1Ev  correspond_task.o
    0x0800ab80   0x0800ab80   0x00000058   Code   RO         7192    i._ZN27kalman_filter_init_t_matrixC1ER6MatrixS1_S1_S1_S1_  correspond_task.o
    0x0800abd8   0x0800abd8   0x00000036   Code   RO         8797    i._ZN6Buffer11Buffer_ReadEP10RingBufferPh  drivers_buffer.o
    0x0800ac0e   0x0800ac0e   0x00000030   Code   RO         8801    i._ZN6Buffer12Buffer_WriteEP10RingBufferh  drivers_buffer.o
    0x0800ac3e   0x0800ac3e   0x0000002a   Code   RO         8802    i._ZN6Buffer9newBufferEP10RingBuffert  drivers_buffer.o
    0x0800ac68   0x0800ac68   0x0000003e   Code   RO         7186    i._ZN6MatrixC1Effff  correspond_task.o
    0x0800aca6   0x0800aca6   0x00000010   Code   RO         7198    i._ZN6MatrixC1Ev    correspond_task.o
    0x0800acb6   0x0800acb6   0x0000004e   Code   RO         8579    i._ZN7CANctrl10IRQHandlerEP19FDCAN_HandleTypeDefj  dev_can.o
    0x0800ad04   0x0800ad04   0x00000004   Code   RO         8580    i._ZN7CANctrl15attachInterruptEPFvPjE  dev_can.o
    0x0800ad08   0x0800ad08   0x00000018   Code   RO         8581    i._ZN7CANctrl4readEv  dev_can.o
    0x0800ad20   0x0800ad20   0x00000004   Code   RO         8582    i._ZN7CANctrl8ChangeIDEt  dev_can.o
    0x0800ad24   0x0800ad24   0x0000002c   Code   RO         8583    i._ZN7CANctrl8SendDataEPKvh  dev_can.o
    0x0800ad50   0x0800ad50   0x0000001a   Code   RO         8584    i._ZN7CANctrlC1EP19FDCAN_HandleTypeDefj  dev_can.o
    0x0800ad6a   0x0800ad6a   0x00000026   Code   RO         8172    i._ZN8CAN_Ctrl8SendDataEP14Motor_CAN_Ctrlss  app_motor.o
    0x0800ad90   0x0800ad90   0x00000032   Code   RO         8173    i._ZN8CAN_Ctrl8SendDataEP14Motor_CAN_Ctrlsss  app_motor.o
    0x0800adc2   0x0800adc2   0x00000002   PAD
    0x0800adc4   0x0800adc4   0x00000048   Code   RO         8175    i._ZN8CAN_Ctrl8SendDataEP19FDCAN_HandleTypeDefjPKvh  app_motor.o
    0x0800ae0c   0x0800ae0c   0x0000001e   Code   RO         8176    i._ZN8CAN_Ctrl8SendDataEP7CANctrljPKvh  app_motor.o
    0x0800ae2a   0x0800ae2a   0x00000002   PAD
    0x0800ae2c   0x0800ae2c   0x00000180   Code   RO         9274    i._ZN8PID_Ctrl4CalcEP11sPidTypeDefff  algorithm_pid.o
    0x0800afac   0x0800afac   0x0000000e   Code   RO         9276    i._ZN8PID_Ctrl4InitEP11sPidTypeDef7PidModeffffff  algorithm_pid.o
    0x0800afba   0x0800afba   0x00000060   Code   RO         7927    i._ZN8rc_key_c12rc_key_v_setEP9RC_ctrl_t  message_task.o
    0x0800b01a   0x0800b01a   0x0000000e   Code   RO         7929    i._ZN8rc_key_c13read_key_evenEP13count_num_keyPb  message_task.o
    0x0800b028   0x0800b028   0x00000020   Code   RO         7930    i._ZN8rc_key_c13sum_key_countEsP13count_num_key  message_task.o
    0x0800b048   0x0800b048   0x00000010   Code   RO         7932    i._ZN8rc_key_c15read_key_singleEP13count_num_key  message_task.o
    0x0800b058   0x0800b058   0x00000020   Code   RO         7933    i._ZN8rc_key_c15read_key_singleEP13count_num_keyPb  message_task.o
    0x0800b078   0x0800b078   0x0000001e   Code   RO         7934    i._ZN8rc_key_c8read_keyEP13count_num_key11key_count_ePb  message_task.o
    0x0800b096   0x0800b096   0x00000024   Code   RO         7935    i._ZN8rc_key_c8read_keyEP13count_num_key11key_count_eb  message_task.o
    0x0800b0ba   0x0800b0ba   0x00000026   Code   RO         8877    i._ZN9Statistic15Rate_Do_ExecuteEt  drivers_statistic.o
    0x0800b0e0   0x0800b0e0   0x00000058   Code   RO         8878    i._ZN9Statistic16Statistic_UpdateEj  drivers_statistic.o
    0x0800b138   0x0800b138   0x00000008   Code   RO         9736    i._Znaj             cpprt_w.l(array_new.o)
    0x0800b140   0x0800b140   0x00000028   Code   RO         9863    i._Znwj             cpprt_w.l(new.o)
    0x0800b168   0x0800b168   0x00000022   Code   RO          778    i.__NVIC_SetPriority  stm32h7xx_hal_cortex.o
    0x0800b18a   0x0800b18a   0x00000002   PAD
    0x0800b18c   0x0800b18c   0x00000038   Code   RO         8585    i.__sti___11_dev_can_cpp_06246a71  dev_can.o
    0x0800b1c4   0x0800b1c4   0x0000002c   Code   RO         8177    i.__sti___13_app_motor_cpp_CAN_Cmd  app_motor.o
    0x0800b1f0   0x0800b1f0   0x00000010   Code   RO         8313    i.__sti___14_app_serial_cpp_b352d478  app_serial.o
    0x0800b200   0x0800b200   0x00000084   Code   RO         8670    i.__sti___14_dev_serial_cpp_b5a91d4d  dev_serial.o
    0x0800b284   0x0800b284   0x00000002   Code   RO         7493    i.__sti___15_Gimbal_Task_cpp_Gimbal  gimbal_task.o
    0x0800b286   0x0800b286   0x00000002   PAD
    0x0800b288   0x0800b288   0x00000020   Code   RO         7936    i.__sti___16_Message_Task_cpp_Message  message_task.o
    0x0800b2a8   0x0800b2a8   0x00000010   Code   RO         7134    i.__sti___19_Correspond_Task_cpp_s  correspond_task.o
    0x0800b2b8   0x0800b2b8   0x0000004a   Code   RO           18    i.main              main.o
    0x0800b302   0x0800b302   0x0000001c   Code   RO         6482    i.osDelay           cmsis_os2.o
    0x0800b31e   0x0800b31e   0x00000002   PAD
    0x0800b320   0x0800b320   0x00000024   Code   RO         6496    i.osKernelInitialize  cmsis_os2.o
    0x0800b344   0x0800b344   0x00000038   Code   RO         6499    i.osKernelStart     cmsis_os2.o
    0x0800b37c   0x0800b37c   0x00000090   Code   RO         6541    i.osThreadNew       cmsis_os2.o
    0x0800b40c   0x0800b40c   0x0000005c   Code   RO         5944    i.prvAddCurrentTaskToDelayedList  tasks.o
    0x0800b468   0x0800b468   0x000000d0   Code   RO         5945    i.prvAddNewTaskToReadyList  tasks.o
    0x0800b538   0x0800b538   0x00000058   Code   RO         6309    i.prvCheckForValidListAndQueue  timers.o
    0x0800b590   0x0800b590   0x00000026   Code   RO         5541    i.prvCopyDataFromQueue  queue.o
    0x0800b5b6   0x0800b5b6   0x0000006c   Code   RO         5542    i.prvCopyDataToQueue  queue.o
    0x0800b622   0x0800b622   0x00000034   Code   RO         5946    i.prvDeleteTCB      tasks.o
    0x0800b656   0x0800b656   0x00000002   PAD
    0x0800b658   0x0800b658   0x00000050   Code   RO         6993    i.prvHeapInit       heap_4.o
    0x0800b6a8   0x0800b6a8   0x00000060   Code   RO         5947    i.prvIdleTask       tasks.o
    0x0800b708   0x0800b708   0x00000022   Code   RO         5544    i.prvInitialiseNewQueue  queue.o
    0x0800b72a   0x0800b72a   0x000000b0   Code   RO         5948    i.prvInitialiseNewTask  tasks.o
    0x0800b7da   0x0800b7da   0x00000002   PAD
    0x0800b7dc   0x0800b7dc   0x0000004c   Code   RO         6994    i.prvInsertBlockIntoFreeList  heap_4.o
    0x0800b828   0x0800b828   0x0000003c   Code   RO         6311    i.prvInsertTimerInActiveList  timers.o
    0x0800b864   0x0800b864   0x0000001c   Code   RO         5545    i.prvIsQueueEmpty   queue.o
    0x0800b880   0x0800b880   0x000000f8   Code   RO         6312    i.prvProcessReceivedCommands  timers.o
    0x0800b978   0x0800b978   0x000000c0   Code   RO         6313    i.prvProcessTimerOrBlockTask  timers.o
    0x0800ba38   0x0800ba38   0x00000020   Code   RO         5950    i.prvResetNextTaskUnblockTime  tasks.o
    0x0800ba58   0x0800ba58   0x00000028   Code   RO         6314    i.prvSampleTimeNow  timers.o
    0x0800ba80   0x0800ba80   0x0000006c   Code   RO         6315    i.prvSwitchTimerLists  timers.o
    0x0800baec   0x0800baec   0x00000028   Code   RO         7049    i.prvTaskExitError  port.o
    0x0800bb14   0x0800bb14   0x00000024   Code   RO         6316    i.prvTimerTask      timers.o
    0x0800bb38   0x0800bb38   0x0000006a   Code   RO         5546    i.prvUnlockQueue    queue.o
    0x0800bba2   0x0800bba2   0x00000002   PAD
    0x0800bba4   0x0800bba4   0x000000dc   Code   RO         6995    i.pvPortMalloc      heap_4.o
    0x0800bc80   0x0800bc80   0x00000030   Code   RO         7050    i.pxPortInitialiseStack  port.o
    0x0800bcb0   0x0800bcb0   0x000000b4   Code   RO         9034    i.sbus_to_rc        protocol_dbus.o
    0x0800bd64   0x0800bd64   0x00000026   Code   RO         5501    i.uxListRemove      list.o
    0x0800bd8a   0x0800bd8a   0x00000002   PAD
    0x0800bd8c   0x0800bd8c   0x00000018   Code   RO         6553    i.vApplicationGetIdleTaskMemory  cmsis_os2.o
    0x0800bda4   0x0800bda4   0x00000018   Code   RO         6554    i.vApplicationGetTimerTaskMemory  cmsis_os2.o
    0x0800bdbc   0x0800bdbc   0x00000016   Code   RO         5502    i.vListInitialise   list.o
    0x0800bdd2   0x0800bdd2   0x00000006   Code   RO         5503    i.vListInitialiseItem  list.o
    0x0800bdd8   0x0800bdd8   0x00000030   Code   RO         5504    i.vListInsert       list.o
    0x0800be08   0x0800be08   0x00000018   Code   RO         5505    i.vListInsertEnd    list.o
    0x0800be20   0x0800be20   0x00000040   Code   RO         7052    i.vPortEnterCritical  port.o
    0x0800be60   0x0800be60   0x00000028   Code   RO         7053    i.vPortExitCritical  port.o
    0x0800be88   0x0800be88   0x00000064   Code   RO         6996    i.vPortFree         heap_4.o
    0x0800beec   0x0800beec   0x00000024   Code   RO         7054    i.vPortSetupTimerInterrupt  port.o
    0x0800bf10   0x0800bf10   0x00000054   Code   RO         7055    i.vPortValidateInterruptPriority  port.o
    0x0800bf64   0x0800bf64   0x00000028   Code   RO         5552    i.vQueueAddToRegistry  queue.o
    0x0800bf8c   0x0800bf8c   0x00000044   Code   RO         5556    i.vQueueWaitForMessageRestricted  queue.o
    0x0800bfd0   0x0800bfd0   0x0000004c   Code   RO         5963    i.vTaskDelay        tasks.o
    0x0800c01c   0x0800c01c   0x00000010   Code   RO         5968    i.vTaskInternalSetTimeOutState  tasks.o
    0x0800c02c   0x0800c02c   0x0000000c   Code   RO         5969    i.vTaskMissedYield  tasks.o
    0x0800c038   0x0800c038   0x00000030   Code   RO         5971    i.vTaskPlaceOnEventList  tasks.o
    0x0800c068   0x0800c068   0x00000038   Code   RO         5972    i.vTaskPlaceOnEventListRestricted  tasks.o
    0x0800c0a0   0x0800c0a0   0x00000088   Code   RO         5980    i.vTaskStartScheduler  tasks.o
    0x0800c128   0x0800c128   0x00000010   Code   RO         5982    i.vTaskSuspendAll   tasks.o
    0x0800c138   0x0800c138   0x00000064   Code   RO         5983    i.vTaskSwitchContext  tasks.o
    0x0800c19c   0x0800c19c   0x000000f4   Code   RO         7056    i.xPortStartScheduler  port.o
    0x0800c290   0x0800c290   0x0000002c   Code   RO         7057    i.xPortSysTickHandler  port.o
    0x0800c2bc   0x0800c2bc   0x00000042   Code   RO         5561    i.xQueueGenericCreate  queue.o
    0x0800c2fe   0x0800c2fe   0x00000066   Code   RO         5562    i.xQueueGenericCreateStatic  queue.o
    0x0800c364   0x0800c364   0x00000094   Code   RO         5563    i.xQueueGenericReset  queue.o
    0x0800c3f8   0x0800c3f8   0x00000160   Code   RO         5564    i.xQueueGenericSend  queue.o
    0x0800c558   0x0800c558   0x000000be   Code   RO         5565    i.xQueueGenericSendFromISR  queue.o
    0x0800c616   0x0800c616   0x00000002   PAD
    0x0800c618   0x0800c618   0x0000013c   Code   RO         5574    i.xQueueReceive     queue.o
    0x0800c754   0x0800c754   0x00000078   Code   RO         5985    i.xTaskCheckForTimeOut  tasks.o
    0x0800c7cc   0x0800c7cc   0x0000005a   Code   RO         5986    i.xTaskCreate       tasks.o
    0x0800c826   0x0800c826   0x00000056   Code   RO         5987    i.xTaskCreateStatic  tasks.o
    0x0800c87c   0x0800c87c   0x0000001c   Code   RO         5991    i.xTaskGetSchedulerState  tasks.o
    0x0800c898   0x0800c898   0x0000000c   Code   RO         5992    i.xTaskGetTickCount  tasks.o
    0x0800c8a4   0x0800c8a4   0x000000c8   Code   RO         5994    i.xTaskIncrementTick  tasks.o
    0x0800c96c   0x0800c96c   0x0000007c   Code   RO         5997    i.xTaskPriorityDisinherit  tasks.o
    0x0800c9e8   0x0800c9e8   0x00000070   Code   RO         5999    i.xTaskRemoveFromEventList  tasks.o
    0x0800ca58   0x0800ca58   0x000000c4   Code   RO         6000    i.xTaskResumeAll    tasks.o
    0x0800cb1c   0x0800cb1c   0x00000060   Code   RO         6325    i.xTimerCreateTimerTask  timers.o
    0x0800cb7c   0x0800cb7c   0x00000068   Code   RO         6326    i.xTimerGenericCommand  timers.o
    0x0800cbe4   0x0800cbe4   0x00000054   Code   RO         7580    t._ZN9ValidData9IsInvalidIfEEbT_  gimbal_task.o
    0x0800cc38   0x0800cc38   0x0000000a   Code   RO        10077    x$fpl$fpinit        g_wv.l(fpinit.o)
    0x0800cc42   0x0800cc42   0x00000002   PAD
    0x0800cc44   0x0800cc44   0x00000168   Data   RO          268    .constdata          freertos.o
    0x0800cdac   0x0800cdac   0x00000008   Data   RO         1537    .constdata          stm32h7xx_hal_dma.o
    0x0800cdb4   0x0800cdb4   0x0000005c   Data   RO         3261    .constdata          stm32h7xx_hal_fdcan.o
    0x0800ce10   0x0800ce10   0x00000018   Data   RO         4867    .constdata          stm32h7xx_hal_uart.o
    0x0800ce28   0x0800ce28   0x00000010   Data   RO         5233    .constdata          stm32h7xx_hal_uart_ex.o
    0x0800ce38   0x0800ce38   0x00000010   Data   RO         5338    .constdata          system_stm32h7xx.o
    0x0800ce48   0x0800ce48   0x00000300   Data   RO         8992    .constdata          protocol_crc.o
    0x0800d148   0x0800d148   0x00000093   Data   RO          269    .conststring        freertos.o
    0x0800d1db   0x0800d1db   0x00000001   PAD
    0x0800d1dc   0x0800d1dc   0x00000020   Data   RO        10220    Region$$Table       anon$$obj.o
    0x0800d1fc   0x0800d1fc   0x00000004   Data   RO         7145    .init_array         correspond_task.o
    0x0800d200   0x0800d1fc   0x00000004   Data   RO         7509    .init_array         gimbal_task.o
    0x0800d204   0x0800d1fc   0x00000004   Data   RO         7967    .init_array         message_task.o
    0x0800d208   0x0800d1fc   0x00000004   Data   RO         8190    .init_array         app_motor.o
    0x0800d20c   0x0800d1fc   0x00000004   Data   RO         8326    .init_array         app_serial.o
    0x0800d210   0x0800d1fc   0x00000004   Data   RO         8595    .init_array         dev_can.o
    0x0800d214   0x0800d1fc   0x00000004   Data   RO         8687    .init_array         dev_serial.o
    0x0800d218   0x0800d1fc   0x00000000   Data   RO         9731    .init_array         c_w.l(init_aeabi.o)


    Execution Region RW_IRAM1 (Exec base: 0x20000000, Load base: 0x0800d218, Size: 0x00000000, Max: 0x00020000, ABSOLUTE)

    **** No section assigned to this execution region ****


    Execution Region RW_IRAM2 (Exec base: 0x24000000, Load base: 0x0800d218, Size: 0x0000c1b0, Max: 0x00050000, ABSOLUTE)

    Exec Addr    Load Addr    Size         Type   Attr      Idx    E Section Name        Object

    0x24000000   0x0800d218   0x0000003c   Data   RW          270    .data               freertos.o
    0x2400003c   0x0800d254   0x00000004   Data   RW          346    .data               fdcan.o
    0x24000040   0x0800d258   0x0000000c   Data   RW         2269    .data               stm32h7xx_hal.o
    0x2400004c   0x0800d264   0x00000008   Data   RW         5339    .data               system_stm32h7xx.o
    0x24000054   0x0800d26c   0x0000003c   Data   RW         6003    .data               tasks.o
    0x24000090   0x0800d2a8   0x00000014   Data   RW         6334    .data               timers.o
    0x240000a4   0x0800d2bc   0x00000004   Data   RW         6556    .data               cmsis_os2.o
    0x240000a8   0x0800d2c0   0x00000020   Data   RW         7002    .data               heap_4.o
    0x240000c8   0x0800d2e0   0x0000000c   Data   RW         7058    .data               port.o
    0x240000d4   0x0800d2ec   0x0000000b   Data   RW         7143    .data               correspond_task.o
    0x240000df   0x0800d2f7   0x00000001   PAD
    0x240000e0   0x0800d2f8   0x00000024   Data   RW         7966    .data               message_task.o
    0x24000104   0x0800d31c   0x00000008   Data   RW         9080    .data               algorithm_kalman.o
    0x2400010c   0x0800d324   0x00000001   Data   RW         9294    .data               algorithm_pid.o
    0x2400010d   0x0800d325   0x00000003   PAD
    0x24000110        -       0x000001e0   Zero   RW          345    .bss                fdcan.o
    0x240002f0        -       0x00000110   Zero   RW          400    .bss                tim.o
    0x24000400        -       0x00000794   Zero   RW          456    .bss                usart.o
    0x24000b94        -       0x0000004c   Zero   RW          723    .bss                stm32h7xx_hal_timebase_tim.o
    0x24000be0        -       0x00000040   Zero   RW         5578    .bss                queue.o
    0x24000c20        -       0x000004c4   Zero   RW         6002    .bss                tasks.o
    0x240010e4        -       0x00000118   Zero   RW         6333    .bss                timers.o
    0x240011fc        -       0x000006b8   Zero   RW         6555    .bss                cmsis_os2.o
    0x240018b4        -       0x00003c00   Zero   RW         7001    .bss                heap_4.o
    0x240054b4        -       0x00000288   Zero   RW         7142    .bss                correspond_task.o
    0x2400573c        -       0x000006cc   Zero   RW         7508    .bss                gimbal_task.o
    0x24005e08        -       0x000001f8   Zero   RW         7801    .bss                guard_task.o
    0x24006000        -       0x000002ac   Zero   RW         7965    .bss                message_task.o
    0x240062ac        -       0x00000018   Zero   RW         8189    .bss                app_motor.o
    0x240062c4        -       0x00000070   Zero   RW         8283    .bss                app_preference.o
    0x24006334        -       0x00000054   Zero   RW         8325    .bss                app_serial.o
    0x24006388        -       0x000047d0   Zero   RW         8442    .bss                app_rgb.o
    0x2400ab58        -       0x00000150   Zero   RW         8594    .bss                dev_can.o
    0x2400aca8        -       0x0000008c   Zero   RW         8686    .bss                dev_serial.o
    0x2400ad34        -       0x00000016   Zero   RW         9036    .bss                protocol_dbus.o
    0x2400ad4a   0x0800d325   0x00000002   PAD
    0x2400ad4c        -       0x00000060   Zero   RW         9903    .bss                c_w.l(libspace.o)
    0x2400adac   0x0800d325   0x00000004   PAD
    0x2400adb0        -       0x00001000   Zero   RW            2    HEAP                startup_stm32h723xx.o
    0x2400bdb0        -       0x00000400   Zero   RW            1    STACK               startup_stm32h723xx.o


==============================================================================

Image component sizes


      Code (inc. data)   RO Data    RW Data    ZI Data      Debug   Object Name

       534          4          0          8          0      19431   algorithm_kalman.o
       398          4          0          1          0       4950   algorithm_pid.o
       420         74          4          0         24       8885   app_motor.o
        20          4          0          0        112       7662   app_preference.o
       152         14          0          0      18384     930082   app_rgb.o
      1520        228          4          0         84       9118   app_serial.o
       338         22          0          4       1720      70783   cmsis_os2.o
      1010         84          4         11        648    1032299   correspond_task.o
       300         32          4          0        336       5516   dev_can.o
       904        182          4          0        140       9667   dev_serial.o
       220          4          0          0          0        970   dma.o
       144          0          0          0          0       4320   drivers_buffer.o
       352         10          0          0          0       1303   drivers_dma.o
       126          6          0          0          0       3228   drivers_statistic.o
         0          0          0          0          0      19300   event_groups.o
       760         52          0          4        480       3561   fdcan.o
       264         54        507         60          0       5650   freertos.o
      3368        254          4          0       1740      26881   gimbal_task.o
       156          8          0          0          0       1091   gpio.o
       236         18          0          0        504       5215   guard_task.o
       476         24          0         32      15360       4859   heap_4.o
       138          0          0          0          0       3554   list.o
       312         10          0          0          0    1228988   main.o
      1956        224          4         36        684      21924   message_task.o
       790         84          0         12          0      11401   port.o
        56          4        768          0          0       2244   protocol_crc.o
       180          0          0          0         22       2935   protocol_dbus.o
      1596         22          0          0         64      18290   queue.o
         8          0          0          0          0       2194   rtossystem_task.o
        64         26        716          0       5120        824   startup_stm32h723xx.o
       120         28          0         12          0      22234   stm32h7xx_hal.o
       160         12          0          0          0      38718   stm32h7xx_hal_cortex.o
      5980        242          8          0          0      11826   stm32h7xx_hal_dma.o
      2814         50         92          0          0      21021   stm32h7xx_hal_fdcan.o
       550         44          0          0          0       2252   stm32h7xx_hal_gpio.o
        36          4          0          0          0        910   stm32h7xx_hal_msp.o
        84          6          0          0          0        769   stm32h7xx_hal_pwr_ex.o
      2466        110          0          0          0       7685   stm32h7xx_hal_rcc.o
      3622        112          0          0          0       7681   stm32h7xx_hal_rcc_ex.o
      3548        360          0          0          0      22721   stm32h7xx_hal_tim.o
       190         38          0          0          0       3172   stm32h7xx_hal_tim_ex.o
       132         22          0          0         76       1523   stm32h7xx_hal_timebase_tim.o
      4542        214         24          0          0      39907   stm32h7xx_hal_uart.o
       290          6         16          0          0       5358   stm32h7xx_hal_uart_ex.o
       392        110          0          0          0      12185   stm32h7xx_it.o
         0          0          0          0          0        384   stream_buffer.o
       192         34         16          8          0       1434   system_stm32h7xx.o
      2084        162          0         60       1220      26512   tasks.o
       472         44          0          0        272       3267   tim.o
       972         84          0         20        280      29387   timers.o
      1740        116          0          0       1940       5932   usart.o

    ----------------------------------------------------------------------
     47256       3246       2208        272      49212    3732003   Object Totals
         0          0         32          0          0          0   (incl. Generated)
        72          0          1          4          2          0   (incl. Padding)

    ----------------------------------------------------------------------

      Code (inc. data)   RO Data    RW Data    ZI Data      Debug   Library Member Name

       264          0          0          0          0      17798   arm_mat_add_f32.o
         8          0          0          0          0        843   arm_mat_init_f32.o
      1328          4          0          0          0       2718   arm_mat_inverse_f32.o
       316          4          0          0          0       1627   arm_mat_mult_f32.o
       264          0          0          0          0       1482   arm_mat_sub_f32.o
       276          0          0          0          0       1516   arm_mat_trans_f32.o
         8          0          0          0          0         68   __main.o
         0          0          0          0          0          0   __rtentry.o
        12          0          0          0          0          0   __rtentry2.o
         6          0          0          0          0          0   __rtentry4.o
        52          8          0          0          0          0   __scatter.o
        26          0          0          0          0          0   __scatter_copy.o
        28          0          0          0          0          0   __scatter_zi.o
        22          0          0          0          0         80   abort.o
        16          0          0          0          0         68   aeabi_memset.o
        48         34          0          0          0         76   defsig_abrt_inner.o
        14          0          0          0          0         80   defsig_abrt_outer.o
        10          0          0          0          0         68   defsig_exit.o
        50          0          0          0          0         88   defsig_general.o
        80         58          0          0          0         76   defsig_rtmem_inner.o
        14          0          0          0          0         80   defsig_rtmem_outer.o
        18          0          0          0          0         80   exit.o
        94          0          0          0          0         80   h1_alloc.o
        52          0          0          0          0         68   h1_extend.o
        78          0          0          0          0         80   h1_free.o
        14          0          0          0          0         84   h1_init.o
         6          0          0          0          0        152   heapauxi.o
         4          0          0          0          0        136   hguard.o
         0          0          0          0          0          0   indicate_semi.o
        36         10          0          0          0         80   init_aeabi.o
       138          0          0          0          0        168   init_alloc.o
         2          0          0          0          0          0   libinit.o
        18          0          0          0          0          0   libinit2.o
         2          0          0          0          0          0   libshutdown.o
         2          0          0          0          0          0   libshutdown2.o
         8          4          0          0         96         68   libspace.o
       238          0          0          0          0        100   lludivv7m.o
         0          0          0          0          0          0   maybetermalloc1.o
         8          4          0          0          0         68   rt_eh_globals_addr_intlibspace.o
         8          4          0          0          0         68   rt_heap_descriptor_intlibspace.o
        68          0          0          0          0         68   rt_memclr.o
        78          0          0          0          0         80   rt_memclr_w.o
       138          0          0          0          0         68   rt_memcpy_v6.o
       100          0          0          0          0         80   rt_memcpy_w.o
         8          4          0          0          0         68   rt_new_handler_addr_intlibspace.o
         2          0          0          0          0          0   rtexit.o
        10          0          0          0          0          0   rtexit2.o
        12          4          0          0          0         68   sys_exit.o
        74          0          0          0          0         80   sys_stackheap_outer.o
        14          0          0          0          0         76   sys_wrch.o
         2          0          0          0          0         68   use_no_semi.o
        80         12          0          0          0        104   arm_exceptions_globs.o
        60          0          0          0          0        108   arm_exceptions_mem.o
        26          0          0          0          0         76   arm_exceptions_terminate.o
         4          0          0          0          0         68   arm_newhandler_noexceptions.o
         8          0          0          0          0         76   array_new.o
        40          6          0          0          0         76   new.o
        10          0          0          0          0        116   fpinit.o

    ----------------------------------------------------------------------
      4320        156          0          0        100      29180   Library Totals
        18          0          0          0          4          0   (incl. Padding)

    ----------------------------------------------------------------------

      Code (inc. data)   RO Data    RW Data    ZI Data      Debug   Library Name

      2456          8          0          0          0      25984   arm_cortexM4lf_math.lib
      1618        130          0          0         96       2572   c_w.l
       218         18          0          0          0        508   cpprt_w.l
        10          0          0          0          0        116   g_wv.l

    ----------------------------------------------------------------------
      4320        156          0          0        100      29180   Library Totals

    ----------------------------------------------------------------------

==============================================================================


      Code (inc. data)   RO Data    RW Data    ZI Data      Debug   

     51576       3402       2208        272      49312    3724615   Grand Totals
     51576       3402       2208        272      49312    3724615   ELF Image Totals
     51576       3402       2208        272          0          0   ROM Totals

==============================================================================

    Total RO  Size (Code + RO Data)                53784 (  52.52kB)
    Total RW  Size (RW Data + ZI Data)             49584 (  48.42kB)
    Total ROM Size (Code + RO Data + RW Data)      54056 (  52.79kB)

==============================================================================

