Component: ARM Compiler 5.06 update 7 (build 960) Tool: armlink [4d3601]

==============================================================================

Section Cross References

    startup_stm32h723xx.o(STACK) refers (Special) to heapauxi.o(.text) for __use_two_region_memory
    startup_stm32h723xx.o(HEAP) refers (Special) to heapauxi.o(.text) for __use_two_region_memory
    startup_stm32h723xx.o(RESET) refers (Special) to heapauxi.o(.text) for __use_two_region_memory
    startup_stm32h723xx.o(RESET) refers to startup_stm32h723xx.o(STACK) for __initial_sp
    startup_stm32h723xx.o(RESET) refers to startup_stm32h723xx.o(.text) for Reset_Handler
    startup_stm32h723xx.o(RESET) refers to stm32h7xx_it.o(i.NMI_Handler) for NMI_Handler
    startup_stm32h723xx.o(RESET) refers to stm32h7xx_it.o(i.HardFault_Handler) for HardFault_Handler
    startup_stm32h723xx.o(RESET) refers to stm32h7xx_it.o(i.MemManage_Handler) for MemManage_Handler
    startup_stm32h723xx.o(RESET) refers to stm32h7xx_it.o(i.BusFault_Handler) for BusFault_Handler
    startup_stm32h723xx.o(RESET) refers to stm32h7xx_it.o(i.UsageFault_Handler) for UsageFault_Handler
    startup_stm32h723xx.o(RESET) refers to port.o(.emb_text) for SVC_Handler
    startup_stm32h723xx.o(RESET) refers to stm32h7xx_it.o(i.DebugMon_Handler) for DebugMon_Handler
    startup_stm32h723xx.o(RESET) refers to cmsis_os2.o(i.SysTick_Handler) for SysTick_Handler
    startup_stm32h723xx.o(RESET) refers to stm32h7xx_it.o(i.DMA1_Stream0_IRQHandler) for DMA1_Stream0_IRQHandler
    startup_stm32h723xx.o(RESET) refers to stm32h7xx_it.o(i.DMA1_Stream1_IRQHandler) for DMA1_Stream1_IRQHandler
    startup_stm32h723xx.o(RESET) refers to stm32h7xx_it.o(i.DMA1_Stream2_IRQHandler) for DMA1_Stream2_IRQHandler
    startup_stm32h723xx.o(RESET) refers to stm32h7xx_it.o(i.DMA1_Stream3_IRQHandler) for DMA1_Stream3_IRQHandler
    startup_stm32h723xx.o(RESET) refers to stm32h7xx_it.o(i.DMA1_Stream4_IRQHandler) for DMA1_Stream4_IRQHandler
    startup_stm32h723xx.o(RESET) refers to stm32h7xx_it.o(i.TIM1_UP_IRQHandler) for TIM1_UP_IRQHandler
    startup_stm32h723xx.o(RESET) refers to stm32h7xx_it.o(i.USART1_IRQHandler) for USART1_IRQHandler
    startup_stm32h723xx.o(RESET) refers to stm32h7xx_it.o(i.USART2_IRQHandler) for USART2_IRQHandler
    startup_stm32h723xx.o(RESET) refers to stm32h7xx_it.o(i.UART4_IRQHandler) for UART4_IRQHandler
    startup_stm32h723xx.o(RESET) refers to stm32h7xx_it.o(i.UART5_IRQHandler) for UART5_IRQHandler
    startup_stm32h723xx.o(.text) refers (Special) to heapauxi.o(.text) for __use_two_region_memory
    startup_stm32h723xx.o(.text) refers to system_stm32h7xx.o(i.SystemInit) for SystemInit
    startup_stm32h723xx.o(.text) refers to __main.o(!!!main) for __main
    startup_stm32h723xx.o(.text) refers to startup_stm32h723xx.o(HEAP) for Heap_Mem
    startup_stm32h723xx.o(.text) refers to startup_stm32h723xx.o(STACK) for Stack_Mem
    main.o(i.HAL_TIM_PeriodElapsedCallback) refers to stm32h7xx_hal.o(i.HAL_IncTick) for HAL_IncTick
    main.o(i.SystemClock_Config) refers to rt_memclr_w.o(.text) for __aeabi_memclr4
    main.o(i.SystemClock_Config) refers to stm32h7xx_hal_pwr_ex.o(i.HAL_PWREx_ConfigSupply) for HAL_PWREx_ConfigSupply
    main.o(i.SystemClock_Config) refers to stm32h7xx_hal_rcc.o(i.HAL_RCC_OscConfig) for HAL_RCC_OscConfig
    main.o(i.SystemClock_Config) refers to main.o(i.Error_Handler) for Error_Handler
    main.o(i.SystemClock_Config) refers to stm32h7xx_hal_rcc.o(i.HAL_RCC_ClockConfig) for HAL_RCC_ClockConfig
    main.o(i.main) refers to stm32h7xx_hal.o(i.HAL_Init) for HAL_Init
    main.o(i.main) refers to main.o(i.SystemClock_Config) for SystemClock_Config
    main.o(i.main) refers to gpio.o(i.MX_GPIO_Init) for MX_GPIO_Init
    main.o(i.main) refers to dma.o(i.MX_DMA_Init) for MX_DMA_Init
    main.o(i.main) refers to usart.o(i.MX_USART1_UART_Init) for MX_USART1_UART_Init
    main.o(i.main) refers to usart.o(i.MX_USART2_UART_Init) for MX_USART2_UART_Init
    main.o(i.main) refers to usart.o(i.MX_UART4_Init) for MX_UART4_Init
    main.o(i.main) refers to usart.o(i.MX_UART5_Init) for MX_UART5_Init
    main.o(i.main) refers to tim.o(i.MX_TIM2_Init) for MX_TIM2_Init
    main.o(i.main) refers to main.o(i.SoftWareInit) for SoftWareInit
    main.o(i.main) refers to cmsis_os2.o(i.osKernelInitialize) for osKernelInitialize
    main.o(i.main) refers to freertos.o(i.MX_FREERTOS_Init) for MX_FREERTOS_Init
    main.o(i.main) refers to cmsis_os2.o(i.osKernelStart) for osKernelStart
    gpio.o(i.MX_GPIO_Init) refers to rt_memclr_w.o(.text) for __aeabi_memclr4
    gpio.o(i.MX_GPIO_Init) refers to stm32h7xx_hal_gpio.o(i.HAL_GPIO_WritePin) for HAL_GPIO_WritePin
    gpio.o(i.MX_GPIO_Init) refers to stm32h7xx_hal_gpio.o(i.HAL_GPIO_Init) for HAL_GPIO_Init
    freertos.o(i.MX_FREERTOS_Init) refers to queue.o(i.xQueueGenericCreate) for xQueueGenericCreate
    freertos.o(i.MX_FREERTOS_Init) refers to cmsis_os2.o(i.osThreadNew) for osThreadNew
[...]
    HAL_NVIC_SetPriority                     0x080032c1   Thumb Code   122  stm32h7xx_hal_cortex.o(i.HAL_NVIC_SetPriority)
    HAL_NVIC_SetPriorityGrouping             0x0800333d   Thumb Code    32  stm32h7xx_hal_cortex.o(i.HAL_NVIC_SetPriorityGrouping)
    HAL_PWREx_ConfigSupply                   0x08003365   Thumb Code    90  stm32h7xx_hal_pwr_ex.o(i.HAL_PWREx_ConfigSupply)
    HAL_RCCEx_GetD3PCLK1Freq                 0x080033c5   Thumb Code    26  stm32h7xx_hal_rcc_ex.o(i.HAL_RCCEx_GetD3PCLK1Freq)
    HAL_RCCEx_GetPLL2ClockFreq               0x080033e9   Thumb Code   536  stm32h7xx_hal_rcc_ex.o(i.HAL_RCCEx_GetPLL2ClockFreq)
    HAL_RCCEx_GetPLL3ClockFreq               0x08003619   Thumb Code   536  stm32h7xx_hal_rcc_ex.o(i.HAL_RCCEx_GetPLL3ClockFreq)
    HAL_RCCEx_PeriphCLKConfig                0x08003849   Thumb Code  3272  stm32h7xx_hal_rcc_ex.o(i.HAL_RCCEx_PeriphCLKConfig)
    HAL_RCC_ClockConfig                      0x08004511   Thumb Code   774  stm32h7xx_hal_rcc.o(i.HAL_RCC_ClockConfig)
    HAL_RCC_GetClockConfig                   0x08004831   Thumb Code    98  stm32h7xx_hal_rcc.o(i.HAL_RCC_GetClockConfig)
    HAL_RCC_GetHCLKFreq                      0x0800489d   Thumb Code    60  stm32h7xx_hal_rcc.o(i.HAL_RCC_GetHCLKFreq)
    HAL_RCC_GetPCLK1Freq                     0x080048e9   Thumb Code    26  stm32h7xx_hal_rcc.o(i.HAL_RCC_GetPCLK1Freq)
    HAL_RCC_GetPCLK2Freq                     0x0800490d   Thumb Code    26  stm32h7xx_hal_rcc.o(i.HAL_RCC_GetPCLK2Freq)
    HAL_RCC_GetSysClockFreq                  0x08004931   Thumb Code   524  stm32h7xx_hal_rcc.o(i.HAL_RCC_GetSysClockFreq)
    HAL_RCC_OscConfig                        0x08004b5d   Thumb Code  1874  stm32h7xx_hal_rcc.o(i.HAL_RCC_OscConfig)
    HAL_TIMEx_Break2Callback                 0x080052b9   Thumb Code     2  stm32h7xx_hal_tim_ex.o(i.HAL_TIMEx_Break2Callback)
    HAL_TIMEx_BreakCallback                  0x080052bb   Thumb Code     2  stm32h7xx_hal_tim_ex.o(i.HAL_TIMEx_BreakCallback)
    HAL_TIMEx_CommutCallback                 0x080052bd   Thumb Code     2  stm32h7xx_hal_tim_ex.o(i.HAL_TIMEx_CommutCallback)
    HAL_TIMEx_MasterConfigSynchronization    0x080052c1   Thumb Code   190  stm32h7xx_hal_tim_ex.o(i.HAL_TIMEx_MasterConfigSynchronization)
    HAL_TIM_Base_Init                        0x080053a5   Thumb Code   110  stm32h7xx_hal_tim.o(i.HAL_TIM_Base_Init)
    HAL_TIM_Base_MspInit                     0x08005415   Thumb Code    40  tim.o(i.HAL_TIM_Base_MspInit)
    HAL_TIM_Base_Start_IT                    0x08005441   Thumb Code   162  stm32h7xx_hal_tim.o(i.HAL_TIM_Base_Start_IT)
    HAL_TIM_ConfigClockSource                0x0800550d   Thumb Code   304  stm32h7xx_hal_tim.o(i.HAL_TIM_ConfigClockSource)
    HAL_TIM_IC_CaptureCallback               0x08005641   Thumb Code     2  stm32h7xx_hal_tim.o(i.HAL_TIM_IC_CaptureCallback)
    HAL_TIM_IRQHandler                       0x08005643   Thumb Code   440  stm32h7xx_hal_tim.o(i.HAL_TIM_IRQHandler)
    HAL_TIM_MspPostInit                      0x080057fd   Thumb Code    80  tim.o(i.HAL_TIM_MspPostInit)
    HAL_TIM_OC_DelayElapsedCallback          0x08005855   Thumb Code     2  stm32h7xx_hal_tim.o(i.HAL_TIM_OC_DelayElapsedCallback)
    HAL_TIM_PWM_ConfigChannel                0x08005857   Thumb Code   368  stm32h7xx_hal_tim.o(i.HAL_TIM_PWM_ConfigChannel)
    HAL_TIM_PWM_Init                         0x080059c7   Thumb Code   110  stm32h7xx_hal_tim.o(i.HAL_TIM_PWM_Init)
    HAL_TIM_PWM_MspInit                      0x08005a35   Thumb Code     2  stm32h7xx_hal_tim.o(i.HAL_TIM_PWM_MspInit)
    HAL_TIM_PWM_PulseFinishedCallback        0x08005a37   Thumb Code     2  stm32h7xx_hal_tim.o(i.HAL_TIM_PWM_PulseFinishedCallback)
    HAL_TIM_PWM_Start                        0x08005a39   Thumb Code   330  stm32h7xx_hal_tim.o(i.HAL_TIM_PWM_Start)
    HAL_TIM_PeriodElapsedCallback            0x08005bb5   Thumb Code    18  main.o(i.HAL_TIM_PeriodElapsedCallback)
    HAL_TIM_TriggerCallback                  0x08005bcd   Thumb Code     2  stm32h7xx_hal_tim.o(i.HAL_TIM_TriggerCallback)
    HAL_UARTEx_DisableFifoMode               0x08005bcf   Thumb Code    78  stm32h7xx_hal_uart_ex.o(i.HAL_UARTEx_DisableFifoMode)
    HAL_UARTEx_RxEventCallback               0x08005c1d   Thumb Code     2  stm32h7xx_hal_uart.o(i.HAL_UARTEx_RxEventCallback)
    HAL_UARTEx_RxFifoFullCallback            0x08005c1f   Thumb Code     2  stm32h7xx_hal_uart_ex.o(i.HAL_UARTEx_RxFifoFullCallback)
    HAL_UARTEx_SetRxFifoThreshold            0x08005c21   Thumb Code    94  stm32h7xx_hal_uart_ex.o(i.HAL_UARTEx_SetRxFifoThreshold)
    HAL_UARTEx_SetTxFifoThreshold            0x08005c7f   Thumb Code    94  stm32h7xx_hal_uart_ex.o(i.HAL_UARTEx_SetTxFifoThreshold)
    HAL_UARTEx_TxFifoEmptyCallback           0x08005cdd   Thumb Code     2  stm32h7xx_hal_uart_ex.o(i.HAL_UARTEx_TxFifoEmptyCallback)
    HAL_UARTEx_WakeupCallback                0x08005cdf   Thumb Code     2  stm32h7xx_hal_uart_ex.o(i.HAL_UARTEx_WakeupCallback)
    HAL_UART_ErrorCallback                   0x08005ce1   Thumb Code   102  dev_serial.o(i.HAL_UART_ErrorCallback)
    HAL_UART_GetError                        0x08005d55   Thumb Code     8  stm32h7xx_hal_uart.o(i.HAL_UART_GetError)
    HAL_UART_IRQHandler                      0x08005d5d   Thumb Code  1172  stm32h7xx_hal_uart.o(i.HAL_UART_IRQHandler)
    HAL_UART_IdleCpltCallback                0x080061f1   Thumb Code    50  dev_serial.o(i.HAL_UART_IdleCpltCallback)
    HAL_UART_Init                            0x0800623d   Thumb Code   120  stm32h7xx_hal_uart.o(i.HAL_UART_Init)
    HAL_UART_MspInit                         0x080062b5   Thumb Code   898  usart.o(i.HAL_UART_MspInit)
    HAL_UART_Receive_IT                      0x0800666d   Thumb Code    88  stm32h7xx_hal_uart.o(i.HAL_UART_Receive_IT)
    HAL_UART_RxCpltCallback                  0x080066c9   Thumb Code    32  dev_serial.o(i.HAL_UART_RxCpltCallback)
    HAL_UART_Transmit_DMA                    0x080066f5   Thumb Code   148  stm32h7xx_hal_uart.o(i.HAL_UART_Transmit_DMA)
    HAL_UART_TxCpltCallback                  0x08006795   Thumb Code     2  stm32h7xx_hal_uart.o(i.HAL_UART_TxCpltCallback)
    HAL_UART_TxHalfCpltCallback              0x08006797   Thumb Code     2  stm32h7xx_hal_uart.o(i.HAL_UART_TxHalfCpltCallback)
    HardFault_Handler                        0x08006799   Thumb Code     4  stm32h7xx_it.o(i.HardFault_Handler)
    MA_UART_Receive_DMA_Init                 0x0800679d   Thumb Code   622  drivers_dma.o(i.MA_UART_Receive_DMA_Init)
    MX_DMA_Init                              0x08006a15   Thumb Code   112  dma.o(i.MX_DMA_Init)
    MX_FREERTOS_Init                         0x08006a89   Thumb Code   256  freertos.o(i.MX_FREERTOS_Init)
    MX_GPIO_Init                             0x08006c31   Thumb Code   158  gpio.o(i.MX_GPIO_Init)
    MX_TIM2_Init                             0x08006cd9   Thumb Code   168  tim.o(i.MX_TIM2_Init)
    MX_UART4_Init                            0x08006d85   Thumb Code    98  usart.o(i.MX_UART4_Init)
    MX_UART5_Init                            0x08006df1   Thumb Code    98  usart.o(i.MX_UART5_Init)
    MX_USART1_UART_Init                      0x08006e5d   Thumb Code    98  usart.o(i.MX_USART1_UART_Init)
    MX_USART2_UART_Init                      0x08006ec9   Thumb Code    96  usart.o(i.MX_USART2_UART_Init)
    MemManage_Handler                        0x08006f35   Thumb Code     4  stm32h7xx_it.o(i.MemManage_Handler)
    Message_Task                             0x08006f39   Thumb Code    64  message_task.o(i.Message_Task)
    NMI_Handler                              0x08006f89   Thumb Code     4  stm32h7xx_it.o(i.NMI_Handler)
    RTOSsystem_Task                          0x08007255   Thumb Code    10  rtossystem_task.o(i.RTOSsystem_Task)
    Referee_Rx_Task                          0x08007261   Thumb Code    40  message_task.o(i.Referee_Rx_Task)
    Serial_Rx_Task                           0x08007295   Thumb Code   102  message_task.o(i.Serial_Rx_Task)
    SoftWareInit                             0x08007319   Thumb Code     2  main.o(i.SoftWareInit)
    StartDefaultTask                         0x0800731b   Thumb Code    10  freertos.o(i.StartDefaultTask)
    SysTick_Handler                          0x08007325   Thumb Code    22  cmsis_os2.o(i.SysTick_Handler)
    SystemClock_Config                       0x0800733d   Thumb Code   176  main.o(i.SystemClock_Config)
    SystemInit                               0x080073f1   Thumb Code   192  system_stm32h7xx.o(i.SystemInit)
    TIM1_UP_IRQHandler                       0x080074d1   Thumb Code    10  stm32h7xx_it.o(i.TIM1_UP_IRQHandler)
    TIM_Base_SetConfig                       0x080074e1   Thumb Code   182  stm32h7xx_hal_tim.o(i.TIM_Base_SetConfig)
    TIM_CCxChannelCmd                        0x080075c1   Thumb Code    34  stm32h7xx_hal_tim.o(i.TIM_CCxChannelCmd)
    TIM_ETR_SetConfig                        0x080075e3   Thumb Code    22  stm32h7xx_hal_tim.o(i.TIM_ETR_SetConfig)
    TIM_OC2_SetConfig                        0x080076bd   Thumb Code   156  stm32h7xx_hal_tim.o(i.TIM_OC2_SetConfig)
    UART4_IRQHandler                         0x080079c9   Thumb Code    10  stm32h7xx_it.o(i.UART4_IRQHandler)
    UART5_IRQHandler                         0x080079d9   Thumb Code    10  stm32h7xx_it.o(i.UART5_IRQHandler)
    UART_AdvFeatureConfig                    0x08007a41   Thumb Code   248  stm32h7xx_hal_uart.o(i.UART_AdvFeatureConfig)
    UART_CheckIdleState                      0x08007b39   Thumb Code   234  stm32h7xx_hal_uart.o(i.UART_CheckIdleState)
    UART_SetConfig                           0x080083d5   Thumb Code  1558  stm32h7xx_hal_uart.o(i.UART_SetConfig)
    UART_Start_Receive_IT                    0x080089fd   Thumb Code   332  stm32h7xx_hal_uart.o(i.UART_Start_Receive_IT)
    UART_WaitOnFlagUntilTimeout              0x08008b59   Thumb Code   162  stm32h7xx_hal_uart.o(i.UART_WaitOnFlagUntilTimeout)
    UIDraw_Task                              0x08008bfd   Thumb Code    68  uidraw_task.o(i.UIDraw_Task)
    USART1_IRQHandler                        0x08008c4d   Thumb Code    40  stm32h7xx_it.o(i.USART1_IRQHandler)
    USART2_IRQHandler                        0x08008c79   Thumb Code    40  stm32h7xx_it.o(i.USART2_IRQHandler)
    UsageFault_Handler                       0x08008ca5   Thumb Code     4  stm32h7xx_it.o(i.UsageFault_Handler)
    Serial1_Hook(bool)                       0x08008ca9   Thumb Code    16  app_serial.o(i._Z12Serial1_Hookb)
    Serial2_Hook(bool)                       0x08008cc1   Thumb Code    16  app_serial.o(i._Z12Serial2_Hookb)
    Serial4_Hook(bool)                       0x08008cd9   Thumb Code    16  app_serial.o(i._Z12Serial4_Hookb)
    Serial5_Hook(bool)                       0x08008cf1   Thumb Code    16  app_serial.o(i._Z12Serial5_Hookb)
    Prefence_Init()                          0x08008d09   Thumb Code    18  app_preference.o(i._Z13Prefence_Initv)
    rc_key_v_fresh(RC_ctrl_t*)               0x08008d21   Thumb Code    14  chassis_task.o(i._Z14rc_key_v_freshP9RC_ctrl_t)
    Serial_ALL_Init()                        0x08008d35   Thumb Code    92  app_serial.o(i._Z15Serial_ALL_Initv)
    Get_CRC8_Check_Sum(unsigned char*, unsigned, unsigned char) 0x08008dc5   Thumb Code    30  protocol_crc.o(i._Z18Get_CRC8_Check_SumPhjh)
    referee_data_solve(unsigned char*)       0x08008de9   Thumb Code   352  protocol_judgement.o(i._Z18referee_data_solvePh)
    Get_CRC16_Check_Sum(unsigned char*, unsigned, unsigned short) 0x08008f59   Thumb Code    46  protocol_crc.o(i._Z19Get_CRC16_Check_SumPhjt)
    Append_CRC8_Check_Sum(unsigned char*, unsigned) 0x08008f8d   Thumb Code    36  protocol_crc.o(i._Z21Append_CRC8_Check_SumPhj)
    Verify_CRC8_Check_Sum(unsigned char*, unsigned) 0x08008fb1   Thumb Code    46  protocol_crc.o(i._Z21Verify_CRC8_Check_SumPhj)
    Append_CRC16_Check_Sum(unsigned char*, unsigned) 0x08008fe1   Thumb Code    44  protocol_crc.o(i._Z22Append_CRC16_Check_SumPhj)
    Verify_CRC16_Check_Sum(unsigned char*, unsigned) 0x08009011   Thumb Code    60  protocol_crc.o(i._Z22Verify_CRC16_Check_SumPhj)
    IWDG_Feed()                              0x08009051   Thumb Code     2  guard_task.o(i._Z9IWDG_Feedv)
    Guard_Ctrl::Feed(ID_e)                   0x08009055   Thumb Code    68  guard_task.o(i._ZN10Guard_Ctrl4FeedE4ID_e)
    Guard_Ctrl::Scan()                       0x0800909d   Thumb Code   416  guard_task.o(i._ZN10Guard_Ctrl4ScanEv)
    Guard_Ctrl::Start()                      0x0800923d   Thumb Code     2  guard_task.o(i._ZN10Guard_Ctrl5StartEv)
    Serialctrl::IRQHandler_IDLE()            0x0800923f   Thumb Code    16  dev_serial.o(i._ZN10Serialctrl15IRQHandler_IDLEEv)
    Serialctrl::IRQHandler_RXNE(unsigned char) 0x0800924f   Thumb Code    30  dev_serial.o(i._ZN10Serialctrl15IRQHandler_RXNEEh)
    Serialctrl::attachInterrupt(void(*)(bool)) 0x0800926d   Thumb Code     4  dev_serial.o(i._ZN10Serialctrl15attachInterruptEPFvbE)
    Serialctrl::sendData(const void*, unsigned char) 0x08009271   Thumb Code    48  dev_serial.o(i._ZN10Serialctrl8sendDataEPKvh)
    Serialctrl::Serialctrl(__UART_HandleTypeDef*, __DMA_HandleTypeDef*, unsigned) 0x080092a1   Thumb Code    12  dev_serial.o(i._ZN10SerialctrlC1EP20__UART_HandleTypeDefP19__DMA_HandleTypeDefj)
    Serialctrl::Serialctrl__sub_object(__UART_HandleTypeDef*, __DMA_HandleTypeDef*, unsigned) 0x080092a1   Thumb Code     0  dev_serial.o(i._ZN10SerialctrlC1EP20__UART_HandleTypeDefP19__DMA_HandleTypeDefj)
    Serial_Ctrl::Send_to_Message(Serialctrl*, bool) 0x080092ad   Thumb Code   162  app_serial.o(i._ZN11Serial_Ctrl15Send_to_MessageEP10Serialctrlb)
    Serial_Ctrl::Hook(USART_TypeDef*, bool)  0x0800936d   Thumb Code    88  app_serial.o(i._ZN11Serial_Ctrl4HookEP13USART_TypeDefb)
    Serial_Ctrl::Handle(Serialctrl*, Serial_Data_t*, bool) 0x080093e5   Thumb Code   656  app_serial.o(i._ZN11Serial_Ctrl6HandleEP10SerialctrlP13Serial_Data_tb)
    Serial_Ctrl::Serial_Ctrl()               0x08009681   Thumb Code   122  app_serial.o(i._ZN11Serial_CtrlC1Ev)
    Serial_Ctrl::Serial_Ctrl__sub_object()   0x08009681   Thumb Code     0  app_serial.o(i._ZN11Serial_CtrlC1Ev)
    Serial_Ctrl::~Serial_Ctrl()              0x080096fb   Thumb Code     2  app_serial.o(i._ZN11Serial_CtrlD1Ev)
    Serial_Ctrl::~Serial_Ctrl__sub_object()  0x080096fb   Thumb Code     0  app_serial.o(i._ZN11Serial_CtrlD1Ev)
    sPidTypeDef::sPidTypeDef()               0x080096fd   Thumb Code     2  chassis_task.o(i._ZN11sPidTypeDefC1Ev)
    sPidTypeDef::sPidTypeDef__sub_object()   0x080096fd   Thumb Code     0  chassis_task.o(i._ZN11sPidTypeDefC1Ev)
    sPidTypeDef::~sPidTypeDef()              0x080096ff   Thumb Code     2  chassis_task.o(i._ZN11sPidTypeDefD1Ev)
    sPidTypeDef::~sPidTypeDef__sub_object()  0x080096ff   Thumb Code     0  chassis_task.o(i._ZN11sPidTypeDefD1Ev)
    Chassis_Ctrl::Chassis_Ctrl()             0x08009701   Thumb Code   114  chassis_task.o(i._ZN12Chassis_CtrlC1Ev)
    Chassis_Ctrl::Chassis_Ctrl__sub_object() 0x08009701   Thumb Code     0  chassis_task.o(i._ZN12Chassis_CtrlC1Ev)
    Chassis_Ctrl::~Chassis_Ctrl()            0x08009779   Thumb Code   100  chassis_task.o(i._ZN12Chassis_CtrlD1Ev)
    Chassis_Ctrl::~Chassis_Ctrl__sub_object() 0x08009779   Thumb Code     0  chassis_task.o(i._ZN12Chassis_CtrlD1Ev)
    Message_Ctrl::Serialx_Hook(unsigned char*, Serialctrl*) 0x080097e1   Thumb Code    62  message_task.o(i._ZN12Message_Ctrl12Serialx_HookEPhP10Serialctrl)
    Message_Ctrl::Gimbal_Serial_Hook(unsigned char*) 0x08009835   Thumb Code    22  message_task.o(i._ZN12Message_Ctrl18Gimbal_Serial_HookEPh)
    Message_Ctrl::Init()                     0x08009851   Thumb Code    14  message_task.o(i._ZN12Message_Ctrl4InitEv)
    UI_Draw_Ctrl::Feedback_Update()          0x08009861   Thumb Code   100  uidraw_task.o(i._ZN12UI_Draw_Ctrl15Feedback_UpdateEv)
    UI_Draw_Ctrl::Init()                     0x080098cd   Thumb Code    24  uidraw_task.o(i._ZN12UI_Draw_Ctrl4InitEv)
    UI_Draw_Ctrl::UI_ADD()                   0x080098e9   Thumb Code   922  uidraw_task.o(i._ZN12UI_Draw_Ctrl6UI_ADDEv)
    UI_Draw_Ctrl::UI_Change()                0x08009cb9   Thumb Code  2370  uidraw_task.o(i._ZN12UI_Draw_Ctrl9UI_ChangeEv)
    Serial_Data_t::Serial_Data_t(unsigned char, unsigned char, unsigned char, unsigned char, unsigned char, unsigned char, unsigned char) 0x0800a605   Thumb Code    80  app_serial.o(i._ZN13Serial_Data_tC1Ehhhhhhh)
    Serial_Data_t::Serial_Data_t__sub_object(unsigned char, unsigned char, unsigned char, unsigned char, unsigned char, unsigned char, unsigned char) 0x0800a605   Thumb Code     0  app_serial.o(i._ZN13Serial_Data_tC1Ehhhhhhh)
    correspondence_ctrl::Corres_Send()       0x0800a655   Thumb Code    34  correspond_task.o(i._ZN19correspondence_ctrl11Corres_SendEv)
    correspondence_ctrl::Corres_Feedback()   0x0800a681   Thumb Code    20  correspond_task.o(i._ZN19correspondence_ctrl15Corres_FeedbackEv)
    correspondence_ctrl::correspondence_ctrl() 0x0800a695   Thumb Code    80  correspond_task.o(i._ZN19correspondence_ctrlC1Ev)
    correspondence_ctrl::correspondence_ctrl__sub_object() 0x0800a695   Thumb Code     0  correspond_task.o(i._ZN19correspondence_ctrlC1Ev)
    Buffer::Buffer_Write(RingBuffer*, unsigned char) 0x0800a6e5   Thumb Code    56  drivers_buffer.o(i._ZN6Buffer12Buffer_WriteEP10RingBufferh)
    UIGraph::Draw_Number(char*, unsigned, unsigned, unsigned, unsigned, unsigned, unsigned, unsigned, unsigned, unsigned, int, char*, unsigned, unsigned, unsigned, unsigned, unsigned, unsigned, unsigned, unsigned, unsigned, int, char*, unsigned, unsigned, unsigned, unsigned, unsigned, unsigned, unsigned, unsigned, unsigned, int, char*, unsigned, unsigned, unsigned, unsigned, unsigned, unsigned, unsigned, unsigned, unsigned, int, char*, unsigned, unsigned, unsigned, unsigned, unsigned, unsigned, unsigned, unsigned, unsigned, int, char*, unsigned, unsigned, unsigned, unsigned, unsigned, unsigned, unsigned, unsigned, unsigned, int, char*, unsigned, unsigned, unsigned, unsigned, unsigned, unsigned, unsigned, unsigned, unsigned, int) 0x0800a71d   Thumb Code  1610  protocol_ui.o(i._ZN7UIGraph11Draw_NumberEPcjjjjjjjjjiS0_jjjjjjjjjiS0_jjjjjjjjjiS0_jjjjjjjjjiS0_jjjjjjjjjiS0_jjjjjjjjjiS0_jjjjjjjjji)
    UIGraph::Draw_Graphic(char*, unsigned, unsigned, unsigned, unsigned, unsigned, unsigned, unsigned, unsigned, unsigned, unsigned, unsigned, unsigned, char*, unsigned, unsigned, unsigned, unsigned, unsigned, unsigned, unsigned, unsigned, unsigned, unsigned, unsigned, unsigned, char*, unsigned, unsigned, unsigned, unsigned, unsigned, unsigned, unsigned, unsigned, unsigned, unsigned, unsigned, unsigned, char*, unsigned, unsigned, unsigned, unsigned, unsigned, unsigned, unsigned, unsigned, unsigned, unsigned, unsigned, unsigned, char*, unsigned, unsigned, unsigned, unsigned, unsigned, unsigned, unsigned, unsigned, unsigned, unsigned, unsigned, unsigned, char*, unsigned, unsigned, unsigned, unsigned, unsigned, unsigned, unsigned, unsigned, unsigned, unsigned, unsigned, unsigned, char*, unsigned, unsigned, unsigned, unsigned, unsigned, unsigned, unsigned, unsigned, unsigned, unsigned, unsigned, unsigned) 0x0800ad75   Thumb Code  1850  protocol_ui.o(i._ZN7UIGraph12Draw_GraphicEPcjjjjjjjjjjjjS0_jjjjjjjjjjjjS0_jjjjjjjjjjjjS0_jjjjjjjjjjjjS0_jjjjjjjjjjjjS0_jjjjjjjjjjjjS0_jjjjjjjjjjjj)
    rc_key_c::rc_key_v_set(RC_ctrl_t*)       0x0800b4bd   Thumb Code   126  message_task.o(i._ZN8rc_key_c12rc_key_v_setEP9RC_ctrl_t)
    rc_key_c::sum_key_count(short, count_num_key*) 0x0800b53b   Thumb Code    32  message_task.o(i._ZN8rc_key_c13sum_key_countEsP13count_num_key)
    Statistic::Rate_Do_Execute(unsigned short) 0x0800b55b   Thumb Code    60  drivers_statistic.o(i._ZN9Statistic15Rate_Do_ExecuteEt)
    Statistic::Statistic_Update(unsigned)    0x0800b599   Thumb Code    92  drivers_statistic.o(i._ZN9Statistic16Statistic_UpdateEj)
    operator new[] (unsigned)                0x0800b5f9   Thumb Code     8  array_new.o(i._Znaj)
    operator new(unsigned)                   0x0800b601   Thumb Code    34  new.o(i._Znwj)
    __aeabi_vec_ctor_nocookie_nodtor         0x0800b661   Thumb Code    36  aeabi_vec_ctor_nocookie_nodtor.o(i.__aeabi_vec_ctor_nocookie_nodtor)
    main                                     0x0800b765   Thumb Code    56  main.o(i.main)
    osDelay                                  0x0800b79d   Thumb Code    30  cmsis_os2.o(i.osDelay)
    osKernelInitialize                       0x0800b7bd   Thumb Code    38  cmsis_os2.o(i.osKernelInitialize)
    osKernelStart                            0x0800b7e9   Thumb Code    82  cmsis_os2.o(i.osKernelStart)
    osThreadNew                              0x0800b849   Thumb Code   184  cmsis_os2.o(i.osThreadNew)
    pvPortMalloc                             0x0800c325   Thumb Code   306  heap_4.o(i.pvPortMalloc)
    pxPortInitialiseStack                    0x0800c471   Thumb Code    38  port.o(i.pxPortInitialiseStack)
    sbus_to_rc                               0x0800c49d   Thumb Code   218  protocol_dbus.o(i.sbus_to_rc)
    uxListRemove                             0x0800c577   Thumb Code    40  list.o(i.uxListRemove)
    vApplicationGetIdleTaskMemory            0x0800c5a1   Thumb Code    14  cmsis_os2.o(i.vApplicationGetIdleTaskMemory)
    vApplicationGetTimerTaskMemory           0x0800c5b9   Thumb Code    16  cmsis_os2.o(i.vApplicationGetTimerTaskMemory)
    vListInitialise                          0x0800c5d1   Thumb Code    26  list.o(i.vListInitialise)
    vListInitialiseItem                      0x0800c5eb   Thumb Code     6  list.o(i.vListInitialiseItem)
    vListInsert                              0x0800c5f1   Thumb Code    52  list.o(i.vListInsert)
    vListInsertEnd                           0x0800c625   Thumb Code    24  list.o(i.vListInsertEnd)
    vPortEnterCritical                       0x0800c63d   Thumb Code    76  port.o(i.vPortEnterCritical)
    vPortExitCritical                        0x0800c691   Thumb Code    56  port.o(i.vPortExitCritical)
    vPortFree                                0x0800c6cd   Thumb Code   150  heap_4.o(i.vPortFree)
    vPortSetupTimerInterrupt                 0x0800c771   Thumb Code    36  port.o(i.vPortSetupTimerInterrupt)
    vPortValidateInterruptPriority           0x0800c799   Thumb Code   106  port.o(i.vPortValidateInterruptPriority)
    vQueueAddToRegistry                      0x0800c811   Thumb Code    38  queue.o(i.vQueueAddToRegistry)
    vQueueWaitForMessageRestricted           0x0800c83d   Thumb Code    74  queue.o(i.vQueueWaitForMessageRestricted)
    vTaskDelay                               0x0800c889   Thumb Code    82  tasks.o(i.vTaskDelay)
    vTaskInternalSetTimeOutState             0x0800c8e5   Thumb Code    14  tasks.o(i.vTaskInternalSetTimeOutState)
    vTaskMissedYield                         0x0800c8fd   Thumb Code     8  tasks.o(i.vTaskMissedYield)
    vTaskPlaceOnEventList                    0x0800c909   Thumb Code    52  tasks.o(i.vTaskPlaceOnEventList)
    vTaskPlaceOnEventListRestricted          0x0800c941   Thumb Code    60  tasks.o(i.vTaskPlaceOnEventListRestricted)
    vTaskStartScheduler                      0x0800c981   Thumb Code   156  tasks.o(i.vTaskStartScheduler)
    vTaskSuspendAll                          0x0800ca39   Thumb Code    12  tasks.o(i.vTaskSuspendAll)
    vTaskSwitchContext                       0x0800ca49   Thumb Code   122  tasks.o(i.vTaskSwitchContext)
    xPortStartScheduler                      0x0800cad9   Thumb Code   330  port.o(i.xPortStartScheduler)
    xPortSysTickHandler                      0x0800cc41   Thumb Code    46  port.o(i.xPortSysTickHandler)
    xQueueGenericCreate                      0x0800cc75   Thumb Code    90  queue.o(i.xQueueGenericCreate)
    xQueueGenericCreateStatic                0x0800cccf   Thumb Code   224  queue.o(i.xQueueGenericCreateStatic)
    xQueueGenericReset                       0x0800cdb1   Thumb Code   146  queue.o(i.xQueueGenericReset)
    xQueueGenericSend                        0x0800ce49   Thumb Code   420  queue.o(i.xQueueGenericSend)
    xQueueGenericSendFromISR                 0x0800cff1   Thumb Code   252  queue.o(i.xQueueGenericSendFromISR)
    xQueueReceive                            0x0800d0ed   Thumb Code   356  queue.o(i.xQueueReceive)
    xTaskCheckForTimeOut                     0x0800d255   Thumb Code   132  tasks.o(i.xTaskCheckForTimeOut)
    xTaskCreate                              0x0800d2e1   Thumb Code   100  tasks.o(i.xTaskCreate)
    xTaskCreateStatic                        0x0800d345   Thumb Code   186  tasks.o(i.xTaskCreateStatic)
    xTaskGetSchedulerState                   0x0800d401   Thumb Code    24  tasks.o(i.xTaskGetSchedulerState)
    xTaskGetTickCount                        0x0800d421   Thumb Code     6  tasks.o(i.xTaskGetTickCount)
    xTaskIncrementTick                       0x0800d42d   Thumb Code   280  tasks.o(i.xTaskIncrementTick)
    xTaskPriorityDisinherit                  0x0800d571   Thumb Code   152  tasks.o(i.xTaskPriorityDisinherit)
    xTaskRemoveFromEventList                 0x0800d615   Thumb Code   126  tasks.o(i.xTaskRemoveFromEventList)
    xTaskResumeAll                           0x0800d6ad   Thumb Code   222  tasks.o(i.xTaskResumeAll)
    xTimerCreateTimerTask                    0x0800d7b1   Thumb Code   100  timers.o(i.xTimerCreateTimerTask)
    xTimerGenericCommand                     0x0800d829   Thumb Code   128  timers.o(i.xTimerGenericCommand)
    _fp_init                                 0x0800d8ad   Thumb Code    10  fpinit.o(x$fpl$fpinit)
    __fplib_config_fpu_vfp                   0x0800d8b5   Thumb Code     0  fpinit.o(x$fpl$fpinit)
    __fplib_config_pureend_doubles           0x0800d8b5   Thumb Code     0  fpinit.o(x$fpl$fpinit)
    defaultTask_attributes                   0x0800d8c8   Data          36  freertos.o(.constdata)
    RTOSsystem_task_attributes               0x0800d8ec   Data          36  freertos.o(.constdata)
    Chassis_task_attributes                  0x0800d910   Data          36  freertos.o(.constdata)
    UIDraw_task_attributes                   0x0800d934   Data          36  freertos.o(.constdata)
    Guard_task_attributes                    0x0800d958   Data          36  freertos.o(.constdata)
    Correspond_task_attributes               0x0800d97c   Data          36  freertos.o(.constdata)
    Message_task_attributes                  0x0800d9a0   Data          36  freertos.o(.constdata)
    CAN1_Rx_task_attributes                  0x0800d9c4   Data          36  freertos.o(.constdata)
    CAN2_Rx_task_attributes                  0x0800d9e8   Data          36  freertos.o(.constdata)
    Serial_Rx_task_attributes                0x0800da0c   Data          36  freertos.o(.constdata)
    Referee_Rx_task_attributes               0x0800da30   Data          36  freertos.o(.constdata)
    DR16_Rx_task_attributes                  0x0800da54   Data          36  freertos.o(.constdata)
    UARTPrescTable                           0x0800da80   Data          24  stm32h7xx_hal_uart.o(.constdata)
    D1CorePrescTable                         0x0800daa8   Data          16  system_stm32h7xx.o(.constdata)
    sinTable_f32                             0x0800ddb8   Data        2052  arm_common_tables.o(.constdata)
    Region$$Table$$Base                      0x0800e670   Number         0  anon$$obj.o(Region$$Table)
    Region$$Table$$Limit                     0x0800e690   Number         0  anon$$obj.o(Region$$Table)
    SHT$$INIT_ARRAY$$Base                    0x0800e690   Number         0  chassis_task.o(.init_array)
    SHT$$INIT_ARRAY$$Limit                   0x0800e6a8   Number         0  init_aeabi.o(.init_array)
    defaultTaskHandle                        0x24000000   Data           4  freertos.o(.data)
    RTOSsystem_taskHandle                    0x24000004   Data           4  freertos.o(.data)
    Chassis_taskHandle                       0x24000008   Data           4  freertos.o(.data)
    UIDraw_taskHandle                        0x2400000c   Data           4  freertos.o(.data)
    Guard_taskHandle                         0x24000010   Data           4  freertos.o(.data)
    Correspond_taskHandle                    0x24000014   Data           4  freertos.o(.data)
    Message_taskHandle                       0x24000018   Data           4  freertos.o(.data)
    CAN1_Rx_taskHandle                       0x2400001c   Data           4  freertos.o(.data)
    CAN2_Rx_taskHandle                       0x24000020   Data           4  freertos.o(.data)
    Serial_Rx_taskHandle                     0x24000024   Data           4  freertos.o(.data)
    Referee_Rx_taskHandle                    0x24000028   Data           4  freertos.o(.data)
    DR16_Rx_taskHandle                       0x2400002c   Data           4  freertos.o(.data)
    Message_Queue                            0x24000030   Data           4  freertos.o(.data)
    CAN1_Rx_Queue                            0x24000034   Data           4  freertos.o(.data)
    CAN2_Rx_Queue                            0x24000038   Data           4  freertos.o(.data)
    Serial_Rx_Queue                          0x2400003c   Data           4  freertos.o(.data)
    Referee_Rx_Queue                         0x24000040   Data           4  freertos.o(.data)
    DR16_Rx_Queue                            0x24000044   Data           4  freertos.o(.data)
    uwTick                                   0x24000048   Data           4  stm32h7xx_hal.o(.data)
    uwTickPrio                               0x2400004c   Data           4  stm32h7xx_hal.o(.data)
    uwTickFreq                               0x24000050   Data           1  stm32h7xx_hal.o(.data)
    SystemCoreClock                          0x24000054   Data           4  system_stm32h7xx.o(.data)
    SystemD2Clock                            0x24000058   Data           4  system_stm32h7xx.o(.data)
    pxCurrentTCB                             0x2400005c   Data           4  tasks.o(.data)
    Gimbal_Union                             0x240000dc   Data           4  correspond_task.o(.data)
    s                                        0x240000e0   Data          11  correspond_task.o(.data)
    UI_Send                                  0x24000104   Data           1  uidraw_task.o(.data)
    CRC_INIT                                 0x24000110   Data           2  protocol_crc.o(.data)
    htim2                                    0x24000114   Data          76  tim.o(.bss)
    huart4                                   0x24000160   Data         148  usart.o(.bss)
    huart5                                   0x240001f4   Data         148  usart.o(.bss)
    huart1                                   0x24000288   Data         148  usart.o(.bss)
    huart2                                   0x2400031c   Data         148  usart.o(.bss)
    hdma_uart4_rx                            0x240003b0   Data         120  usart.o(.bss)
    hdma_uart4_tx                            0x24000428   Data         120  usart.o(.bss)
    hdma_usart1_rx                           0x240004a0   Data         120  usart.o(.bss)
    hdma_usart1_tx                           0x24000518   Data         120  usart.o(.bss)
    hdma_usart2_rx                           0x24000590   Data         120  usart.o(.bss)
    htim1                                    0x24000608   Data          76  stm32h7xx_hal_timebase_tim.o(.bss)
    xQueueRegistry                           0x24000654   Data          64  queue.o(.bss)
    Chassis                                  0x24004f28   Data        1856  chassis_task.o(.bss)
    Corres                                   0x24005668   Data          92  correspond_task.o(.bss)
    Guard                                    0x240056c4   Data         504  guard_task.o(.bss)
    Message                                  0x240058bc   Data          84  message_task.o(.bss)
    r                                        0x24005910   Data          20  message_task.o(.bss)
    UIDraw                                   0x24005924   Data         232  uidraw_task.o(.bss)
    ID_Data                                  0x24005a0c   Data         112  app_preference.o(.bss)
    Serial_Cmd                               0x24005a7c   Data          68  app_serial.o(.bss)
    Serial1_Ctrl                             0x24005ac0   Data          28  dev_serial.o(.bss)
    Serial2_Ctrl                             0x24005adc   Data          28  dev_serial.o(.bss)
    Serial4_Ctrl                             0x24005af8   Data          28  dev_serial.o(.bss)
    Serial5_Ctrl                             0x24005b14   Data          28  dev_serial.o(.bss)
    ext_client_custom_graphic_single         0x24005be0   Data          21  protocol_ui.o(.bss)
    graphic_delete                           0x24005bf5   Data          17  protocol_ui.o(.bss)
    ext_client_custom_characte               0x24005c06   Data          45  protocol_ui.o(.bss)
    draw_data_struct                         0x24005c33   Data         120  protocol_ui.o(.bss)
    char_data_struct                         0x24005cab   Data          60  protocol_ui.o(.bss)
    graph_data_struct                        0x24005ce7   Data          30  protocol_ui.o(.bss)
    num_data_struct                          0x24005d05   Data          30  protocol_ui.o(.bss)
    map_data_struct                          0x24005d23   Data          23  protocol_ui.o(.bss)
    MA_UIgraphic_struct                      0x24005d3a   Data         120  protocol_ui.o(.bss)
    MA_UInumber_struct                       0x24005db2   Data         120  protocol_ui.o(.bss)
    judgeTX_buf                              0x24005e2a   Data         255  protocol_ui.o(.bss)
    __libspace_start                         0x24005f2c   Data          96  libspace.o(.bss)
    __temporary_stack_top$libspace           0x24005f8c   Data           0  libspace.o(.bss)



==============================================================================

Memory Map of the image

  Image Entry point : 0x080002cd

  Load Region LR_IROM1 (Base: 0x08000000, Size: 0x0000e7bc, Max: 0x00100000, ABSOLUTE)

    Execution Region ER_IROM1 (Exec base: 0x08000000, Load base: 0x08000000, Size: 0x0000e6a8, Max: 0x00100000, ABSOLUTE)

    Exec Addr    Load Addr    Size         Type   Attr      Idx    E Section Name        Object

    0x08000000   0x08000000   0x000002cc   Data   RO            3    RESET               startup_stm32h723xx.o
    0x080002cc   0x080002cc   0x00000008   Code   RO         9031  * !!!main             c_w.l(__main.o)
    0x080002d4   0x080002d4   0x00000034   Code   RO         9479    !!!scatter          c_w.l(__scatter.o)
    0x08000308   0x08000308   0x0000001a   Code   RO         9481    !!handler_copy      c_w.l(__scatter_copy.o)
    0x08000322   0x08000322   0x00000002   PAD
    0x08000324   0x08000324   0x0000001c   Code   RO         9483    !!handler_zi        c_w.l(__scatter_zi.o)
    0x08000340   0x08000340   0x00000002   Code   RO         9382    .ARM.Collect$$libinit$$00000000  c_w.l(libinit.o)
    0x08000342   0x08000342   0x00000004   Code   RO         9097    .ARM.Collect$$libinit$$00000001  c_w.l(libinit2.o)
    0x08000346   0x08000346   0x00000000   Code   RO         9100    .ARM.Collect$$libinit$$00000004  c_w.l(libinit2.o)
    0x08000346   0x08000346   0x00000008   Code   RO         9101    .ARM.Collect$$libinit$$00000005  c_w.l(libinit2.o)
    0x0800034e   0x0800034e   0x00000000   Code   RO         9103    .ARM.Collect$$libinit$$0000000A  c_w.l(libinit2.o)
    0x0800034e   0x0800034e   0x00000000   Code   RO         9105    .ARM.Collect$$libinit$$0000000C  c_w.l(libinit2.o)
    0x0800034e   0x0800034e   0x00000000   Code   RO         9107    .ARM.Collect$$libinit$$0000000E  c_w.l(libinit2.o)
    0x0800034e   0x0800034e   0x00000000   Code   RO         9110    .ARM.Collect$$libinit$$00000011  c_w.l(libinit2.o)
    0x0800034e   0x0800034e   0x00000000   Code   RO         9112    .ARM.Collect$$libinit$$00000013  c_w.l(libinit2.o)
    0x0800034e   0x0800034e   0x00000000   Code   RO         9114    .ARM.Collect$$libinit$$00000015  c_w.l(libinit2.o)
    0x0800034e   0x0800034e   0x00000000   Code   RO         9116    .ARM.Collect$$libinit$$00000017  c_w.l(libinit2.o)
    0x0800034e   0x0800034e   0x00000000   Code   RO         9118    .ARM.Collect$$libinit$$00000019  c_w.l(libinit2.o)
    0x0800034e   0x0800034e   0x00000000   Code   RO         9120    .ARM.Collect$$libinit$$0000001B  c_w.l(libinit2.o)
    0x0800034e   0x0800034e   0x00000000   Code   RO         9122    .ARM.Collect$$libinit$$0000001D  c_w.l(libinit2.o)
    0x0800034e   0x0800034e   0x00000000   Code   RO         9124    .ARM.Collect$$libinit$$0000001F  c_w.l(libinit2.o)
    0x0800034e   0x0800034e   0x00000000   Code   RO         9126    .ARM.Collect$$libinit$$00000021  c_w.l(libinit2.o)
    0x0800034e   0x0800034e   0x00000000   Code   RO         9128    .ARM.Collect$$libinit$$00000023  c_w.l(libinit2.o)
    0x0800034e   0x0800034e   0x00000000   Code   RO         9130    .ARM.Collect$$libinit$$00000025  c_w.l(libinit2.o)
    0x0800034e   0x0800034e   0x00000000   Code   RO         9134    .ARM.Collect$$libinit$$0000002C  c_w.l(libinit2.o)
    0x0800034e   0x0800034e   0x00000000   Code   RO         9136    .ARM.Collect$$libinit$$0000002E  c_w.l(libinit2.o)
    0x0800034e   0x0800034e   0x00000000   Code   RO         9138    .ARM.Collect$$libinit$$00000030  c_w.l(libinit2.o)
    0x0800034e   0x0800034e   0x00000004   Code   RO         9139    .ARM.Collect$$libinit$$00000031  c_w.l(libinit2.o)
    0x08000352   0x08000352   0x00000000   Code   RO         9140    .ARM.Collect$$libinit$$00000032  c_w.l(libinit2.o)
    0x08000352   0x08000352   0x00000002   Code   RO         9141    .ARM.Collect$$libinit$$00000033  c_w.l(libinit2.o)
    0x08000354   0x08000354   0x00000002   Code   RO         9476    .ARM.Collect$$libshutdown$$00000000  c_w.l(libshutdown.o)
    0x08000356   0x08000356   0x00000000   Code   RO         9207    .ARM.Collect$$libshutdown$$00000002  c_w.l(libshutdown2.o)
    0x08000356   0x08000356   0x00000006   Code   RO         9208    .ARM.Collect$$libshutdown$$00000003  c_w.l(libshutdown2.o)
    0x0800035c   0x0800035c   0x00000000   Code   RO         9209    .ARM.Collect$$libshutdown$$00000004  c_w.l(libshutdown2.o)
    0x0800035c   0x0800035c   0x00000000   Code   RO         9211    .ARM.Collect$$libshutdown$$00000006  c_w.l(libshutdown2.o)
    0x0800035c   0x0800035c   0x00000000   Code   RO         9214    .ARM.Collect$$libshutdown$$00000009  c_w.l(libshutdown2.o)
    0x0800035c   0x0800035c   0x00000000   Code   RO         9217    .ARM.Collect$$libshutdown$$0000000C  c_w.l(libshutdown2.o)
    0x0800035c   0x0800035c   0x00000000   Code   RO         9219    .ARM.Collect$$libshutdown$$0000000E  c_w.l(libshutdown2.o)
    0x0800035c   0x0800035c   0x00000000   Code   RO         9222    .ARM.Collect$$libshutdown$$00000011  c_w.l(libshutdown2.o)
    0x0800035c   0x0800035c   0x00000002   Code   RO         9223    .ARM.Collect$$libshutdown$$00000012  c_w.l(libshutdown2.o)
    0x0800035e   0x0800035e   0x00000000   Code   RO         9051    .ARM.Collect$$rtentry$$00000000  c_w.l(__rtentry.o)
    0x0800035e   0x0800035e   0x00000000   Code   RO         9168    .ARM.Collect$$rtentry$$00000002  c_w.l(__rtentry2.o)
    0x0800035e   0x0800035e   0x00000006   Code   RO         9180    .ARM.Collect$$rtentry$$00000004  c_w.l(__rtentry4.o)
    0x08000364   0x08000364   0x00000000   Code   RO         9170    .ARM.Collect$$rtentry$$00000009  c_w.l(__rtentry2.o)
    0x08000364   0x08000364   0x00000004   Code   RO         9171    .ARM.Collect$$rtentry$$0000000A  c_w.l(__rtentry2.o)
    0x08000368   0x08000368   0x00000000   Code   RO         9173    .ARM.Collect$$rtentry$$0000000C  c_w.l(__rtentry2.o)
    0x08000368   0x08000368   0x00000008   Code   RO         9174    .ARM.Collect$$rtentry$$0000000D  c_w.l(__rtentry2.o)
    0x08000370   0x08000370   0x00000002   Code   RO         9411    .ARM.Collect$$rtexit$$00000000  c_w.l(rtexit.o)
    0x08000372   0x08000372   0x00000000   Code   RO         9440    .ARM.Collect$$rtexit$$00000002  c_w.l(rtexit2.o)
    0x08000372   0x08000372   0x00000004   Code   RO         9441    .ARM.Collect$$rtexit$$00000003  c_w.l(rtexit2.o)
    0x08000376   0x08000376   0x00000006   Code   RO         9442    .ARM.Collect$$rtexit$$00000004  c_w.l(rtexit2.o)
    0x0800037c   0x0800037c   0x000000be   Code   RO         6467    .emb_text           port.o
    0x0800043a   0x0800043a   0x00000002   PAD
    0x0800043c   0x0800043c   0x00000000   Code   RO         9191    .emb_text           c_w.l(maybetermalloc1.o)
    0x0800043c   0x0800043c   0x00000040   Code   RO            4    .text               startup_stm32h723xx.o
    0x0800047c   0x0800047c   0x00000078   Code   RO         8795    .text               arm_cortexM4lf_math.lib(arm_cos_f32.o)
    0x080004f4   0x080004f4   0x00000074   Code   RO         8848    .text               arm_cortexM4lf_math.lib(arm_sin_f32.o)
    0x08000568   0x08000568   0x0000005e   Code   RO         8955    .text               c_w.l(h1_alloc.o)
    0x080005c6   0x080005c6   0x000000ee   Code   RO         9009    .text               c_w.l(lludivv7m.o)
    0x080006b4   0x080006b4   0x0000002e   Code   RO         9014    .text               c_w.l(aeabi_atexit.o)
    0x080006e2   0x080006e2   0x0000008a   Code   RO         9017    .text               c_w.l(rt_memcpy_v6.o)
    0x0800076c   0x0800076c   0x00000064   Code   RO         9019    .text               c_w.l(rt_memcpy_w.o)
    0x080007d0   0x080007d0   0x00000010   Code   RO         9023    .text               c_w.l(aeabi_memset.o)
    0x080007e0   0x080007e0   0x00000044   Code   RO         9025    .text               c_w.l(rt_memclr.o)
    0x08000824   0x08000824   0x0000004e   Code   RO         9027    .text               c_w.l(rt_memclr_w.o)
    0x08000872   0x08000872   0x00000006   Code   RO         9029    .text               c_w.l(heapauxi.o)
    0x08000878   0x08000878   0x00000024   Code   RO         9036    .text               c_w.l(init_aeabi.o)
    0x0800089c   0x0800089c   0x00000022   Code   RO         9046    .text               cpprt_w.l(aeabi_vec_dtor_noexceptions.o)
    0x080008be   0x080008be   0x00000002   PAD
    0x080008c0   0x080008c0   0x00000008   Code   RO         9059    .text               c_w.l(rt_heap_descriptor_intlibspace.o)
    0x080008c8   0x080008c8   0x00000008   Code   RO         9064    .text               c_w.l(rt_ddtor_pointer_addr_intlibspace.o)
    0x080008d0   0x080008d0   0x00000004   Code   RO         9066    .text               c_w.l(hguard.o)
    0x080008d4   0x080008d4   0x0000008a   Code   RO         9068    .text               c_w.l(init_alloc.o)
    0x0800095e   0x0800095e   0x0000000e   Code   RO         9074    .text               c_w.l(h1_init.o)
    0x0800096c   0x0800096c   0x0000004e   Code   RO         9076    .text               c_w.l(h1_free.o)
    0x080009ba   0x080009ba   0x00000042   Code   RO         9092    .text               c_w.l(cxa_finalize.o)
    0x080009fc   0x080009fc   0x00000008   Code   RO         9164    .text               c_w.l(libspace.o)
    0x08000a04   0x08000a04   0x00000008   Code   RO         9187    .text               c_w.l(rt_new_handler_addr_intlibspace.o)
    0x08000a0c   0x08000a0c   0x00000034   Code   RO         9193    .text               c_w.l(h1_extend.o)
    0x08000a40   0x08000a40   0x0000000e   Code   RO         9197    .text               c_w.l(defsig_rtmem_outer.o)
    0x08000a4e   0x08000a4e   0x00000004   Code   RO         9227    .text               cpprt_w.l(arm_newhandler_noexceptions.o)
    0x08000a52   0x08000a52   0x00000002   Code   RO         9354    .text               c_w.l(use_no_semi.o)
    0x08000a54   0x08000a54   0x00000000   Code   RO         9356    .text               c_w.l(indicate_semi.o)
    0x08000a54   0x08000a54   0x0000004a   Code   RO         9357    .text               c_w.l(sys_stackheap_outer.o)
    0x08000a9e   0x08000a9e   0x00000012   Code   RO         9363    .text               c_w.l(exit.o)
    0x08000ab0   0x08000ab0   0x0000000a   Code   RO         9365    .text               c_w.l(defsig_exit.o)
    0x08000aba   0x08000aba   0x00000002   PAD
    0x08000abc   0x08000abc   0x00000050   Code   RO         9371    .text               c_w.l(defsig_rtmem_inner.o)
    0x08000b0c   0x08000b0c   0x0000001a   Code   RO         9399    .text               cpprt_w.l(arm_exceptions_terminate.o)
    0x08000b26   0x08000b26   0x00000002   PAD
    0x08000b28   0x08000b28   0x0000000c   Code   RO         9409    .text               c_w.l(sys_exit.o)
    0x08000b34   0x08000b34   0x00000016   Code   RO         9417    .text               c_w.l(abort.o)
    0x08000b4a   0x08000b4a   0x00000032   Code   RO         9423    .text               c_w.l(defsig_general.o)
    0x08000b7c   0x08000b7c   0x00000050   Code   RO         9434    .text               cpprt_w.l(arm_exceptions_globs.o)
    0x08000bcc   0x08000bcc   0x0000000e   Code   RO         9437    .text               c_w.l(sys_wrch.o)
    0x08000bda   0x08000bda   0x00000002   PAD
    0x08000bdc   0x08000bdc   0x00000008   Code   RO         9449    .text               c_w.l(rt_eh_globals_addr_intlibspace.o)
    0x08000be4   0x08000be4   0x0000000e   Code   RO         9451    .text               c_w.l(defsig_abrt_outer.o)
    0x08000bf2   0x08000bf2   0x0000003c   Code   RO         9457    .text               cpprt_w.l(arm_exceptions_mem.o)
    0x08000c2e   0x08000c2e   0x00000002   PAD
    0x08000c30   0x08000c30   0x00000030   Code   RO         9460    .text               c_w.l(defsig_abrt_inner.o)
    0x08000c60   0x08000c60   0x00000004   Code   RO          435    i.BusFault_Handler  stm32h7xx_it.o
    0x08000c64   0x08000c64   0x0000000a   Code   RO         7326    i.CAN1_Rx_Task      message_task.o
    0x08000c6e   0x08000c6e   0x0000000a   Code   RO         7327    i.CAN2_Rx_Task      message_task.o
    0x08000c78   0x08000c78   0x00000020   Code   RO         6547    i.Chassis_Task      chassis_task.o
    0x08000c98   0x08000c98   0x00000030   Code   RO         6997    i.Correspond_Task   correspond_task.o
    0x08000cc8   0x08000cc8   0x00000010   Code   RO          436    i.DMA1_Stream0_IRQHandler  stm32h7xx_it.o
    0x08000cd8   0x08000cd8   0x00000010   Code   RO          437    i.DMA1_Stream1_IRQHandler  stm32h7xx_it.o
    0x08000ce8   0x08000ce8   0x00000010   Code   RO          438    i.DMA1_Stream2_IRQHandler  stm32h7xx_it.o
    0x08000cf8   0x08000cf8   0x00000010   Code   RO          439    i.DMA1_Stream3_IRQHandler  stm32h7xx_it.o
    0x08000d08   0x08000d08   0x00000010   Code   RO          440    i.DMA1_Stream4_IRQHandler  stm32h7xx_it.o
    0x08000d18   0x08000d18   0x000000ec   Code   RO         1485    i.DMA_CalcBaseAndBitshift  stm32h7xx_hal_dma.o
    0x08000e04   0x08000e04   0x000000c4   Code   RO         1486    i.DMA_CalcDMAMUXChannelBaseAndMask  stm32h7xx_hal_dma.o
    0x08000ec8   0x08000ec8   0x00000098   Code   RO         1487    i.DMA_CalcDMAMUXRequestGenBaseAndMask  stm32h7xx_hal_dma.o
    0x08000f60   0x08000f60   0x000000ae   Code   RO         1488    i.DMA_CheckFifoParam  stm32h7xx_hal_dma.o
    0x0800100e   0x0800100e   0x00000002   PAD
    0x08001010   0x08001010   0x00000274   Code   RO         1489    i.DMA_SetConfig     stm32h7xx_hal_dma.o
    0x08001284   0x08001284   0x00000040   Code   RO         7328    i.DR16_Rx_Task      message_task.o
    0x080012c4   0x080012c4   0x00000002   Code   RO          441    i.DebugMon_Handler  stm32h7xx_it.o
    0x080012c6   0x080012c6   0x00000006   Code   RO           13    i.Error_Handler     main.o
    0x080012cc   0x080012cc   0x00000028   Code   RO         7190    i.Guard_Task        guard_task.o
    0x080012f4   0x080012f4   0x000004dc   Code   RO         1490    i.HAL_DMA_Abort     stm32h7xx_hal_dma.o
    0x080017d0   0x080017d0   0x00000398   Code   RO         1491    i.HAL_DMA_Abort_IT  stm32h7xx_hal_dma.o
    0x08001b68   0x08001b68   0x00000af8   Code   RO         1495    i.HAL_DMA_IRQHandler  stm32h7xx_hal_dma.o
    0x08002660   0x08002660   0x00000514   Code   RO         1496    i.HAL_DMA_Init      stm32h7xx_hal_dma.o
    0x08002b74   0x08002b74   0x000003e0   Code   RO         1500    i.HAL_DMA_Start_IT  stm32h7xx_hal_dma.o
    0x08002f54   0x08002f54   0x000001f0   Code   RO         1338    i.HAL_GPIO_Init     stm32h7xx_hal_gpio.o
    0x08003144   0x08003144   0x0000000c   Code   RO         1342    i.HAL_GPIO_WritePin  stm32h7xx_hal_gpio.o
    0x08003150   0x08003150   0x0000000c   Code   RO         2203    i.HAL_GetTick       stm32h7xx_hal.o
    0x0800315c   0x0800315c   0x00000018   Code   RO         2209    i.HAL_IncTick       stm32h7xx_hal.o
    0x08003174   0x08003174   0x00000060   Code   RO         2210    i.HAL_Init          stm32h7xx_hal.o
    0x080031d4   0x080031d4   0x00000094   Code   RO          580    i.HAL_InitTick      stm32h7xx_hal_timebase_tim.o
    0x08003268   0x08003268   0x00000030   Code   RO          556    i.HAL_MspInit       stm32h7xx_hal_msp.o
    0x08003298   0x08003298   0x00000028   Code   RO          625    i.HAL_NVIC_EnableIRQ  stm32h7xx_hal_cortex.o
    0x080032c0   0x080032c0   0x0000007a   Code   RO          631    i.HAL_NVIC_SetPriority  stm32h7xx_hal_cortex.o
    0x0800333a   0x0800333a   0x00000002   PAD
    0x0800333c   0x0800333c   0x00000028   Code   RO          632    i.HAL_NVIC_SetPriorityGrouping  stm32h7xx_hal_cortex.o
    0x08003364   0x08003364   0x00000060   Code   RO         1939    i.HAL_PWREx_ConfigSupply  stm32h7xx_hal_pwr_ex.o
    0x080033c4   0x080033c4   0x00000024   Code   RO          881    i.HAL_RCCEx_GetD3PCLK1Freq  stm32h7xx_hal_rcc_ex.o
    0x080033e8   0x080033e8   0x00000230   Code   RO          883    i.HAL_RCCEx_GetPLL2ClockFreq  stm32h7xx_hal_rcc_ex.o
    0x08003618   0x08003618   0x00000230   Code   RO          884    i.HAL_RCCEx_GetPLL3ClockFreq  stm32h7xx_hal_rcc_ex.o
    0x08003848   0x08003848   0x00000cc8   Code   RO          890    i.HAL_RCCEx_PeriphCLKConfig  stm32h7xx_hal_rcc_ex.o
    0x08004510   0x08004510   0x00000320   Code   RO          766    i.HAL_RCC_ClockConfig  stm32h7xx_hal_rcc.o
    0x08004830   0x08004830   0x0000006c   Code   RO          770    i.HAL_RCC_GetClockConfig  stm32h7xx_hal_rcc.o
    0x0800489c   0x0800489c   0x0000004c   Code   RO          771    i.HAL_RCC_GetHCLKFreq  stm32h7xx_hal_rcc.o
    0x080048e8   0x080048e8   0x00000024   Code   RO          773    i.HAL_RCC_GetPCLK1Freq  stm32h7xx_hal_rcc.o
    0x0800490c   0x0800490c   0x00000024   Code   RO          774    i.HAL_RCC_GetPCLK2Freq  stm32h7xx_hal_rcc.o
    0x08004930   0x08004930   0x0000022c   Code   RO          775    i.HAL_RCC_GetSysClockFreq  stm32h7xx_hal_rcc.o
    0x08004b5c   0x08004b5c   0x0000075c   Code   RO          778    i.HAL_RCC_OscConfig  stm32h7xx_hal_rcc.o
    0x080052b8   0x080052b8   0x00000002   Code   RO         3853    i.HAL_TIMEx_Break2Callback  stm32h7xx_hal_tim_ex.o
    0x080052ba   0x080052ba   0x00000002   Code   RO         3854    i.HAL_TIMEx_BreakCallback  stm32h7xx_hal_tim_ex.o
    0x080052bc   0x080052bc   0x00000002   Code   RO         3855    i.HAL_TIMEx_CommutCallback  stm32h7xx_hal_tim_ex.o
    0x080052be   0x080052be   0x00000002   PAD
    0x080052c0   0x080052c0   0x000000e4   Code   RO         3876    i.HAL_TIMEx_MasterConfigSynchronization  stm32h7xx_hal_tim_ex.o
    0x080053a4   0x080053a4   0x0000006e   Code   RO         3128    i.HAL_TIM_Base_Init  stm32h7xx_hal_tim.o
    0x08005412   0x08005412   0x00000002   PAD
    0x08005414   0x08005414   0x0000002c   Code   RO          328    i.HAL_TIM_Base_MspInit  tim.o
    0x08005440   0x08005440   0x000000cc   Code   RO         3133    i.HAL_TIM_Base_Start_IT  stm32h7xx_hal_tim.o
    0x0800550c   0x0800550c   0x00000134   Code   RO         3137    i.HAL_TIM_ConfigClockSource  stm32h7xx_hal_tim.o
    0x08005640   0x08005640   0x00000002   Code   RO         3162    i.HAL_TIM_IC_CaptureCallback  stm32h7xx_hal_tim.o
    0x08005642   0x08005642   0x000001b8   Code   RO         3176    i.HAL_TIM_IRQHandler  stm32h7xx_hal_tim.o
    0x080057fa   0x080057fa   0x00000002   PAD
    0x080057fc   0x080057fc   0x00000058   Code   RO          329    i.HAL_TIM_MspPostInit  tim.o
    0x08005854   0x08005854   0x00000002   Code   RO         3179    i.HAL_TIM_OC_DelayElapsedCallback  stm32h7xx_hal_tim.o
    0x08005856   0x08005856   0x00000170   Code   RO         3200    i.HAL_TIM_PWM_ConfigChannel  stm32h7xx_hal_tim.o
    0x080059c6   0x080059c6   0x0000006e   Code   RO         3203    i.HAL_TIM_PWM_Init  stm32h7xx_hal_tim.o
    0x08005a34   0x08005a34   0x00000002   Code   RO         3205    i.HAL_TIM_PWM_MspInit  stm32h7xx_hal_tim.o
    0x08005a36   0x08005a36   0x00000002   Code   RO         3206    i.HAL_TIM_PWM_PulseFinishedCallback  stm32h7xx_hal_tim.o
    0x08005a38   0x08005a38   0x0000017c   Code   RO         3208    i.HAL_TIM_PWM_Start  stm32h7xx_hal_tim.o
    0x08005bb4   0x08005bb4   0x00000018   Code   RO           14    i.HAL_TIM_PeriodElapsedCallback  main.o
    0x08005bcc   0x08005bcc   0x00000002   Code   RO         3219    i.HAL_TIM_TriggerCallback  stm32h7xx_hal_tim.o
    0x08005bce   0x08005bce   0x0000004e   Code   RO         4581    i.HAL_UARTEx_DisableFifoMode  stm32h7xx_hal_uart_ex.o
    0x08005c1c   0x08005c1c   0x00000002   Code   RO         4165    i.HAL_UARTEx_RxEventCallback  stm32h7xx_hal_uart.o
    0x08005c1e   0x08005c1e   0x00000002   Code   RO         4589    i.HAL_UARTEx_RxFifoFullCallback  stm32h7xx_hal_uart_ex.o
    0x08005c20   0x08005c20   0x0000005e   Code   RO         4590    i.HAL_UARTEx_SetRxFifoThreshold  stm32h7xx_hal_uart_ex.o
    0x08005c7e   0x08005c7e   0x0000005e   Code   RO         4591    i.HAL_UARTEx_SetTxFifoThreshold  stm32h7xx_hal_uart_ex.o
    0x08005cdc   0x08005cdc   0x00000002   Code   RO         4593    i.HAL_UARTEx_TxFifoEmptyCallback  stm32h7xx_hal_uart_ex.o
    0x08005cde   0x08005cde   0x00000002   Code   RO         4594    i.HAL_UARTEx_WakeupCallback  stm32h7xx_hal_uart_ex.o
    0x08005ce0   0x08005ce0   0x00000074   Code   RO         8059    i.HAL_UART_ErrorCallback  dev_serial.o
    0x08005d54   0x08005d54   0x00000008   Code   RO         4182    i.HAL_UART_GetError  stm32h7xx_hal_uart.o
    0x08005d5c   0x08005d5c   0x00000494   Code   RO         4184    i.HAL_UART_IRQHandler  stm32h7xx_hal_uart.o
    0x080061f0   0x080061f0   0x0000004c   Code   RO         8060    i.HAL_UART_IdleCpltCallback  dev_serial.o
    0x0800623c   0x0800623c   0x00000078   Code   RO         4185    i.HAL_UART_Init     stm32h7xx_hal_uart.o
    0x080062b4   0x080062b4   0x000003b8   Code   RO          376    i.HAL_UART_MspInit  usart.o
    0x0800666c   0x0800666c   0x0000005c   Code   RO         4190    i.HAL_UART_Receive_IT  stm32h7xx_hal_uart.o
    0x080066c8   0x080066c8   0x0000002c   Code   RO         8061    i.HAL_UART_RxCpltCallback  dev_serial.o
    0x080066f4   0x080066f4   0x000000a0   Code   RO         4195    i.HAL_UART_Transmit_DMA  stm32h7xx_hal_uart.o
    0x08006794   0x08006794   0x00000002   Code   RO         4197    i.HAL_UART_TxCpltCallback  stm32h7xx_hal_uart.o
    0x08006796   0x08006796   0x00000002   Code   RO         4198    i.HAL_UART_TxHalfCpltCallback  stm32h7xx_hal_uart.o
    0x08006798   0x08006798   0x00000004   Code   RO          442    i.HardFault_Handler  stm32h7xx_it.o
    0x0800679c   0x0800679c   0x00000278   Code   RO         8297    i.MA_UART_Receive_DMA_Init  drivers_dma.o
    0x08006a14   0x08006a14   0x00000074   Code   RO          303    i.MX_DMA_Init       dma.o
    0x08006a88   0x08006a88   0x000001a8   Code   RO          253    i.MX_FREERTOS_Init  freertos.o
    0x08006c30   0x08006c30   0x000000a8   Code   RO          229    i.MX_GPIO_Init      gpio.o
    0x08006cd8   0x08006cd8   0x000000ac   Code   RO          330    i.MX_TIM2_Init      tim.o
    0x08006d84   0x08006d84   0x0000006c   Code   RO          377    i.MX_UART4_Init     usart.o
    0x08006df0   0x08006df0   0x0000006c   Code   RO          378    i.MX_UART5_Init     usart.o
    0x08006e5c   0x08006e5c   0x0000006c   Code   RO          379    i.MX_USART1_UART_Init  usart.o
    0x08006ec8   0x08006ec8   0x0000006c   Code   RO          380    i.MX_USART2_UART_Init  usart.o
    0x08006f34   0x08006f34   0x00000004   Code   RO          443    i.MemManage_Handler  stm32h7xx_it.o
    0x08006f38   0x08006f38   0x00000050   Code   RO         7329    i.Message_Task      message_task.o
    0x08006f88   0x08006f88   0x00000004   Code   RO          444    i.NMI_Handler       stm32h7xx_it.o
    0x08006f8c   0x08006f8c   0x00000164   Code   RO          893    i.RCCEx_PLL2_Config  stm32h7xx_hal_rcc_ex.o
    0x080070f0   0x080070f0   0x00000164   Code   RO          894    i.RCCEx_PLL3_Config  stm32h7xx_hal_rcc_ex.o
    0x08007254   0x08007254   0x0000000a   Code   RO         7628    i.RTOSsystem_Task   rtossystem_task.o
    0x0800725e   0x0800725e   0x00000002   PAD
    0x08007260   0x08007260   0x00000034   Code   RO         7330    i.Referee_Rx_Task   message_task.o
    0x08007294   0x08007294   0x00000084   Code   RO         7331    i.Serial_Rx_Task    message_task.o
    0x08007318   0x08007318   0x00000002   Code   RO           15    i.SoftWareInit      main.o
    0x0800731a   0x0800731a   0x0000000a   Code   RO          254    i.StartDefaultTask  freertos.o
    0x08007324   0x08007324   0x00000016   Code   RO         5882    i.SysTick_Handler   cmsis_os2.o
    0x0800733a   0x0800733a   0x00000002   PAD
    0x0800733c   0x0800733c   0x000000b4   Code   RO           16    i.SystemClock_Config  main.o
    0x080073f0   0x080073f0   0x000000e0   Code   RO         4705    i.SystemInit        system_stm32h7xx.o
    0x080074d0   0x080074d0   0x00000010   Code   RO          445    i.TIM1_UP_IRQHandler  stm32h7xx_it.o
    0x080074e0   0x080074e0   0x000000e0   Code   RO         3221    i.TIM_Base_SetConfig  stm32h7xx_hal_tim.o
    0x080075c0   0x080075c0   0x00000022   Code   RO         3222    i.TIM_CCxChannelCmd  stm32h7xx_hal_tim.o
    0x080075e2   0x080075e2   0x00000016   Code   RO         3232    i.TIM_ETR_SetConfig  stm32h7xx_hal_tim.o
    0x080075f8   0x080075f8   0x00000018   Code   RO         3233    i.TIM_ITRx_SetConfig  stm32h7xx_hal_tim.o
    0x08007610   0x08007610   0x000000ac   Code   RO         3234    i.TIM_OC1_SetConfig  stm32h7xx_hal_tim.o
    0x080076bc   0x080076bc   0x000000b4   Code   RO         3235    i.TIM_OC2_SetConfig  stm32h7xx_hal_tim.o
    0x08007770   0x08007770   0x000000b4   Code   RO         3236    i.TIM_OC3_SetConfig  stm32h7xx_hal_tim.o
    0x08007824   0x08007824   0x00000074   Code   RO         3237    i.TIM_OC4_SetConfig  stm32h7xx_hal_tim.o
    0x08007898   0x08007898   0x00000070   Code   RO         3238    i.TIM_OC5_SetConfig  stm32h7xx_hal_tim.o
    0x08007908   0x08007908   0x00000070   Code   RO         3239    i.TIM_OC6_SetConfig  stm32h7xx_hal_tim.o
    0x08007978   0x08007978   0x00000026   Code   RO         3241    i.TIM_TI1_ConfigInputStage  stm32h7xx_hal_tim.o
    0x0800799e   0x0800799e   0x00000028   Code   RO         3243    i.TIM_TI2_ConfigInputStage  stm32h7xx_hal_tim.o
    0x080079c6   0x080079c6   0x00000002   PAD
    0x080079c8   0x080079c8   0x00000010   Code   RO          446    i.UART4_IRQHandler  stm32h7xx_it.o
    0x080079d8   0x080079d8   0x00000010   Code   RO          447    i.UART5_IRQHandler  stm32h7xx_it.o
    0x080079e8   0x080079e8   0x00000058   Code   RO         4595    i.UARTEx_SetNbDataToProcess  stm32h7xx_hal_uart_ex.o
    0x08007a40   0x08007a40   0x000000f8   Code   RO         4199    i.UART_AdvFeatureConfig  stm32h7xx_hal_uart.o
    0x08007b38   0x08007b38   0x000000ea   Code   RO         4200    i.UART_CheckIdleState  stm32h7xx_hal_uart.o
    0x08007c22   0x08007c22   0x00000018   Code   RO         4201    i.UART_DMAAbortOnError  stm32h7xx_hal_uart.o
    0x08007c3a   0x08007c3a   0x0000005e   Code   RO         4202    i.UART_DMAError     stm32h7xx_hal_uart.o
    0x08007c98   0x08007c98   0x00000054   Code   RO         4207    i.UART_DMATransmitCplt  stm32h7xx_hal_uart.o
    0x08007cec   0x08007cec   0x0000000e   Code   RO         4209    i.UART_DMATxHalfCplt  stm32h7xx_hal_uart.o
    0x08007cfa   0x08007cfa   0x00000002   PAD
    0x08007cfc   0x08007cfc   0x0000006c   Code   RO         4211    i.UART_EndRxTransfer  stm32h7xx_hal_uart.o
    0x08007d68   0x08007d68   0x00000030   Code   RO         4212    i.UART_EndTransmit_IT  stm32h7xx_hal_uart.o
    0x08007d98   0x08007d98   0x00000040   Code   RO         4213    i.UART_EndTxTransfer  stm32h7xx_hal_uart.o
    0x08007dd8   0x08007dd8   0x00000104   Code   RO         4214    i.UART_RxISR_16BIT  stm32h7xx_hal_uart.o
    0x08007edc   0x08007edc   0x000001fc   Code   RO         4215    i.UART_RxISR_16BIT_FIFOEN  stm32h7xx_hal_uart.o
    0x080080d8   0x080080d8   0x00000104   Code   RO         4216    i.UART_RxISR_8BIT   stm32h7xx_hal_uart.o
    0x080081dc   0x080081dc   0x000001f8   Code   RO         4217    i.UART_RxISR_8BIT_FIFOEN  stm32h7xx_hal_uart.o
    0x080083d4   0x080083d4   0x00000628   Code   RO         4218    i.UART_SetConfig    stm32h7xx_hal_uart.o
    0x080089fc   0x080089fc   0x0000015c   Code   RO         4220    i.UART_Start_Receive_IT  stm32h7xx_hal_uart.o
    0x08008b58   0x08008b58   0x000000a2   Code   RO         4225    i.UART_WaitOnFlagUntilTimeout  stm32h7xx_hal_uart.o
    0x08008bfa   0x08008bfa   0x00000002   PAD
    0x08008bfc   0x08008bfc   0x00000050   Code   RO         7656    i.UIDraw_Task       uidraw_task.o
    0x08008c4c   0x08008c4c   0x0000002c   Code   RO          448    i.USART1_IRQHandler  stm32h7xx_it.o
    0x08008c78   0x08008c78   0x0000002c   Code   RO          449    i.USART2_IRQHandler  stm32h7xx_it.o
    0x08008ca4   0x08008ca4   0x00000004   Code   RO          450    i.UsageFault_Handler  stm32h7xx_it.o
    0x08008ca8   0x08008ca8   0x00000018   Code   RO         7760    i._Z12Serial1_Hookb  app_serial.o
    0x08008cc0   0x08008cc0   0x00000018   Code   RO         7761    i._Z12Serial2_Hookb  app_serial.o
    0x08008cd8   0x08008cd8   0x00000018   Code   RO         7762    i._Z12Serial4_Hookb  app_serial.o
    0x08008cf0   0x08008cf0   0x00000018   Code   RO         7763    i._Z12Serial5_Hookb  app_serial.o
    0x08008d08   0x08008d08   0x00000018   Code   RO         7738    i._Z13Prefence_Initv  app_preference.o
    0x08008d20   0x08008d20   0x00000014   Code   RO         6548    i._Z14rc_key_v_freshP9RC_ctrl_t  chassis_task.o
    0x08008d34   0x08008d34   0x00000090   Code   RO         7764    i._Z15Serial_ALL_Initv  app_serial.o
    0x08008dc4   0x08008dc4   0x00000024   Code   RO         8382    i._Z18Get_CRC8_Check_SumPhjh  protocol_crc.o
    0x08008de8   0x08008de8   0x00000170   Code   RO         8330    i._Z18referee_data_solvePh  protocol_judgement.o
    0x08008f58   0x08008f58   0x00000034   Code   RO         8383    i._Z19Get_CRC16_Check_SumPhjt  protocol_crc.o
    0x08008f8c   0x08008f8c   0x00000024   Code   RO         8384    i._Z21Append_CRC8_Check_SumPhj  protocol_crc.o
    0x08008fb0   0x08008fb0   0x0000002e   Code   RO         8385    i._Z21Verify_CRC8_Check_SumPhj  protocol_crc.o
    0x08008fde   0x08008fde   0x00000002   PAD
    0x08008fe0   0x08008fe0   0x00000030   Code   RO         8386    i._Z22Append_CRC16_Check_SumPhj  protocol_crc.o
    0x08009010   0x08009010   0x00000040   Code   RO         8387    i._Z22Verify_CRC16_Check_SumPhj  protocol_crc.o
    0x08009050   0x08009050   0x00000002   Code   RO         7195    i._Z9IWDG_Feedv     guard_task.o
    0x08009052   0x08009052   0x00000002   PAD
    0x08009054   0x08009054   0x00000048   Code   RO         7197    i._ZN10Guard_Ctrl4FeedE4ID_e  guard_task.o
    0x0800909c   0x0800909c   0x000001a0   Code   RO         7201    i._ZN10Guard_Ctrl4ScanEv  guard_task.o
    0x0800923c   0x0800923c   0x00000002   Code   RO         7202    i._ZN10Guard_Ctrl5StartEv  guard_task.o
    0x0800923e   0x0800923e   0x00000010   Code   RO         8062    i._ZN10Serialctrl15IRQHandler_IDLEEv  dev_serial.o
    0x0800924e   0x0800924e   0x0000001e   Code   RO         8063    i._ZN10Serialctrl15IRQHandler_RXNEEh  dev_serial.o
    0x0800926c   0x0800926c   0x00000004   Code   RO         8064    i._ZN10Serialctrl15attachInterruptEPFvbE  dev_serial.o
    0x08009270   0x08009270   0x00000030   Code   RO         8069    i._ZN10Serialctrl8sendDataEPKvh  dev_serial.o
    0x080092a0   0x080092a0   0x0000000c   Code   RO         8072    i._ZN10SerialctrlC1EP20__UART_HandleTypeDefP19__DMA_HandleTypeDefj  dev_serial.o
    0x080092ac   0x080092ac   0x000000c0   Code   RO         7765    i._ZN11Serial_Ctrl15Send_to_MessageEP10Serialctrlb  app_serial.o
    0x0800936c   0x0800936c   0x00000078   Code   RO         7766    i._ZN11Serial_Ctrl4HookEP13USART_TypeDefb  app_serial.o
    0x080093e4   0x080093e4   0x0000029c   Code   RO         7767    i._ZN11Serial_Ctrl6HandleEP10SerialctrlP13Serial_Data_tb  app_serial.o
    0x08009680   0x08009680   0x0000007a   Code   RO         7845    i._ZN11Serial_CtrlC1Ev  app_serial.o
    0x080096fa   0x080096fa   0x00000002   Code   RO         7851    i._ZN11Serial_CtrlD1Ev  app_serial.o
    0x080096fc   0x080096fc   0x00000002   Code   RO         6586    i._ZN11sPidTypeDefC1Ev  chassis_task.o
    0x080096fe   0x080096fe   0x00000002   Code   RO         6592    i._ZN11sPidTypeDefD1Ev  chassis_task.o
    0x08009700   0x08009700   0x00000078   Code   RO         6580    i._ZN12Chassis_CtrlC1Ev  chassis_task.o
    0x08009778   0x08009778   0x00000068   Code   RO         6583    i._ZN12Chassis_CtrlD1Ev  chassis_task.o
    0x080097e0   0x080097e0   0x00000054   Code   RO         7333    i._ZN12Message_Ctrl12Serialx_HookEPhP10Serialctrl  message_task.o
    0x08009834   0x08009834   0x0000001c   Code   RO         7334    i._ZN12Message_Ctrl18Gimbal_Serial_HookEPh  message_task.o
    0x08009850   0x08009850   0x0000000e   Code   RO         7335    i._ZN12Message_Ctrl4InitEv  message_task.o
    0x0800985e   0x0800985e   0x00000002   PAD
    0x08009860   0x08009860   0x0000006c   Code   RO         7658    i._ZN12UI_Draw_Ctrl15Feedback_UpdateEv  uidraw_task.o
    0x080098cc   0x080098cc   0x0000001c   Code   RO         7659    i._ZN12UI_Draw_Ctrl4InitEv  uidraw_task.o
    0x080098e8   0x080098e8   0x000003d0   Code   RO         7660    i._ZN12UI_Draw_Ctrl6UI_ADDEv  uidraw_task.o
    0x08009cb8   0x08009cb8   0x0000094c   Code   RO         7661    i._ZN12UI_Draw_Ctrl9UI_ChangeEv  uidraw_task.o
    0x0800a604   0x0800a604   0x00000050   Code   RO         7839    i._ZN13Serial_Data_tC1Ehhhhhhh  app_serial.o
    0x0800a654   0x0800a654   0x0000002c   Code   RO         6999    i._ZN19correspondence_ctrl11Corres_SendEv  correspond_task.o
    0x0800a680   0x0800a680   0x00000014   Code   RO         7000    i._ZN19correspondence_ctrl15Corres_FeedbackEv  correspond_task.o
    0x0800a694   0x0800a694   0x00000050   Code   RO         7042    i._ZN19correspondence_ctrlC1Ev  correspond_task.o
    0x0800a6e4   0x0800a6e4   0x00000038   Code   RO         8211    i._ZN6Buffer12Buffer_WriteEP10RingBufferh  drivers_buffer.o
    0x0800a71c   0x0800a71c   0x00000658   Code   RO         8469    i._ZN7UIGraph11Draw_NumberEPcjjjjjjjjjiS0_jjjjjjjjjiS0_jjjjjjjjjiS0_jjjjjjjjjiS0_jjjjjjjjjiS0_jjjjjjjjjiS0_jjjjjjjjji  protocol_ui.o
    0x0800ad74   0x0800ad74   0x00000748   Code   RO         8470    i._ZN7UIGraph12Draw_GraphicEPcjjjjjjjjjjjjS0_jjjjjjjjjjjjS0_jjjjjjjjjjjjS0_jjjjjjjjjjjjS0_jjjjjjjjjjjjS0_jjjjjjjjjjjjS0_jjjjjjjjjjjj  protocol_ui.o
    0x0800b4bc   0x0800b4bc   0x0000007e   Code   RO         7336    i._ZN8rc_key_c12rc_key_v_setEP9RC_ctrl_t  message_task.o
    0x0800b53a   0x0800b53a   0x00000020   Code   RO         7339    i._ZN8rc_key_c13sum_key_countEsP13count_num_key  message_task.o
    0x0800b55a   0x0800b55a   0x0000003c   Code   RO         8262    i._ZN9Statistic15Rate_Do_ExecuteEt  drivers_statistic.o
    0x0800b596   0x0800b596   0x00000002   PAD
    0x0800b598   0x0800b598   0x00000060   Code   RO         8263    i._ZN9Statistic16Statistic_UpdateEj  drivers_statistic.o
    0x0800b5f8   0x0800b5f8   0x00000008   Code   RO         9039    i._Znaj             cpprt_w.l(array_new.o)
    0x0800b600   0x0800b600   0x00000028   Code   RO         9142    i._Znwj             cpprt_w.l(new.o)
    0x0800b628   0x0800b628   0x00000010   Code   RO          638    i.__NVIC_GetPriorityGrouping  stm32h7xx_hal_cortex.o
    0x0800b638   0x0800b638   0x00000028   Code   RO          639    i.__NVIC_SetPriority  stm32h7xx_hal_cortex.o
    0x0800b660   0x0800b660   0x00000024   Code   RO         9043    i.__aeabi_vec_ctor_nocookie_nodtor  cpprt_w.l(aeabi_vec_ctor_nocookie_nodtor.o)
    0x0800b684   0x0800b684   0x00000006   Code   RO         5884    i.__get_IPSR        cmsis_os2.o
    0x0800b68a   0x0800b68a   0x00000002   PAD
    0x0800b68c   0x0800b68c   0x00000020   Code   RO         7769    i.__sti___14_app_serial_cpp_b352d478  app_serial.o
    0x0800b6ac   0x0800b6ac   0x0000005c   Code   RO         8073    i.__sti___14_dev_serial_cpp_b5a91d4d  dev_serial.o
    0x0800b708   0x0800b708   0x0000000c   Code   RO         7662    i.__sti___15_UIDraw_Task_cpp_UIDraw  uidraw_task.o
    0x0800b714   0x0800b714   0x00000020   Code   RO         6549    i.__sti___16_Chassis_Task_cpp_Chassis  chassis_task.o
    0x0800b734   0x0800b734   0x00000020   Code   RO         7345    i.__sti___16_Message_Task_cpp_Message  message_task.o
    0x0800b754   0x0800b754   0x00000010   Code   RO         7001    i.__sti___19_Correspond_Task_cpp_Corres  correspond_task.o
    0x0800b764   0x0800b764   0x00000038   Code   RO           17    i.main              main.o
    0x0800b79c   0x0800b79c   0x0000001e   Code   RO         5885    i.osDelay           cmsis_os2.o
    0x0800b7ba   0x0800b7ba   0x00000002   PAD
    0x0800b7bc   0x0800b7bc   0x0000002c   Code   RO         5899    i.osKernelInitialize  cmsis_os2.o
    0x0800b7e8   0x0800b7e8   0x00000060   Code   RO         5902    i.osKernelStart     cmsis_os2.o
    0x0800b848   0x0800b848   0x000000b8   Code   RO         5944    i.osThreadNew       cmsis_os2.o
    0x0800b900   0x0800b900   0x0000007c   Code   RO         5322    i.prvAddCurrentTaskToDelayedList  tasks.o
    0x0800b97c   0x0800b97c   0x000000b8   Code   RO         5323    i.prvAddNewTaskToReadyList  tasks.o
    0x0800ba34   0x0800ba34   0x00000074   Code   RO         5698    i.prvCheckForValidListAndQueue  timers.o
    0x0800baa8   0x0800baa8   0x00000048   Code   RO         5324    i.prvCheckTasksWaitingTermination  tasks.o
    0x0800baf0   0x0800baf0   0x0000002a   Code   RO         4909    i.prvCopyDataFromQueue  queue.o
    0x0800bb1a   0x0800bb1a   0x0000007e   Code   RO         4910    i.prvCopyDataToQueue  queue.o
    0x0800bb98   0x0800bb98   0x00000050   Code   RO         5325    i.prvDeleteTCB      tasks.o
    0x0800bbe8   0x0800bbe8   0x00000028   Code   RO         5699    i.prvGetNextExpireTime  timers.o
    0x0800bc10   0x0800bc10   0x0000007c   Code   RO         6412    i.prvHeapInit       heap_4.o
    0x0800bc8c   0x0800bc8c   0x00000028   Code   RO         5326    i.prvIdleTask       tasks.o
    0x0800bcb4   0x0800bcb4   0x0000002a   Code   RO         4913    i.prvInitialiseNewQueue  queue.o
    0x0800bcde   0x0800bcde   0x000000be   Code   RO         5327    i.prvInitialiseNewTask  tasks.o
    0x0800bd9c   0x0800bd9c   0x00000068   Code   RO         5328    i.prvInitialiseTaskLists  tasks.o
    0x0800be04   0x0800be04   0x00000068   Code   RO         6413    i.prvInsertBlockIntoFreeList  heap_4.o
    0x0800be6c   0x0800be6c   0x00000058   Code   RO         5701    i.prvInsertTimerInActiveList  timers.o
    0x0800bec4   0x0800bec4   0x0000001a   Code   RO         4914    i.prvIsQueueEmpty   queue.o
    0x0800bede   0x0800bede   0x0000001e   Code   RO         4915    i.prvIsQueueFull    queue.o
    0x0800befc   0x0800befc   0x00000074   Code   RO         5702    i.prvProcessExpiredTimer  timers.o
    0x0800bf70   0x0800bf70   0x00000164   Code   RO         5703    i.prvProcessReceivedCommands  timers.o
    0x0800c0d4   0x0800c0d4   0x00000074   Code   RO         5704    i.prvProcessTimerOrBlockTask  timers.o
    0x0800c148   0x0800c148   0x00000034   Code   RO         5330    i.prvResetNextTaskUnblockTime  tasks.o
    0x0800c17c   0x0800c17c   0x0000002c   Code   RO         5705    i.prvSampleTimeNow  timers.o
    0x0800c1a8   0x0800c1a8   0x000000a4   Code   RO         5706    i.prvSwitchTimerLists  timers.o
    0x0800c24c   0x0800c24c   0x00000040   Code   RO         6468    i.prvTaskExitError  port.o
    0x0800c28c   0x0800c28c   0x0000001a   Code   RO         5707    i.prvTimerTask      timers.o
    0x0800c2a6   0x0800c2a6   0x0000007e   Code   RO         4916    i.prvUnlockQueue    queue.o
    0x0800c324   0x0800c324   0x0000014c   Code   RO         6414    i.pvPortMalloc      heap_4.o
    0x0800c470   0x0800c470   0x0000002c   Code   RO         6469    i.pxPortInitialiseStack  port.o
    0x0800c49c   0x0800c49c   0x000000da   Code   RO         8437    i.sbus_to_rc        protocol_dbus.o
    0x0800c576   0x0800c576   0x00000028   Code   RO         4869    i.uxListRemove      list.o
    0x0800c59e   0x0800c59e   0x00000002   PAD
    0x0800c5a0   0x0800c5a0   0x00000018   Code   RO         5956    i.vApplicationGetIdleTaskMemory  cmsis_os2.o
    0x0800c5b8   0x0800c5b8   0x00000018   Code   RO         5957    i.vApplicationGetTimerTaskMemory  cmsis_os2.o
    0x0800c5d0   0x0800c5d0   0x0000001a   Code   RO         4870    i.vListInitialise   list.o
    0x0800c5ea   0x0800c5ea   0x00000006   Code   RO         4871    i.vListInitialiseItem  list.o
    0x0800c5f0   0x0800c5f0   0x00000034   Code   RO         4872    i.vListInsert       list.o
    0x0800c624   0x0800c624   0x00000018   Code   RO         4873    i.vListInsertEnd    list.o
    0x0800c63c   0x0800c63c   0x00000054   Code   RO         6471    i.vPortEnterCritical  port.o
    0x0800c690   0x0800c690   0x0000003c   Code   RO         6472    i.vPortExitCritical  port.o
    0x0800c6cc   0x0800c6cc   0x000000a4   Code   RO         6415    i.vPortFree         heap_4.o
    0x0800c770   0x0800c770   0x00000028   Code   RO         6473    i.vPortSetupTimerInterrupt  port.o
    0x0800c798   0x0800c798   0x00000078   Code   RO         6474    i.vPortValidateInterruptPriority  port.o
    0x0800c810   0x0800c810   0x0000002c   Code   RO         4922    i.vQueueAddToRegistry  queue.o
    0x0800c83c   0x0800c83c   0x0000004a   Code   RO         4926    i.vQueueWaitForMessageRestricted  queue.o
    0x0800c886   0x0800c886   0x00000002   PAD
    0x0800c888   0x0800c888   0x0000005c   Code   RO         5343    i.vTaskDelay        tasks.o
    0x0800c8e4   0x0800c8e4   0x00000018   Code   RO         5348    i.vTaskInternalSetTimeOutState  tasks.o
    0x0800c8fc   0x0800c8fc   0x0000000c   Code   RO         5349    i.vTaskMissedYield  tasks.o
    0x0800c908   0x0800c908   0x00000038   Code   RO         5351    i.vTaskPlaceOnEventList  tasks.o
    0x0800c940   0x0800c940   0x00000040   Code   RO         5352    i.vTaskPlaceOnEventListRestricted  tasks.o
    0x0800c980   0x0800c980   0x000000b8   Code   RO         5360    i.vTaskStartScheduler  tasks.o
    0x0800ca38   0x0800ca38   0x00000010   Code   RO         5362    i.vTaskSuspendAll   tasks.o
    0x0800ca48   0x0800ca48   0x00000090   Code   RO         5363    i.vTaskSwitchContext  tasks.o
    0x0800cad8   0x0800cad8   0x00000168   Code   RO         6475    i.xPortStartScheduler  port.o
    0x0800cc40   0x0800cc40   0x00000034   Code   RO         6476    i.xPortSysTickHandler  port.o
    0x0800cc74   0x0800cc74   0x0000005a   Code   RO         4931    i.xQueueGenericCreate  queue.o
    0x0800ccce   0x0800ccce   0x000000e0   Code   RO         4932    i.xQueueGenericCreateStatic  queue.o
    0x0800cdae   0x0800cdae   0x00000002   PAD
    0x0800cdb0   0x0800cdb0   0x00000098   Code   RO         4933    i.xQueueGenericReset  queue.o
    0x0800ce48   0x0800ce48   0x000001a8   Code   RO         4934    i.xQueueGenericSend  queue.o
    0x0800cff0   0x0800cff0   0x000000fc   Code   RO         4935    i.xQueueGenericSendFromISR  queue.o
    0x0800d0ec   0x0800d0ec   0x00000168   Code   RO         4944    i.xQueueReceive     queue.o
    0x0800d254   0x0800d254   0x0000008c   Code   RO         5365    i.xTaskCheckForTimeOut  tasks.o
    0x0800d2e0   0x0800d2e0   0x00000064   Code   RO         5366    i.xTaskCreate       tasks.o
    0x0800d344   0x0800d344   0x000000ba   Code   RO         5367    i.xTaskCreateStatic  tasks.o
    0x0800d3fe   0x0800d3fe   0x00000002   PAD
    0x0800d400   0x0800d400   0x00000020   Code   RO         5371    i.xTaskGetSchedulerState  tasks.o
    0x0800d420   0x0800d420   0x0000000c   Code   RO         5372    i.xTaskGetTickCount  tasks.o
    0x0800d42c   0x0800d42c   0x00000144   Code   RO         5374    i.xTaskIncrementTick  tasks.o
    0x0800d570   0x0800d570   0x000000a4   Code   RO         5377    i.xTaskPriorityDisinherit  tasks.o
    0x0800d614   0x0800d614   0x00000098   Code   RO         5379    i.xTaskRemoveFromEventList  tasks.o
    0x0800d6ac   0x0800d6ac   0x00000104   Code   RO         5380    i.xTaskResumeAll    tasks.o
    0x0800d7b0   0x0800d7b0   0x00000078   Code   RO         5716    i.xTimerCreateTimerTask  timers.o
    0x0800d828   0x0800d828   0x00000084   Code   RO         5717    i.xTimerGenericCommand  timers.o
    0x0800d8ac   0x0800d8ac   0x0000000a   Code   RO         9352    x$fpl$fpinit        g_wv.l(fpinit.o)
    0x0800d8b6   0x0800d8b6   0x00000002   PAD
    0x0800d8b8   0x0800d8b8   0x000001c0   Data   RO          255    .constdata          freertos.o
    0x0800da78   0x0800da78   0x00000008   Data   RO         1502    .constdata          stm32h7xx_hal_dma.o
    0x0800da80   0x0800da80   0x00000018   Data   RO         4226    .constdata          stm32h7xx_hal_uart.o
    0x0800da98   0x0800da98   0x00000010   Data   RO         4597    .constdata          stm32h7xx_hal_uart_ex.o
    0x0800daa8   0x0800daa8   0x00000010   Data   RO         4706    .constdata          system_stm32h7xx.o
    0x0800dab8   0x0800dab8   0x00000300   Data   RO         8394    .constdata          protocol_crc.o
    0x0800ddb8   0x0800ddb8   0x00000804   Data   RO         8928    .constdata          arm_cortexM4lf_math.lib(arm_common_tables.o)
    0x0800e5bc   0x0800e5bc   0x000000b3   Data   RO          256    .conststring        freertos.o
    0x0800e66f   0x0800e66f   0x00000001   PAD
    0x0800e670   0x0800e670   0x00000020   Data   RO         9477    Region$$Table       anon$$obj.o
    0x0800e690   0x0800e690   0x00000004   Data   RO         6554    .init_array         chassis_task.o
    0x0800e694   0x0800e690   0x00000004   Data   RO         7009    .init_array         correspond_task.o
    0x0800e698   0x0800e690   0x00000004   Data   RO         7368    .init_array         message_task.o
    0x0800e69c   0x0800e690   0x00000004   Data   RO         7672    .init_array         uidraw_task.o
    0x0800e6a0   0x0800e690   0x00000004   Data   RO         7782    .init_array         app_serial.o
    0x0800e6a4   0x0800e690   0x00000004   Data   RO         8090    .init_array         dev_serial.o
    0x0800e6a8   0x0800e690   0x00000000   Data   RO         9034    .init_array         c_w.l(init_aeabi.o)


    Execution Region RW_IRAM1 (Exec base: 0x20000000, Load base: 0x0800e6a8, Size: 0x00000000, Max: 0x00020000, ABSOLUTE)

    **** No section assigned to this execution region ****


    Execution Region RW_IRAM2 (Exec base: 0x24000000, Load base: 0x0800e6a8, Size: 0x00007390, Max: 0x00050000, ABSOLUTE)

    Exec Addr    Load Addr    Size         Type   Attr      Idx    E Section Name        Object

    0x24000000   0x0800e6a8   0x00000048   Data   RW          257    .data               freertos.o
    0x24000048   0x0800e6f0   0x00000009   Data   RW         2234    .data               stm32h7xx_hal.o
    0x24000051   0x0800e6f9   0x00000003   PAD
    0x24000054   0x0800e6fc   0x00000008   Data   RW         4707    .data               system_stm32h7xx.o
    0x2400005c   0x0800e704   0x0000003c   Data   RW         5383    .data               tasks.o
    0x24000098   0x0800e740   0x00000014   Data   RW         5725    .data               timers.o
    0x240000ac   0x0800e754   0x00000004   Data   RW         5959    .data               cmsis_os2.o
    0x240000b0   0x0800e758   0x00000020   Data   RW         6421    .data               heap_4.o
    0x240000d0   0x0800e778   0x0000000c   Data   RW         6477    .data               port.o
    0x240000dc   0x0800e784   0x0000000f   Data   RW         7008    .data               correspond_task.o
    0x240000eb   0x0800e793   0x00000001   PAD
    0x240000ec   0x0800e794   0x00000018   Data   RW         7367    .data               message_task.o
    0x24000104   0x0800e7ac   0x00000001   Data   RW         7671    .data               uidraw_task.o
    0x24000105   0x0800e7ad   0x00000001   PAD
    0x24000106   0x0800e7ae   0x0000000a   Data   RW         8336    .data               protocol_judgement.o
    0x24000110   0x0800e7b8   0x00000002   Data   RW         8395    .data               protocol_crc.o
    0x24000112   0x0800e7ba   0x00000002   PAD
    0x24000114        -       0x0000004c   Zero   RW          331    .bss                tim.o
    0x24000160        -       0x000004a8   Zero   RW          381    .bss                usart.o
    0x24000608        -       0x0000004c   Zero   RW          583    .bss                stm32h7xx_hal_timebase_tim.o
    0x24000654        -       0x00000040   Zero   RW         4948    .bss                queue.o
    0x24000694        -       0x000004c4   Zero   RW         5382    .bss                tasks.o
    0x24000b58        -       0x00000118   Zero   RW         5724    .bss                timers.o
    0x24000c70        -       0x000006b8   Zero   RW         5958    .bss                cmsis_os2.o
    0x24001328        -       0x00003c00   Zero   RW         6420    .bss                heap_4.o
    0x24004f28        -       0x00000740   Zero   RW         6553    .bss                chassis_task.o
    0x24005668        -       0x0000005c   Zero   RW         7007    .bss                correspond_task.o
    0x240056c4        -       0x000001f8   Zero   RW         7218    .bss                guard_task.o
    0x240058bc        -       0x00000068   Zero   RW         7366    .bss                message_task.o
    0x24005924        -       0x000000e8   Zero   RW         7670    .bss                uidraw_task.o
    0x24005a0c        -       0x00000070   Zero   RW         7740    .bss                app_preference.o
    0x24005a7c        -       0x00000044   Zero   RW         7780    .bss                app_serial.o
    0x24005ac0        -       0x00000070   Zero   RW         8089    .bss                dev_serial.o
    0x24005b30        -       0x000000b0   Zero   RW         8335    .bss                protocol_judgement.o
    0x24005be0        -       0x00000349   Zero   RW         8477    .bss                protocol_ui.o
    0x24005f29   0x0800e7ba   0x00000003   PAD
    0x24005f2c        -       0x00000060   Zero   RW         9165    .bss                c_w.l(libspace.o)
    0x24005f8c   0x0800e7ba   0x00000004   PAD
    0x24005f90        -       0x00001000   Zero   RW            2    HEAP                startup_stm32h723xx.o
    0x24006f90        -       0x00000400   Zero   RW            1    STACK               startup_stm32h723xx.o


==============================================================================

Image component sizes


      Code (inc. data)   RO Data    RW Data    ZI Data      Debug   Object Name

        24          6          0          0        112       5246   app_preference.o
      1456        170          4          0         68       8832   app_serial.o
       312         36          4          0       1856     967693   chassis_task.o
       430         38          0          4       1720      70543   cmsis_os2.o
       208         28          4         15         92     941877   correspond_task.o
       438         92          4          0        112       6513   dev_serial.o
       116          4          0          0          0        870   dma.o
        56          0          0          0          0       2656   drivers_buffer.o
       632         10          0          0          0       1415   drivers_dma.o
       156          4          0          0          0       3192   drivers_statistic.o
         0          0          0          0          0      19292   event_groups.o
       434        168        627         72          0      10121   freertos.o
       168         10          0          0          0       1031   gpio.o
       532         10          0          0        504       5611   guard_task.o
       724         74          0         32      15360       4843   heap_4.o
       148          0          0          0          0       3554   list.o
       268         10          0          0          0    1178863   main.o
       664        108          4         24        104     952897   message_task.o
      1014         92          0         12          0      11533   port.o
       282         20        768          2          0       4952   protocol_crc.o
       218          0          0          0          0       1053   protocol_dbus.o
       368         16          0         10        176       8462   protocol_judgement.o
      3488         38          0          0        841      17411   protocol_ui.o
      2012         20          0          0         64      18134   queue.o
        10          0          0          0          0       1702   rtossystem_task.o
        64         26        716          0       5120        820   startup_stm32h723xx.o
       132         30          0          9          0      22202   stm32h7xx_hal.o
       258         22          0          0          0      39134   stm32h7xx_hal_cortex.o
      8650        164          8          0          0      13174   stm32h7xx_hal_dma.o
       508         50          0          0          0       2156   stm32h7xx_hal_gpio.o
        48          6          0          0          0        890   stm32h7xx_hal_msp.o
        96          6          0          0          0        753   stm32h7xx_hal_pwr_ex.o
      3496        120          0          0          0       7417   stm32h7xx_hal_rcc.o
      5140        112          0          0          0       7177   stm32h7xx_hal_rcc_ex.o
      3184        302          0          0          0      17668   stm32h7xx_hal_tim.o
       234         38          0          0          0       3192   stm32h7xx_hal_tim_ex.o
       148         20          0          0         76       1535   stm32h7xx_hal_timebase_tim.o
      6094        222         24          0          0      41011   stm32h7xx_hal_uart.o
       360         10         16          0          0       5378   stm32h7xx_hal_uart_ex.o
       238         56          0          0          0       7510   stm32h7xx_it.o
         0          0          0          0          0        384   stream_buffer.o
       224         32         16          8          0       1326   system_stm32h7xx.o
      2808        346          0         60       1220      26914   tasks.o
       304         16          0          0         76       2400   tim.o
      1318        124          0         20        280      30071   timers.o
      3584        160          4          1        232       4879   uidraw_task.o
      1384         96          0          0       1192       4370   usart.o

    ----------------------------------------------------------------------
     52472       2912       2232        276      29208    4488657   Object Totals
         0          0         32          0          0          0   (incl. Generated)
        42          0          1          7          3          0   (incl. Padding)

    ----------------------------------------------------------------------

      Code (inc. data)   RO Data    RW Data    ZI Data      Debug   Library Member Name

         0          0       2052          0          0       4636   arm_common_tables.o
       120         12          0          0          0      16970   arm_cos_f32.o
       116         12          0          0          0        658   arm_sin_f32.o
         8          0          0          0          0         68   __main.o
         0          0          0          0          0          0   __rtentry.o
        12          0          0          0          0          0   __rtentry2.o
         6          0          0          0          0          0   __rtentry4.o
        52          8          0          0          0          0   __scatter.o
        26          0          0          0          0          0   __scatter_copy.o
        28          0          0          0          0          0   __scatter_zi.o
        22          0          0          0          0         80   abort.o
        46          0          0          0          0         84   aeabi_atexit.o
        16          0          0          0          0         68   aeabi_memset.o
        66          0          0          0          0         84   cxa_finalize.o
        48         34          0          0          0         76   defsig_abrt_inner.o
        14          0          0          0          0         80   defsig_abrt_outer.o
        10          0          0          0          0         68   defsig_exit.o
        50          0          0          0          0         88   defsig_general.o
        80         58          0          0          0         76   defsig_rtmem_inner.o
        14          0          0          0          0         80   defsig_rtmem_outer.o
        18          0          0          0          0         80   exit.o
        94          0          0          0          0         80   h1_alloc.o
        52          0          0          0          0         68   h1_extend.o
        78          0          0          0          0         80   h1_free.o
        14          0          0          0          0         84   h1_init.o
         6          0          0          0          0        152   heapauxi.o
         4          0          0          0          0        136   hguard.o
         0          0          0          0          0          0   indicate_semi.o
        36         10          0          0          0         80   init_aeabi.o
       138          0          0          0          0        168   init_alloc.o
         2          0          0          0          0          0   libinit.o
        18          0          0          0          0          0   libinit2.o
         2          0          0          0          0          0   libshutdown.o
         8          0          0          0          0          0   libshutdown2.o
         8          4          0          0         96         68   libspace.o
       238          0          0          0          0        100   lludivv7m.o
         0          0          0          0          0          0   maybetermalloc1.o
         8          4          0          0          0         68   rt_ddtor_pointer_addr_intlibspace.o
         8          4          0          0          0         68   rt_eh_globals_addr_intlibspace.o
         8          4          0          0          0         68   rt_heap_descriptor_intlibspace.o
        68          0          0          0          0         68   rt_memclr.o
        78          0          0          0          0         80   rt_memclr_w.o
       138          0          0          0          0         68   rt_memcpy_v6.o
       100          0          0          0          0         80   rt_memcpy_w.o
         8          4          0          0          0         68   rt_new_handler_addr_intlibspace.o
         2          0          0          0          0          0   rtexit.o
        10          0          0          0          0          0   rtexit2.o
        12          4          0          0          0         68   sys_exit.o
        74          0          0          0          0         80   sys_stackheap_outer.o
        14          0          0          0          0         76   sys_wrch.o
         2          0          0          0          0         68   use_no_semi.o
        36          0          0          0          0         84   aeabi_vec_ctor_nocookie_nodtor.o
        34          0          0          0          0         84   aeabi_vec_dtor_noexceptions.o
        80         12          0          0          0        104   arm_exceptions_globs.o
        60          0          0          0          0        108   arm_exceptions_mem.o
        26          0          0          0          0         76   arm_exceptions_terminate.o
         4          0          0          0          0         68   arm_newhandler_noexceptions.o
         8          0          0          0          0         76   array_new.o
        40          6          0          0          0         76   new.o
        10          0          0          0          0        116   fpinit.o

    ----------------------------------------------------------------------
      2292        176       2052          0        100      25864   Library Totals
        14          0          0          0          4          0   (incl. Padding)

    ----------------------------------------------------------------------

      Code (inc. data)   RO Data    RW Data    ZI Data      Debug   Library Name

       236         24       2052          0          0      22264   arm_cortexM4lf_math.lib
      1744        134          0          0         96       2808   c_w.l
       288         18          0          0          0        676   cpprt_w.l
        10          0          0          0          0        116   g_wv.l

    ----------------------------------------------------------------------
      2292        176       2052          0        100      25864   Library Totals

    ----------------------------------------------------------------------

==============================================================================


      Code (inc. data)   RO Data    RW Data    ZI Data      Debug   

     54764       3088       4284        276      29308    4485493   Grand Totals
     54764       3088       4284        276      29308    4485493   ELF Image Totals
     54764       3088       4284        276          0          0   ROM Totals

==============================================================================

    Total RO  Size (Code + RO Data)                59048 (  57.66kB)
    Total RW  Size (RW Data + ZI Data)             29584 (  28.89kB)
    Total ROM Size (Code + RO Data + RW Data)      59324 (  57.93kB)

==============================================================================

